Component: ARM Compiler 5.06 update 7 (build 960) Tool: armlink [4d3601]

==============================================================================

Section Cross References

    main.o(i.main) refers to delay.o(i.delay_init) for delay_init
    main.o(i.main) refers to os_core.o(i.OSInit) for OSInit
    main.o(i.main) refers to cpu_a.o(.text) for CPU_SR_Save
    main.o(i.main) refers to start_task.o(i.StartTaskCreate) for StartTaskCreate
    main.o(i.main) refers to os_core.o(i.OSStart) for OSStart
    system_stm32f4xx.o(i.SystemCoreClockUpdate) refers to system_stm32f4xx.o(.data) for SystemCoreClock
    system_stm32f4xx.o(i.SystemInit) refers to system_stm32f4xx.o(i.SetSysClock) for SetSysClock
    gimbal_task.o(i.Gimbal_task) refers to os_time.o(i.OSTimeDly) for OSTimeDly
    chasis_task.o(i.Chasis_task) refers to can1.o(i.setMotorTargetPosition) for setMotorTargetPosition
    chasis_task.o(i.Chasis_task) refers to os_time.o(i.OSTimeDly) for OSTimeDly
    chasis_task.o(i.Chasis_task) refers to uart3.o(.bss) for snake_motor_position
    gun_task.o(i.Gun_task) refers to os_time.o(i.OSTimeDly) for OSTimeDly
    gun_task.o(i.tmr1_callback) refers to gun_task.o(.data) for continue_flag
    start_task.o(i.Init_task) refers to misc.o(i.NVIC_PriorityGroupConfig) for NVIC_PriorityGroupConfig
    start_task.o(i.Init_task) refers to gpio.o(i.User_GPIO_Init) for User_GPIO_Init
    start_task.o(i.Init_task) refers to can1.o(i.CAN1_Init) for CAN1_Init
    start_task.o(i.Init_task) refers to can1.o(i.motorEnable) for motorEnable
    start_task.o(i.Init_task) refers to can1.o(i.setMotorTargetCurrent) for setMotorTargetCurrent
    start_task.o(i.Init_task) refers to can1.o(i.setMotorTargetSpeed) for setMotorTargetSpeed
    start_task.o(i.Init_task) refers to can1.o(i.setMotorTargetAcspeed) for setMotorTargetAcspeed
    start_task.o(i.Init_task) refers to can1.o(i.setMotorTargetDespeed) for setMotorTargetDespeed
    start_task.o(i.Init_task) refers to delay.o(i.delay_us) for delay_us
    start_task.o(i.Init_task) refers to can2.o(i.CAN2_Init) for CAN2_Init
    start_task.o(i.Init_task) refers to uart3.o(i.TX2_USART3_Init) for TX2_USART3_Init
    start_task.o(i.Init_task) refers to pwm.o(i.TIM2_PWM_Init) for TIM2_PWM_Init
    start_task.o(i.Init_task) refers to pwm.o(i.TIM4_PWM_Init) for TIM4_PWM_Init
    start_task.o(i.Init_task) refers to pwm.o(i.TIM5_PWM_Init) for TIM5_PWM_Init
    start_task.o(i.Init_task) refers to pwm.o(i.TIM8_PWM_Init) for TIM8_PWM_Init
    start_task.o(i.Init_task) refers to usart69050.o(i.USART6_init) for USART6_init
    start_task.o(i.Init_task) refers to os_task.o(i.OS_TaskResume) for OS_TaskResume
    start_task.o(i.Init_task) refers to os_task.o(i.OS_TaskSuspend) for OS_TaskSuspend
    start_task.o(i.Init_task) refers to start_task.o(.bss) for CHASISTaskTCB
    start_task.o(i.StartTaskCreate) refers to os_task.o(i.OSTaskCreate) for OSTaskCreate
    start_task.o(i.StartTaskCreate) refers to start_task.o(.bss) for START_TASK_STK
    start_task.o(i.StartTaskCreate) refers to start_task.o(i.start_task) for start_task
    start_task.o(i.start_task) refers to cpu_core.o(i.CPU_Init) for CPU_Init
    start_task.o(i.start_task) refers to os_stat.o(i.OSStatTaskCPUUsageInit) for OSStatTaskCPUUsageInit
    start_task.o(i.start_task) refers to delay.o(i.delay_ms) for delay_ms
    start_task.o(i.start_task) refers to os_tmr.o(i.OSTmrCreate) for OSTmrCreate
    start_task.o(i.start_task) refers to cpu_a.o(.text) for CPU_SR_Save
    start_task.o(i.start_task) refers to os_task.o(i.OSTaskCreate) for OSTaskCreate
    start_task.o(i.start_task) refers to gun_task.o(i.tmr1_callback) for tmr1_callback
    start_task.o(i.start_task) refers to start_task.o(.bss) for tmr1
    start_task.o(i.start_task) refers to gun_task.o(i.tmr2_callback) for tmr2_callback
    start_task.o(i.start_task) refers to start_task.o(i.Init_task) for Init_task
    start_task.o(i.start_task) refers to chasis_task.o(i.Chasis_task) for Chasis_task
    start_task.o(i.start_task) refers to gimbal_task.o(i.Gimbal_task) for Gimbal_task
    start_task.o(i.start_task) refers to gun_task.o(i.Gun_task) for Gun_task
    startup_stm32f427xx.o(STACK) refers (Special) to heapauxi.o(.text) for __use_two_region_memory
    startup_stm32f427xx.o(HEAP) refers (Special) to heapauxi.o(.text) for __use_two_region_memory
    startup_stm32f427xx.o(RESET) refers (Special) to heapauxi.o(.text) for __use_two_region_memory
    startup_stm32f427xx.o(RESET) refers to startup_stm32f427xx.o(STACK) for __initial_sp
    startup_stm32f427xx.o(RESET) refers to startup_stm32f427xx.o(.text) for Reset_Handler
    startup_stm32f427xx.o(RESET) refers to stm32f4xx_it.o(i.NMI_Handler) for NMI_Handler
    startup_stm32f427xx.o(RESET) refers to stm32f4xx_it.o(i.HardFault_Handler) for HardFault_Handler
    startup_stm32f427xx.o(RESET) refers to stm32f4xx_it.o(i.MemManage_Handler) for MemManage_Handler
[...]
    OSStatTaskCPUUsageInit                   0x08002c95   Thumb Code   212  os_stat.o(i.OSStatTaskCPUUsageInit)
    OSStatTaskHook                           0x08002d85   Thumb Code    16  os_cpu_c.o(i.OSStatTaskHook)
    OSTaskCreate                             0x08002d99   Thumb Code   396  os_task.o(i.OSTaskCreate)
    OSTaskCreateHook                         0x08002f39   Thumb Code    20  os_cpu_c.o(i.OSTaskCreateHook)
    OSTaskDel                                0x08002f51   Thumb Code   278  os_task.o(i.OSTaskDel)
    OSTaskDelHook                            0x08003079   Thumb Code    20  os_cpu_c.o(i.OSTaskDelHook)
    OSTaskResume                             0x08003091   Thumb Code    96  os_task.o(i.OSTaskResume)
    OSTaskReturnHook                         0x080030f9   Thumb Code    20  os_cpu_c.o(i.OSTaskReturnHook)
    OSTaskSemPend                            0x08003111   Thumb Code   464  os_task.o(i.OSTaskSemPend)
    OSTaskSemPost                            0x080032ed   Thumb Code    62  os_task.o(i.OSTaskSemPost)
    OSTaskStkChk                             0x0800332d   Thumb Code   204  os_task.o(i.OSTaskStkChk)
    OSTaskStkInit                            0x08003401   Thumb Code   600  os_cpu_c.o(i.OSTaskStkInit)
    OSTaskSuspend                            0x0800365d   Thumb Code    48  os_task.o(i.OSTaskSuspend)
    OSTaskSwHook                             0x08003695   Thumb Code   120  os_cpu_c.o(i.OSTaskSwHook)
    OSTimeDly                                0x0800371d   Thumb Code   182  os_time.o(i.OSTimeDly)
    OSTimeTick                               0x080037e1   Thumb Code    50  os_time.o(i.OSTimeTick)
    OSTimeTickHook                           0x08003825   Thumb Code    16  os_cpu_c.o(i.OSTimeTickHook)
    OSTmrCreate                              0x08003839   Thumb Code   192  os_tmr.o(i.OSTmrCreate)
    OS_Dbg_Init                              0x08003905   Thumb Code   144  os_dbg.o(i.OS_Dbg_Init)
    OS_FlagInit                              0x08003aad   Thumb Code    14  os_flag.o(i.OS_FlagInit)
    OS_IdleTask                              0x08003ac5   Thumb Code    60  os_core.o(i.OS_IdleTask)
    OS_IdleTaskInit                          0x08003b09   Thumb Code    66  os_core.o(i.OS_IdleTaskInit)
    OS_MemInit                               0x08003b79   Thumb Code    14  os_mem.o(i.OS_MemInit)
    OS_MsgPoolCreate                         0x08003b91   Thumb Code    54  os_msg.o(i.OS_MsgPoolCreate)
    OS_MsgPoolInit                           0x08003bc9   Thumb Code    70  os_msg.o(i.OS_MsgPoolInit)
    OS_MsgQFreeAll                           0x08003c1d   Thumb Code    62  os_msg.o(i.OS_MsgQFreeAll)
    OS_MsgQInit                              0x08003c61   Thumb Code    14  os_msg.o(i.OS_MsgQInit)
    OS_MutexInit                             0x08003c71   Thumb Code    14  os_mutex.o(i.OS_MutexInit)
    OS_Pend                                  0x08003c89   Thumb Code    98  os_core.o(i.OS_Pend)
    OS_PendDataInit                          0x08003cf1   Thumb Code    38  os_core.o(i.OS_PendDataInit)
    OS_PendDbgNameAdd                        0x08003d19   Thumb Code    66  os_core.o(i.OS_PendDbgNameAdd)
    OS_PendDbgNameRemove                     0x08003d75   Thumb Code    30  os_core.o(i.OS_PendDbgNameRemove)
    OS_PendListInsertPrio                    0x08003d99   Thumb Code   102  os_core.o(i.OS_PendListInsertPrio)
    OS_PendListRemove                        0x08003dff   Thumb Code    48  os_core.o(i.OS_PendListRemove)
    OS_PendListRemove1                       0x08003e2f   Thumb Code    66  os_core.o(i.OS_PendListRemove1)
    OS_Post                                  0x08003e71   Thumb Code   192  os_core.o(i.OS_Post)
    OS_Post1                                 0x08003f31   Thumb Code    42  os_core.o(i.OS_Post1)
    OS_PrioGetHighest                        0x08003f5d   Thumb Code    36  os_prio.o(i.OS_PrioGetHighest)
    OS_PrioInit                              0x08003f85   Thumb Code    20  os_prio.o(i.OS_PrioInit)
    OS_PrioInsert                            0x08003f9d   Thumb Code    32  os_prio.o(i.OS_PrioInsert)
    OS_PrioRemove                            0x08003fc1   Thumb Code    32  os_prio.o(i.OS_PrioRemove)
    OS_QInit                                 0x08003fe5   Thumb Code    14  os_q.o(i.OS_QInit)
    OS_RdyListInit                           0x08003ffd   Thumb Code    32  os_core.o(i.OS_RdyListInit)
    OS_RdyListInsert                         0x08004021   Thumb Code    40  os_core.o(i.OS_RdyListInsert)
    OS_RdyListInsertHead                     0x0800404d   Thumb Code    58  os_core.o(i.OS_RdyListInsertHead)
    OS_RdyListInsertTail                     0x0800408d   Thumb Code    56  os_core.o(i.OS_RdyListInsertTail)
    OS_RdyListRemove                         0x080040c9   Thumb Code    86  os_core.o(i.OS_RdyListRemove)
    OS_SchedLockTimeMeasStart                0x08004125   Thumb Code    20  os_core.o(i.OS_SchedLockTimeMeasStart)
    OS_SchedLockTimeMeasStop                 0x08004141   Thumb Code    44  os_core.o(i.OS_SchedLockTimeMeasStop)
    OS_SemInit                               0x0800417d   Thumb Code    14  os_sem.o(i.OS_SemInit)
    OS_StatTask                              0x08004195   Thumb Code   686  os_stat.o(i.OS_StatTask)
    OS_StatTaskInit                          0x08004481   Thumb Code   136  os_stat.o(i.OS_StatTaskInit)
    OS_TaskBlock                             0x0800454d   Thumb Code    56  os_core.o(i.OS_TaskBlock)
    OS_TaskDbgListAdd                        0x08004585   Thumb Code    42  os_task.o(i.OS_TaskDbgListAdd)
    OS_TaskDbgListRemove                     0x080045b5   Thumb Code    64  os_task.o(i.OS_TaskDbgListRemove)
    OS_TaskInit                              0x080045f9   Thumb Code    18  os_task.o(i.OS_TaskInit)
    OS_TaskInitTCB                           0x08004619   Thumb Code   186  os_task.o(i.OS_TaskInitTCB)
    OS_TaskRdy                               0x080046e1   Thumb Code    28  os_core.o(i.OS_TaskRdy)
    OS_TaskResume                            0x080046fd   Thumb Code   256  os_task.o(i.OS_TaskResume)
    OS_TaskReturn                            0x080047fd   Thumb Code    20  os_task.o(i.OS_TaskReturn)
    OS_TaskSemPost                           0x08004815   Thumb Code   448  os_task.o(i.OS_TaskSemPost)
    OS_TaskSuspend                           0x080049d9   Thumb Code   272  os_task.o(i.OS_TaskSuspend)
    OS_TickListInit                          0x08004af1   Thumb Code    32  os_tick.o(i.OS_TickListInit)
    OS_TickListInsert                        0x08004b19   Thumb Code   430  os_tick.o(i.OS_TickListInsert)
    OS_TickListRemove                        0x08004cd5   Thumb Code    56  os_tick.o(i.OS_TickListRemove)
    OS_TickListResetPeak                     0x08004d0d   Thumb Code    28  os_tick.o(i.OS_TickListResetPeak)
    OS_TickListUpdate                        0x08004d31   Thumb Code   376  os_tick.o(i.OS_TickListUpdate)
    OS_TickTask                              0x08004eb9   Thumb Code    38  os_tick.o(i.OS_TickTask)
    OS_TickTaskInit                          0x08004ee5   Thumb Code   128  os_tick.o(i.OS_TickTaskInit)
    OS_TmrDbgListAdd                         0x08004f9d   Thumb Code    34  os_tmr.o(i.OS_TmrDbgListAdd)
    OS_TmrInit                               0x08004fc5   Thumb Code   206  os_tmr.o(i.OS_TmrInit)
    OS_TmrLink                               0x080050ed   Thumb Code   196  os_tmr.o(i.OS_TmrLink)
    OS_TmrResetPeak                          0x080051bd   Thumb Code    28  os_tmr.o(i.OS_TmrResetPeak)
    OS_TmrTask                               0x080051e1   Thumb Code   176  os_tmr.o(i.OS_TmrTask)
    OS_TmrUnlink                             0x080052a1   Thumb Code    72  os_tmr.o(i.OS_TmrUnlink)
    Packet_Decode                            0x0800546d   Thumb Code   396  packet.o(i.Packet_Decode)
    Packet_DecodeInit                        0x08005611   Thumb Code    24  packet.o(i.Packet_DecodeInit)
    RCC_AHB1PeriphClockCmd                   0x08005631   Thumb Code    26  stm32f4xx_rcc.o(i.RCC_AHB1PeriphClockCmd)
    RCC_APB1PeriphClockCmd                   0x08005651   Thumb Code    26  stm32f4xx_rcc.o(i.RCC_APB1PeriphClockCmd)
    RCC_APB1PeriphResetCmd                   0x08005671   Thumb Code    26  stm32f4xx_rcc.o(i.RCC_APB1PeriphResetCmd)
    RCC_APB2PeriphClockCmd                   0x08005691   Thumb Code    26  stm32f4xx_rcc.o(i.RCC_APB2PeriphClockCmd)
    RCC_APB2PeriphResetCmd                   0x080056b1   Thumb Code    26  stm32f4xx_rcc.o(i.RCC_APB2PeriphResetCmd)
    RCC_GetClocksFreq                        0x080056d1   Thumb Code   214  stm32f4xx_rcc.o(i.RCC_GetClocksFreq)
    RemoteDataProcess                        0x080057b9   Thumb Code   698  uart1.o(i.RemoteDataProcess)
    SVC_Handler                              0x08005aa1   Thumb Code     2  stm32f4xx_it.o(i.SVC_Handler)
    StartTaskCreate                          0x08005bc5   Thumb Code    54  start_task.o(i.StartTaskCreate)
    SysTick_CLKSourceConfig                  0x08005c15   Thumb Code    40  misc.o(i.SysTick_CLKSourceConfig)
    SysTick_Handler                          0x08005c3d   Thumb Code    52  delay.o(i.SysTick_Handler)
    SystemInit                               0x08005c75   Thumb Code    88  system_stm32f4xx.o(i.SystemInit)
    TIM2_PWM_Init                            0x08005cdd   Thumb Code   260  pwm.o(i.TIM2_PWM_Init)
    TIM4_PWM_Init                            0x08005de5   Thumb Code   250  pwm.o(i.TIM4_PWM_Init)
    TIM5_PWM_Init                            0x08005ee9   Thumb Code   216  pwm.o(i.TIM5_PWM_Init)
    TIM8_PWM_Init                            0x08005fc9   Thumb Code   246  pwm.o(i.TIM8_PWM_Init)
    TIM_ARRPreloadConfig                     0x080060c9   Thumb Code    24  stm32f4xx_tim.o(i.TIM_ARRPreloadConfig)
    TIM_Cmd                                  0x080060e1   Thumb Code    24  stm32f4xx_tim.o(i.TIM_Cmd)
    TIM_CtrlPWMOutputs                       0x080060f9   Thumb Code    30  stm32f4xx_tim.o(i.TIM_CtrlPWMOutputs)
    TIM_OC1Init                              0x08006119   Thumb Code   114  stm32f4xx_tim.o(i.TIM_OC1Init)
    TIM_OC1PreloadConfig                     0x08006195   Thumb Code    18  stm32f4xx_tim.o(i.TIM_OC1PreloadConfig)
    TIM_OC2Init                              0x080061a9   Thumb Code   154  stm32f4xx_tim.o(i.TIM_OC2Init)
    TIM_OC2PreloadConfig                     0x0800624d   Thumb Code    26  stm32f4xx_tim.o(i.TIM_OC2PreloadConfig)
    TIM_OC3Init                              0x08006269   Thumb Code   150  stm32f4xx_tim.o(i.TIM_OC3Init)
    TIM_OC3PreloadConfig                     0x08006309   Thumb Code    18  stm32f4xx_tim.o(i.TIM_OC3PreloadConfig)
    TIM_OC4Init                              0x0800631d   Thumb Code   112  stm32f4xx_tim.o(i.TIM_OC4Init)
    TIM_OC4PreloadConfig                     0x08006395   Thumb Code    26  stm32f4xx_tim.o(i.TIM_OC4PreloadConfig)
    TIM_TimeBaseInit                         0x080063b1   Thumb Code   104  stm32f4xx_tim.o(i.TIM_TimeBaseInit)
    TX2_Transmit_Start                       0x08006435   Thumb Code    36  uart3.o(i.TX2_Transmit_Start)
    TX2_USART3_Init                          0x08006461   Thumb Code   164  uart3.o(i.TX2_USART3_Init)
    UART8_IRQHandler                         0x0800650d   Thumb Code   168  judge_system.o(i.UART8_IRQHandler)
    USART1_IRQHandler                        0x080065bd   Thumb Code   156  uart1.o(i.USART1_IRQHandler)
    USART3_IRQHandler                        0x08006665   Thumb Code   424  uart3.o(i.USART3_IRQHandler)
    USART6_IRQHandler                        0x08006831   Thumb Code    50  usart69050.o(i.USART6_IRQHandler)
    USART6_init                              0x08006869   Thumb Code   188  usart69050.o(i.USART6_init)
    USART_ClearFlag                          0x0800692d   Thumb Code    18  stm32f4xx_usart.o(i.USART_ClearFlag)
    USART_ClearITPendingBit                  0x0800693f   Thumb Code    30  stm32f4xx_usart.o(i.USART_ClearITPendingBit)
    USART_Cmd                                0x0800695d   Thumb Code    24  stm32f4xx_usart.o(i.USART_Cmd)
    USART_DeInit                             0x08006975   Thumb Code   206  stm32f4xx_usart.o(i.USART_DeInit)
    USART_GetFlagStatus                      0x08006a65   Thumb Code    26  stm32f4xx_usart.o(i.USART_GetFlagStatus)
    USART_GetITStatus                        0x08006a7f   Thumb Code    84  stm32f4xx_usart.o(i.USART_GetITStatus)
    USART_ITConfig                           0x08006ad3   Thumb Code    74  stm32f4xx_usart.o(i.USART_ITConfig)
    USART_Init                               0x08006b1d   Thumb Code   204  stm32f4xx_usart.o(i.USART_Init)
    USART_ReceiveData                        0x08006bf1   Thumb Code    10  stm32f4xx_usart.o(i.USART_ReceiveData)
    USART_SendData                           0x08006bfb   Thumb Code     8  stm32f4xx_usart.o(i.USART_SendData)
    UsageFault_Handler                       0x08006c03   Thumb Code     4  stm32f4xx_it.o(i.UsageFault_Handler)
    User_GPIO_Init                           0x08006c09   Thumb Code   308  gpio.o(i.User_GPIO_Init)
    calc_crc16_modbus                        0x08006d55   Thumb Code    40  uart3.o(i.calc_crc16_modbus)
    delay_init                               0x08006dbd   Thumb Code    94  delay.o(i.delay_init)
    delay_ms                                 0x08006e2d   Thumb Code    72  delay.o(i.delay_ms)
    delay_us                                 0x08006e81   Thumb Code    90  delay.o(i.delay_us)
    imu_data_decode_init                     0x08006ee1   Thumb Code    14  imu_data_decode.o(i.imu_data_decode_init)
    main                                     0x08006ef9   Thumb Code    58  main.o(i.main)
    motorEnable                              0x08006f35   Thumb Code    76  can1.o(i.motorEnable)
    setMotorTargetAcspeed                    0x08006f85   Thumb Code    76  can1.o(i.setMotorTargetAcspeed)
    setMotorTargetCurrent                    0x08006fd5   Thumb Code    76  can1.o(i.setMotorTargetCurrent)
    setMotorTargetDespeed                    0x08007025   Thumb Code    76  can1.o(i.setMotorTargetDespeed)
    setMotorTargetPosition                   0x08007075   Thumb Code    76  can1.o(i.setMotorTargetPosition)
    setMotorTargetSpeed                      0x080070c5   Thumb Code    76  can1.o(i.setMotorTargetSpeed)
    start_task                               0x08007115   Thumb Code   304  start_task.o(i.start_task)
    tmr1_callback                            0x080072c5   Thumb Code     8  gun_task.o(i.tmr1_callback)
    tmr2_callback                            0x080072d1   Thumb Code     2  gun_task.o(i.tmr2_callback)
    __aeabi_d2f                              0x080072d5   Thumb Code     0  d2f.o(x$fpl$d2f)
    _d2f                                     0x080072d5   Thumb Code    98  d2f.o(x$fpl$d2f)
    __aeabi_i2d                              0x08007337   Thumb Code     0  dflt_clz.o(x$fpl$dflt)
    _dflt                                    0x08007337   Thumb Code    46  dflt_clz.o(x$fpl$dflt)
    __aeabi_dmul                             0x08007365   Thumb Code     0  dmul.o(x$fpl$dmul)
    _dmul                                    0x08007365   Thumb Code   332  dmul.o(x$fpl$dmul)
    __fpl_dnaninf                            0x080074b9   Thumb Code   156  dnaninf.o(x$fpl$dnaninf)
    __fpl_dretinf                            0x08007555   Thumb Code    12  dretinf.o(x$fpl$dretinf)
    _fp_init                                 0x08007561   Thumb Code    10  fpinit.o(x$fpl$fpinit)
    __fplib_config_fpu_vfp                   0x08007569   Thumb Code     0  fpinit.o(x$fpl$fpinit)
    __fplib_config_pureend_doubles           0x08007569   Thumb Code     0  fpinit.o(x$fpl$fpinit)
    __fpl_fretinf                            0x0800756b   Thumb Code    10  fretinf.o(x$fpl$fretinf)
    __I$use$fp                               0x08007574   Number         0  usenofp.o(x$fpl$usenofp)
    OSCfg_IdleTaskStkBasePtr                 0x08007774   Data           4  os_cfg_app.o(.constdata)
    OSCfg_IdleTaskStkLimit                   0x08007778   Data           4  os_cfg_app.o(.constdata)
    OSCfg_IdleTaskStkSize                    0x0800777c   Data           4  os_cfg_app.o(.constdata)
    OSCfg_IdleTaskStkSizeRAM                 0x08007780   Data           4  os_cfg_app.o(.constdata)
    OSCfg_IntQBasePtr                        0x08007784   Data           4  os_cfg_app.o(.constdata)
    OSCfg_IntQSize                           0x08007788   Data           2  os_cfg_app.o(.constdata)
    OSCfg_IntQSizeRAM                        0x0800778c   Data           4  os_cfg_app.o(.constdata)
    OSCfg_IntQTaskStkBasePtr                 0x08007790   Data           4  os_cfg_app.o(.constdata)
    OSCfg_IntQTaskStkLimit                   0x08007794   Data           4  os_cfg_app.o(.constdata)
    OSCfg_IntQTaskStkSize                    0x08007798   Data           4  os_cfg_app.o(.constdata)
    OSCfg_IntQTaskStkSizeRAM                 0x0800779c   Data           4  os_cfg_app.o(.constdata)
    OSCfg_ISRStkBasePtr                      0x080077a0   Data           4  os_cfg_app.o(.constdata)
    OSCfg_ISRStkSize                         0x080077a4   Data           4  os_cfg_app.o(.constdata)
    OSCfg_ISRStkSizeRAM                      0x080077a8   Data           4  os_cfg_app.o(.constdata)
    OSCfg_MsgPoolSize                        0x080077ac   Data           2  os_cfg_app.o(.constdata)
    OSCfg_MsgPoolSizeRAM                     0x080077b0   Data           4  os_cfg_app.o(.constdata)
    OSCfg_MsgPoolBasePtr                     0x080077b4   Data           4  os_cfg_app.o(.constdata)
    OSCfg_StatTaskPrio                       0x080077b8   Data           1  os_cfg_app.o(.constdata)
    OSCfg_StatTaskRate_Hz                    0x080077bc   Data           4  os_cfg_app.o(.constdata)
    OSCfg_StatTaskStkBasePtr                 0x080077c0   Data           4  os_cfg_app.o(.constdata)
    OSCfg_StatTaskStkLimit                   0x080077c4   Data           4  os_cfg_app.o(.constdata)
    OSCfg_StatTaskStkSize                    0x080077c8   Data           4  os_cfg_app.o(.constdata)
    OSCfg_StatTaskStkSizeRAM                 0x080077cc   Data           4  os_cfg_app.o(.constdata)
    OSCfg_StkSizeMin                         0x080077d0   Data           4  os_cfg_app.o(.constdata)
    OSCfg_TickRate_Hz                        0x080077d4   Data           4  os_cfg_app.o(.constdata)
    OSCfg_TickTaskPrio                       0x080077d8   Data           1  os_cfg_app.o(.constdata)
    OSCfg_TickTaskStkBasePtr                 0x080077dc   Data           4  os_cfg_app.o(.constdata)
    OSCfg_TickTaskStkLimit                   0x080077e0   Data           4  os_cfg_app.o(.constdata)
    OSCfg_TickTaskStkSize                    0x080077e4   Data           4  os_cfg_app.o(.constdata)
    OSCfg_TickTaskStkSizeRAM                 0x080077e8   Data           4  os_cfg_app.o(.constdata)
    OSCfg_TickWheelSize                      0x080077ec   Data           2  os_cfg_app.o(.constdata)
    OSCfg_TickWheelSizeRAM                   0x080077f0   Data           4  os_cfg_app.o(.constdata)
    OSCfg_TmrTaskPrio                        0x080077f4   Data           1  os_cfg_app.o(.constdata)
    OSCfg_TmrTaskRate_Hz                     0x080077f8   Data           4  os_cfg_app.o(.constdata)
    OSCfg_TmrTaskStkBasePtr                  0x080077fc   Data           4  os_cfg_app.o(.constdata)
    OSCfg_TmrTaskStkLimit                    0x08007800   Data           4  os_cfg_app.o(.constdata)
    OSCfg_TmrTaskStkSize                     0x08007804   Data           4  os_cfg_app.o(.constdata)
    OSCfg_TmrTaskStkSizeRAM                  0x08007808   Data           4  os_cfg_app.o(.constdata)
    OSCfg_TmrWheelSize                       0x0800780c   Data           2  os_cfg_app.o(.constdata)
    OSCfg_TmrWheelSizeRAM                    0x08007810   Data           4  os_cfg_app.o(.constdata)
    OSCfg_DataSizeRAM                        0x08007814   Data           4  os_cfg_app.o(.constdata)
    OSDbg_DbgEn                              0x08007818   Data           2  os_dbg.o(.constdata)
    OSDbg_ArgChkEn                           0x0800781a   Data           1  os_dbg.o(.constdata)
    OSDbg_AppHooksEn                         0x0800781b   Data           1  os_dbg.o(.constdata)
    OSDbg_EndiannessTest                     0x0800781c   Data           4  os_dbg.o(.constdata)
    OSDbg_CalledFromISRChkEn                 0x08007820   Data           1  os_dbg.o(.constdata)
    OSDbg_FlagEn                             0x08007821   Data           1  os_dbg.o(.constdata)
    OSDbg_FlagGrp                            0x08007824   Data          40  os_dbg.o(.constdata)
    OSDbg_FlagDelEn                          0x0800784c   Data           1  os_dbg.o(.constdata)
    OSDbg_FlagModeClrEn                      0x0800784d   Data           1  os_dbg.o(.constdata)
    OSDbg_FlagPendAbortEn                    0x0800784e   Data           1  os_dbg.o(.constdata)
    OSDbg_FlagGrpSize                        0x08007850   Data           2  os_dbg.o(.constdata)
    OSDbg_FlagWidth                          0x08007852   Data           2  os_dbg.o(.constdata)
    OSDbg_IntQ                               0x08007854   Data           2  os_dbg.o(.constdata)
    OSDbg_ISRPostDeferredEn                  0x08007856   Data           1  os_dbg.o(.constdata)
    OSDbg_Mem                                0x08007858   Data          32  os_dbg.o(.constdata)
    OSDbg_MemEn                              0x08007878   Data           1  os_dbg.o(.constdata)
    OSDbg_MemSize                            0x0800787a   Data           2  os_dbg.o(.constdata)
    OSDbg_MsgEn                              0x0800787c   Data           1  os_dbg.o(.constdata)
    OSDbg_MsgSize                            0x0800787e   Data           2  os_dbg.o(.constdata)
    OSDbg_MsgPoolSize                        0x08007880   Data           2  os_dbg.o(.constdata)
    OSDbg_MsgQSize                           0x08007882   Data           2  os_dbg.o(.constdata)
    OSDbg_Mutex                              0x08007884   Data          44  os_dbg.o(.constdata)
    OSDbg_MutexEn                            0x080078b0   Data           1  os_dbg.o(.constdata)
    OSDbg_MutexDelEn                         0x080078b1   Data           1  os_dbg.o(.constdata)
    OSDbg_MutexPendAbortEn                   0x080078b2   Data           1  os_dbg.o(.constdata)
    OSDbg_MutexSize                          0x080078b4   Data           2  os_dbg.o(.constdata)
    OSDbg_ObjTypeChkEn                       0x080078b6   Data           1  os_dbg.o(.constdata)
    OSDbg_PendMultiEn                        0x080078b7   Data           1  os_dbg.o(.constdata)
    OSDbg_PendDataSize                       0x080078b8   Data           2  os_dbg.o(.constdata)
    OSDbg_PendListSize                       0x080078ba   Data           2  os_dbg.o(.constdata)
    OSDbg_PendObjSize                        0x080078bc   Data           2  os_dbg.o(.constdata)
    OSDbg_PrioMax                            0x080078be   Data           2  os_dbg.o(.constdata)
    OSDbg_PrioTblSize                        0x080078c0   Data           2  os_dbg.o(.constdata)
    OSDbg_PtrSize                            0x080078c2   Data           2  os_dbg.o(.constdata)
    OSDbg_Q                                  0x080078c4   Data          48  os_dbg.o(.constdata)
    OSDbg_QEn                                0x080078f4   Data           1  os_dbg.o(.constdata)
    OSDbg_QDelEn                             0x080078f5   Data           1  os_dbg.o(.constdata)
    OSDbg_QFlushEn                           0x080078f6   Data           1  os_dbg.o(.constdata)
    OSDbg_QPendAbortEn                       0x080078f7   Data           1  os_dbg.o(.constdata)
    OSDbg_QSize                              0x080078f8   Data           2  os_dbg.o(.constdata)
    OSDbg_SchedRoundRobinEn                  0x080078fa   Data           1  os_dbg.o(.constdata)
    OSDbg_Sem                                0x080078fc   Data          40  os_dbg.o(.constdata)
    OSDbg_SemEn                              0x08007924   Data           1  os_dbg.o(.constdata)
    OSDbg_SemDelEn                           0x08007925   Data           1  os_dbg.o(.constdata)
    OSDbg_SemPendAbortEn                     0x08007926   Data           1  os_dbg.o(.constdata)
    OSDbg_SemSetEn                           0x08007927   Data           1  os_dbg.o(.constdata)
    OSDbg_SemSize                            0x08007928   Data           2  os_dbg.o(.constdata)
    OSDbg_RdyList                            0x0800792a   Data           2  os_dbg.o(.constdata)
    OSDbg_RdyListSize                        0x0800792c   Data           4  os_dbg.o(.constdata)
    OSDbg_StkWidth                           0x08007930   Data           1  os_dbg.o(.constdata)
    OSDbg_StatTaskEn                         0x08007931   Data           1  os_dbg.o(.constdata)
    OSDbg_StatTaskStkChkEn                   0x08007932   Data           1  os_dbg.o(.constdata)
    OSDbg_TaskChangePrioEn                   0x08007933   Data           1  os_dbg.o(.constdata)
    OSDbg_TaskDelEn                          0x08007934   Data           1  os_dbg.o(.constdata)
    OSDbg_TaskQEn                            0x08007935   Data           1  os_dbg.o(.constdata)
    OSDbg_TaskQPendAbortEn                   0x08007936   Data           1  os_dbg.o(.constdata)
    OSDbg_TaskProfileEn                      0x08007937   Data           1  os_dbg.o(.constdata)
    OSDbg_TaskRegTblSize                     0x08007938   Data           2  os_dbg.o(.constdata)
    OSDbg_TaskSemPendAbortEn                 0x0800793a   Data           1  os_dbg.o(.constdata)
    OSDbg_TaskSuspendEn                      0x0800793b   Data           1  os_dbg.o(.constdata)
    OSDbg_TCBSize                            0x0800793c   Data           2  os_dbg.o(.constdata)
    OSDbg_TickSpokeSize                      0x0800793e   Data           2  os_dbg.o(.constdata)
    OSDbg_TimeDlyHMSMEn                      0x08007940   Data           1  os_dbg.o(.constdata)
    OSDbg_TimeDlyResumeEn                    0x08007941   Data           1  os_dbg.o(.constdata)
    OSDbg_TLS_TblSize                        0x08007942   Data           2  os_dbg.o(.constdata)
    OSDbg_Tmr                                0x08007944   Data          52  os_dbg.o(.constdata)
    OSDbg_TmrEn                              0x08007978   Data           1  os_dbg.o(.constdata)
    OSDbg_TmrDelEn                           0x08007979   Data           1  os_dbg.o(.constdata)
    OSDbg_TmrSize                            0x0800797a   Data           2  os_dbg.o(.constdata)
    OSDbg_TmrSpokeSize                       0x0800797c   Data           2  os_dbg.o(.constdata)
    OSDbg_VersionNbr                         0x0800797e   Data           2  os_dbg.o(.constdata)
    OSDbg_DataSize                           0x08007980   Data           4  os_dbg.o(.constdata)
    Region$$Table$$Base                      0x08007984   Number         0  anon$$obj.o(Region$$Table)
    Region$$Table$$Limit                     0x080079a4   Number         0  anon$$obj.o(Region$$Table)
    velo_206_output                          0x20000000   Data           4  gimbal_task.o(.data)
    output_205                               0x20000004   Data           2  gimbal_task.o(.data)
    output_206                               0x20000006   Data           2  gimbal_task.o(.data)
    AHRS_Yaw_angle                           0x20000008   Data           2  gimbal_task.o(.data)
    flag_100D2                               0x2000000a   Data           2  gimbal_task.o(.data)
    count_2006                               0x2000000c   Data           2  gimbal_task.o(.data)
    target_angle_Pitch1                      0x20000010   Data           4  gimbal_task.o(.data)
    target_angle_yaw1                        0x20000014   Data           4  gimbal_task.o(.data)
    last_bodan_anger                         0x20000018   Data           4  gimbal_task.o(.data)
    yaw_9050                                 0x2000001c   Data           4  gimbal_task.o(.data)
    pitch_9050                               0x20000020   Data           4  gimbal_task.o(.data)
    round_count                              0x20000024   Data           2  gimbal_task.o(.data)
    Yaw_9050                                 0x20000028   Data           8  gimbal_task.o(.data)
    target_anger_bodan_204                   0x20000030   Data           4  gimbal_task.o(.data)
    count_3508                               0x20000034   Data           4  gimbal_task.o(.data)
    this_angle_Pitch                         0x2000003c   Data           4  gimbal_task.o(.data)
    target_angle_Pitch                       0x20000040   Data           4  gimbal_task.o(.data)
    this_angle_Yaw                           0x20000044   Data           4  gimbal_task.o(.data)
    target_velo_201                          0x20000048   Data           2  gimbal_task.o(.data)
    output_201                               0x2000004a   Data           2  gimbal_task.o(.data)
    output_204                               0x2000004c   Data           2  gimbal_task.o(.data)
    gun_count                                0x20000050   Data           4  gimbal_task.o(.data)
    i_6                                      0x20000054   Data           4  gimbal_task.o(.data)
    i_8                                      0x20000058   Data           4  gimbal_task.o(.data)
    i_13                                     0x2000005c   Data           4  gimbal_task.o(.data)
    i_14                                     0x20000060   Data           4  gimbal_task.o(.data)
    i_16                                     0x20000064   Data           4  gimbal_task.o(.data)
    i_100                                    0x20000068   Data           4  gimbal_task.o(.data)
    gimbal_mode                              0x2000006c   Data           1  gimbal_task.o(.data)
    angle_3                                  0x20000070   Data           4  chasis_task.o(.data)
    angle_2                                  0x20000074   Data           4  chasis_task.o(.data)
    angle_11                                 0x20000078   Data           4  chasis_task.o(.data)
    output_202                               0x2000007c   Data           2  chasis_task.o(.data)
    output_203                               0x2000007e   Data           2  chasis_task.o(.data)
    target_velo_202                          0x20000080   Data           2  chasis_task.o(.data)
    target_velo_203                          0x20000082   Data           2  chasis_task.o(.data)
    target_velo_204                          0x20000084   Data           2  chasis_task.o(.data)
    Adc_Volt                                 0x20000086   Data           2  chasis_task.o(.data)
    limit_shift                              0x20000088   Data           2  chasis_task.o(.data)
    cap_error                                0x2000008a   Data           2  chasis_task.o(.data)
    error1                                   0x2000008c   Data           2  chasis_task.o(.data)
    error2                                   0x2000008e   Data           2  chasis_task.o(.data)
    error3                                   0x20000090   Data           2  chasis_task.o(.data)
    error4                                   0x20000092   Data           2  chasis_task.o(.data)
    anger_Vw                                 0x20000094   Data           8  chasis_task.o(.data)
    flag_Vw                                  0x2000009c   Data           1  chasis_task.o(.data)
    flag_chasis_mode_shift                   0x2000009d   Data           1  chasis_task.o(.data)
    count_chasis_mode_shift                  0x2000009e   Data           1  chasis_task.o(.data)
    sum_chasis_output                        0x200000a0   Data           4  chasis_task.o(.data)
    flag_chasis_turnback                     0x200000a4   Data           1  chasis_task.o(.data)
    flag_ahead                               0x200000a5   Data           1  chasis_task.o(.data)
    flag_capacitance_switch                  0x200000a6   Data           1  chasis_task.o(.data)
    last_chasis_mode                         0x200000a8   Data           2  chasis_task.o(.data)
    flag_chasis_spin_limit_off               0x200000aa   Data           1  chasis_task.o(.data)
    storage_swtich                           0x200000ab   Data           1  chasis_task.o(.data)
    flag_storage_on                          0x200000ac   Data           1  chasis_task.o(.data)
    chasis_mode                              0x200000b0   Data           1  chasis_task.o(.data)
    continue_flag                            0x200000b2   Data           1  gun_task.o(.data)
    target_V201_friction                     0x200000b4   Data           2  gun_task.o(.data)
    target_V202_friction                     0x200000b6   Data           2  gun_task.o(.data)
    target_V208_bodan                        0x200000b8   Data           2  gun_task.o(.data)
    target_anger_bodan_208                   0x200000ba   Data           2  gun_task.o(.data)
    output_201_firction                      0x200000bc   Data           2  gun_task.o(.data)
    output_202_firction                      0x200000be   Data           2  gun_task.o(.data)
    output_208_bodan                         0x200000c0   Data           2  gun_task.o(.data)
    flag_bodan                               0x200000c2   Data           2  gun_task.o(.data)
    flag_bodan_finish                        0x200000c4   Data           2  gun_task.o(.data)
    flag_count                               0x200000c6   Data           2  gun_task.o(.data)
    count_block                              0x200000c8   Data           2  gun_task.o(.data)
    count_turn                               0x200000ca   Data           2  gun_task.o(.data)
    flag1                                    0x200000cc   Data           2  gun_task.o(.data)
    flag2                                    0x200000ce   Data           2  gun_task.o(.data)
    count_bullet                             0x200000d0   Data           2  gun_task.o(.data)
    amount_42mm                              0x200000d2   Data           2  gun_task.o(.data)
    error_bodan                              0x200000d4   Data           4  gun_task.o(.data)
    error_bodan_min                          0x200000d8   Data           4  gun_task.o(.data)
    count_error_bo                           0x200000dc   Data           2  gun_task.o(.data)
    count_error                              0x200000de   Data           2  gun_task.o(.data)
    count_error_min                          0x200000e0   Data           2  gun_task.o(.data)
    speed_ready                              0x200000e2   Data           1  gun_task.o(.data)
    count_j                                  0x200000e4   Data           2  gun_task.o(.data)
    count_shift                              0x200000e6   Data           2  gun_task.o(.data)
    flag_friction_start                      0x200000e8   Data           1  gun_task.o(.data)
    flag_bo_finish                           0x200000e9   Data           1  gun_task.o(.data)
    error11                                  0x200000ea   Data           2  gun_task.o(.data)
    error22                                  0x200000ec   Data           2  gun_task.o(.data)
    last_fire_mode                           0x200000ee   Data           2  gun_task.o(.data)
    flag_V_shoot_mode_shift                  0x200000f0   Data           1  gun_task.o(.data)
    count_shoot_mode_shift                   0x200000f1   Data           1  gun_task.o(.data)
    flag_shoot_mode_shift                    0x200000f2   Data           1  gun_task.o(.data)
    friction_start                           0x200000f4   Data           2  gun_task.o(.data)
    shoot_speed_mode                         0x200000f6   Data           1  gun_task.o(.data)
    shoot_mode                               0x200000f7   Data           1  gun_task.o(.data)
    Vy                                       0x2000010c   Data           2  uart1.o(.data)
    Vx                                       0x2000010e   Data           2  uart1.o(.data)
    Vw                                       0x20000110   Data           2  uart1.o(.data)
    Vy_mid                                   0x20000112   Data           2  uart1.o(.data)
    Vx_mid                                   0x20000114   Data           2  uart1.o(.data)
    Vy_keyboard                              0x20000118   Data           4  uart1.o(.data)
    Vx_keyboard                              0x2000011c   Data           4  uart1.o(.data)
    Vy_rocker                                0x20000120   Data           2  uart1.o(.data)
    Vx_rocker                                0x20000122   Data           2  uart1.o(.data)
    keyboard                                 0x20000124   Data           4  uart1.o(.data)
    V_mousex                                 0x20000128   Data           4  uart1.o(.data)
    V_mousey                                 0x2000012c   Data           4  uart1.o(.data)
    flag_bo                                  0x20000130   Data           4  uart1.o(.data)
    mouse_x                                  0x20000134   Data           8  uart1.o(.data)
    mouse_y                                  0x2000013c   Data           8  uart1.o(.data)
    avemousex                                0x20000144   Data           4  uart1.o(.data)
    avemousey                                0x20000148   Data           4  uart1.o(.data)
    V_max                                    0x2000014c   Data           2  uart1.o(.data)
    V_min                                    0x2000014e   Data           2  uart1.o(.data)
    V_mid                                    0x20000150   Data           2  uart1.o(.data)
    acceleration_min                         0x20000154   Data           4  uart1.o(.data)
    acceleration_mid                         0x20000158   Data           4  uart1.o(.data)
    acceleration_max                         0x2000015c   Data           4  uart1.o(.data)
    acceleration_slowdown                    0x20000160   Data           4  uart1.o(.data)
    TeleCtrl_Rev_OK                          0x20000164   Data           1  uart1.o(.data)
    flag                                     0x20000168   Data           4  can1.o(.data)
    receive                                  0x2000016c   Data           8  can1.o(.data)
    adc_U                                    0x20000174   Data           2  can1.o(.data)
    currentPosition                          0x20000178   Data           8  can1.o(.data)
    currentSpeed                             0x20000180   Data           8  can1.o(.data)
    current                                  0x20000188   Data           8  can1.o(.data)
    can_tx_success_flag                      0x20000190   Data           1  can1.o(.data)
    Chasis_201_t                             0x20000192   Data           8  can1.o(.data)
    Chasis_202_t                             0x2000019a   Data           8  can1.o(.data)
    Chasis_203_t                             0x200001a2   Data           8  can1.o(.data)
    Chasis_204_t                             0x200001aa   Data           8  can1.o(.data)
    Bodan_208_t                              0x200001b2   Data           8  can1.o(.data)
    Gimbal_205_t                             0x200001ba   Data           6  can1.o(.data)
    Gimbal_206_t                             0x200001c0   Data           6  can1.o(.data)
    Gimbal_207_t                             0x200001c6   Data           6  can1.o(.data)
    Gimbal_208_t                             0x200001cc   Data           6  can1.o(.data)
    phase_2006                               0x200001d4   Data           4  can1.o(.data)
    phase_2006_bodan                         0x200001d8   Data           8  can1.o(.data)
    phase_mid_2006                           0x200001e0   Data           4  can1.o(.data)
    round_bodan_2006                         0x200001e4   Data           4  can1.o(.data)
    phase_6020                               0x200001e8   Data           8  can1.o(.data)
    round_6020_yaw                           0x200001f0   Data           4  can1.o(.data)
    anger_bodan_2006                         0x200001f4   Data           4  can1.o(.data)
    phase_6020_yaw                           0x200001f8   Data           4  can1.o(.data)
    angle_G2C                                0x200001fc   Data           4  can1.o(.data)
    Firction_201_t                           0x20000200   Data           8  can2.o(.data)
    Firction_202_t                           0x20000208   Data           8  can2.o(.data)
    Bodan_203_t                              0x20000210   Data           8  can2.o(.data)
    Bodan_204_t                              0x20000218   Data           8  can2.o(.data)
    phase_bodan                              0x20000220   Data           4  can2.o(.data)
    phase                                    0x20000224   Data           8  can2.o(.data)
    phase_mid                                0x2000022c   Data           4  can2.o(.data)
    round_bodan                              0x20000230   Data           2  can2.o(.data)
    Quaternion                               0x20000232   Data           8  can2.o(.data)
    angular_velocity                         0x2000023a   Data           8  can2.o(.data)
    acceleration                             0x20000242   Data           8  can2.o(.data)
    magnetic_field                           0x2000024a   Data           6  can2.o(.data)
    anger_bodan                              0x20000250   Data           4  can2.o(.data)
    anger_bodan_min                          0x20000254   Data           4  can2.o(.data)
    anger_pitch1                             0x20000258   Data           4  can2.o(.data)
    anger_yaw1                               0x2000025c   Data           4  can2.o(.data)
    pitch_angle                              0x20000260   Data           8  can2.o(.data)
    ecd_206_rate                             0x20000268   Data           2  can2.o(.data)
    round_206                                0x2000026a   Data           2  can2.o(.data)
    can2_tx_success_flag                     0x2000026c   Data           1  can2.o(.data)
    Receive                                  0x20000273   Data           1  uart3.o(.data)
    NewData_flag                             0x20000274   Data           1  uart3.o(.data)
    controller_address                       0x20000275   Data           1  uart3.o(.data)
    function_code                            0x20000276   Data           1  uart3.o(.data)
    CRC16_INIT                               0x20000278   Data           2  judge_system.o(.data)
    flag_level                               0x2000027a   Data           2  judge_system.o(.data)
    chassis_power                            0x2000027c   Data           2  judge_system.o(.data)
    heat_42mm                                0x2000027e   Data           4  judge_system.o(.data)
    Res                                      0x20000282   Data           1  judge_system.o(.data)
    CPU_TS_TmrFreq_Hz                        0x200002e4   Data           4  cpu_core.o(.data)
    OS_CPU_ExceptStkBase                     0x200002e8   Data           4  os_cpu_c.o(.data)
    OSPrioTbl                                0x200002ec   Data           8  os_prio.o(.data)
    OS_AppTaskCreateHookPtr                  0x200002f4   Data           4  os_var.o(.data)
    OS_AppTaskDelHookPtr                     0x200002f8   Data           4  os_var.o(.data)
    OS_AppTaskReturnHookPtr                  0x200002fc   Data           4  os_var.o(.data)
    OS_AppIdleTaskHookPtr                    0x20000300   Data           4  os_var.o(.data)
    OS_AppStatTaskHookPtr                    0x20000304   Data           4  os_var.o(.data)
    OS_AppTaskSwHookPtr                      0x20000308   Data           4  os_var.o(.data)
    OS_AppTimeTickHookPtr                    0x2000030c   Data           4  os_var.o(.data)
    OSIdleTaskCtr                            0x20000310   Data           4  os_var.o(.data)
    OSIntNestingCtr                          0x20000314   Data           1  os_var.o(.data)
    OSRunning                                0x20000315   Data           1  os_var.o(.data)
    OSFlagDbgListPtr                         0x20000318   Data           4  os_var.o(.data)
    OSFlagQty                                0x2000031c   Data           2  os_var.o(.data)
    OSMemDbgListPtr                          0x20000320   Data           4  os_var.o(.data)
    OSMemQty                                 0x20000324   Data           2  os_var.o(.data)
    OSMutexDbgListPtr                        0x20000328   Data           4  os_var.o(.data)
    OSMutexQty                               0x2000032c   Data           2  os_var.o(.data)
    OSPrioCur                                0x2000032e   Data           1  os_var.o(.data)
    OSPrioHighRdy                            0x2000032f   Data           1  os_var.o(.data)
    OSPrioSaved                              0x20000330   Data           1  os_var.o(.data)
    OSQDbgListPtr                            0x20000334   Data           4  os_var.o(.data)
    OSQQty                                   0x20000338   Data           2  os_var.o(.data)
    OSSchedLockTimeBegin                     0x2000033c   Data           4  os_var.o(.data)
    OSSchedLockTimeMax                       0x20000340   Data           4  os_var.o(.data)
    OSSchedLockTimeMaxCur                    0x20000344   Data           4  os_var.o(.data)
    OSSchedLockNestingCtr                    0x20000348   Data           1  os_var.o(.data)
    OSSemDbgListPtr                          0x2000034c   Data           4  os_var.o(.data)
    OSSemQty                                 0x20000350   Data           2  os_var.o(.data)
    OSStatResetFlag                          0x20000352   Data           1  os_var.o(.data)
    OSStatTaskCPUUsage                       0x20000354   Data           2  os_var.o(.data)
    OSStatTaskCPUUsageMax                    0x20000356   Data           2  os_var.o(.data)
    OSStatTaskCtr                            0x20000358   Data           4  os_var.o(.data)
    OSStatTaskCtrMax                         0x2000035c   Data           4  os_var.o(.data)
    OSStatTaskCtrRun                         0x20000360   Data           4  os_var.o(.data)
    OSStatTaskRdy                            0x20000364   Data           1  os_var.o(.data)
    OSStatTaskTimeMax                        0x20000368   Data           4  os_var.o(.data)
    OSTaskCtxSwCtr                           0x2000036c   Data           4  os_var.o(.data)
    OSTaskDbgListPtr                         0x20000370   Data           4  os_var.o(.data)
    OSTaskQty                                0x20000374   Data           2  os_var.o(.data)
    OSTaskRegNextAvailID                     0x20000376   Data           1  os_var.o(.data)
    OSTickCtr                                0x20000378   Data           4  os_var.o(.data)
    OSTickTaskTimeMax                        0x2000037c   Data           4  os_var.o(.data)
    OSTmrDbgListPtr                          0x20000380   Data           4  os_var.o(.data)
    OSTmrQty                                 0x20000384   Data           2  os_var.o(.data)
    OSTmrTaskTimeMax                         0x20000388   Data           4  os_var.o(.data)
    OSTmrTickCtr                             0x2000038c   Data           4  os_var.o(.data)
    OSTmrUpdateCnt                           0x20000390   Data           4  os_var.o(.data)
    OSTmrUpdateCtr                           0x20000394   Data           4  os_var.o(.data)
    OSTCBCurPtr                              0x20000398   Data           4  os_var.o(.data)
    OSTCBHighRdyPtr                          0x2000039c   Data           4  os_var.o(.data)
    StartTaskTCB                             0x200003a0   Data         196  start_task.o(.bss)
    START_TASK_STK                           0x20000464   Data         512  start_task.o(.bss)
    InitTaskTCB                              0x20000664   Data         196  start_task.o(.bss)
    INIT_TASK_STK                            0x20000728   Data         512  start_task.o(.bss)
    CHASISTaskTCB                            0x20000928   Data         196  start_task.o(.bss)
    CHASIS_TASK_STK                          0x200009ec   Data        2048  start_task.o(.bss)
    GIMBALTaskTCB                            0x200011ec   Data         196  start_task.o(.bss)
    GIMBAL_TASK_STK                          0x200012b0   Data        2048  start_task.o(.bss)
    GUNTaskTCB                               0x20001ab0   Data         196  start_task.o(.bss)
    GUN_TASK_STK                             0x20001b74   Data         512  start_task.o(.bss)
    tmr1                                     0x20001d74   Data          52  start_task.o(.bss)
    tmr2                                     0x20001da8   Data          52  start_task.o(.bss)
    sbus_rx_buffer                           0x20001ddc   Data          40  uart1.o(.bss)
    TelCtrlData                              0x20001e04   Data          20  uart1.o(.bss)
    Euler_angle                              0x20001e18   Data          12  can2.o(.bss)
    snake_motor_position                     0x20001f34   Data          48  uart3.o(.bss)
    Judge_Data                               0x20001f64   Data         100  judge_system.o(.bss)
    ext_game_robot_state                     0x20001fc8   Data          15  judge_system.o(.bss)
    ext_power_heat_data                      0x20001fd7   Data          14  judge_system.o(.bss)
    client_custom_data                       0x20001fe5   Data          19  judge_system.o(.bss)
    chassis_power_memory                     0x20001ff8   Data          40  judge_system.o(.bss)
    CPU_Name                                 0x200020c8   Data          16  cpu_core.o(.bss)
    OSCfg_IdleTaskStk                        0x200020d8   Data         512  os_cfg_app.o(.bss)
    OSCfg_ISRStk                             0x200022d8   Data         512  os_cfg_app.o(.bss)
    OSCfg_MsgPool                            0x200024d8   Data        1600  os_cfg_app.o(.bss)
    OSCfg_StatTaskStk                        0x20002b18   Data         512  os_cfg_app.o(.bss)
    OSCfg_TickTaskStk                        0x20002d18   Data         512  os_cfg_app.o(.bss)
    OSCfg_TickWheel                          0x20002f18   Data         136  os_cfg_app.o(.bss)
    OSCfg_TmrTaskStk                         0x20002fa0   Data         512  os_cfg_app.o(.bss)
    OSCfg_TmrWheel                           0x200031a0   Data         136  os_cfg_app.o(.bss)
    OSIdleTaskTCB                            0x20003228   Data         196  os_var.o(.bss)
    OSMsgPool                                0x200032ec   Data          12  os_var.o(.bss)
    OSRdyList                                0x200032f8   Data         768  os_var.o(.bss)
    OSStatTaskTCB                            0x200035f8   Data         196  os_var.o(.bss)
    OSTickTaskTCB                            0x200036bc   Data         196  os_var.o(.bss)
    OSTmrTaskTCB                             0x20003780   Data         196  os_var.o(.bss)
    __libspace_start                         0x20003844   Data          96  libspace.o(.bss)
    __temporary_stack_top$libspace           0x200038a4   Data           0  libspace.o(.bss)



==============================================================================

Memory Map of the image

  Image Entry point : 0x080001ad

  Load Region LR_IROM1 (Base: 0x08000000, Size: 0x00007d44, Max: 0x00200000, ABSOLUTE, COMPRESSED[0x00007a24])

    Execution Region ER_IROM1 (Exec base: 0x08000000, Load base: 0x08000000, Size: 0x000079a4, Max: 0x00200000, ABSOLUTE)

    Exec Addr    Load Addr    Size         Type   Attr      Idx    E Section Name        Object

    0x08000000   0x08000000   0x000001ac   Data   RO          510    RESET               startup_stm32f427xx.o
    0x080001ac   0x080001ac   0x00000008   Code   RO         8866  * !!!main             c_w.l(__main.o)
    0x080001b4   0x080001b4   0x00000034   Code   RO         9327    !!!scatter          c_w.l(__scatter.o)
    0x080001e8   0x080001e8   0x0000005a   Code   RO         9325    !!dczerorl2         c_w.l(__dczerorl2.o)
    0x08000242   0x08000242   0x00000002   PAD
    0x08000244   0x08000244   0x0000001c   Code   RO         9329    !!handler_zi        c_w.l(__scatter_zi.o)
    0x08000260   0x08000260   0x00000002   Code   RO         9140    .ARM.Collect$$libinit$$00000000  c_w.l(libinit.o)
    0x08000262   0x08000262   0x00000004   Code   RO         9141    .ARM.Collect$$libinit$$00000001  c_w.l(libinit2.o)
    0x08000266   0x08000266   0x00000000   Code   RO         9144    .ARM.Collect$$libinit$$00000004  c_w.l(libinit2.o)
    0x08000266   0x08000266   0x00000000   Code   RO         9147    .ARM.Collect$$libinit$$0000000A  c_w.l(libinit2.o)
    0x08000266   0x08000266   0x00000000   Code   RO         9149    .ARM.Collect$$libinit$$0000000C  c_w.l(libinit2.o)
    0x08000266   0x08000266   0x00000000   Code   RO         9151    .ARM.Collect$$libinit$$0000000E  c_w.l(libinit2.o)
    0x08000266   0x08000266   0x00000000   Code   RO         9154    .ARM.Collect$$libinit$$00000011  c_w.l(libinit2.o)
    0x08000266   0x08000266   0x00000000   Code   RO         9156    .ARM.Collect$$libinit$$00000013  c_w.l(libinit2.o)
    0x08000266   0x08000266   0x00000000   Code   RO         9158    .ARM.Collect$$libinit$$00000015  c_w.l(libinit2.o)
    0x08000266   0x08000266   0x00000000   Code   RO         9160    .ARM.Collect$$libinit$$00000017  c_w.l(libinit2.o)
    0x08000266   0x08000266   0x00000000   Code   RO         9162    .ARM.Collect$$libinit$$00000019  c_w.l(libinit2.o)
    0x08000266   0x08000266   0x00000000   Code   RO         9164    .ARM.Collect$$libinit$$0000001B  c_w.l(libinit2.o)
    0x08000266   0x08000266   0x00000000   Code   RO         9166    .ARM.Collect$$libinit$$0000001D  c_w.l(libinit2.o)
    0x08000266   0x08000266   0x00000000   Code   RO         9168    .ARM.Collect$$libinit$$0000001F  c_w.l(libinit2.o)
    0x08000266   0x08000266   0x00000000   Code   RO         9170    .ARM.Collect$$libinit$$00000021  c_w.l(libinit2.o)
    0x08000266   0x08000266   0x00000000   Code   RO         9172    .ARM.Collect$$libinit$$00000023  c_w.l(libinit2.o)
    0x08000266   0x08000266   0x00000000   Code   RO         9174    .ARM.Collect$$libinit$$00000025  c_w.l(libinit2.o)
    0x08000266   0x08000266   0x00000000   Code   RO         9178    .ARM.Collect$$libinit$$0000002C  c_w.l(libinit2.o)
    0x08000266   0x08000266   0x00000000   Code   RO         9180    .ARM.Collect$$libinit$$0000002E  c_w.l(libinit2.o)
    0x08000266   0x08000266   0x00000000   Code   RO         9182    .ARM.Collect$$libinit$$00000030  c_w.l(libinit2.o)
    0x08000266   0x08000266   0x00000000   Code   RO         9184    .ARM.Collect$$libinit$$00000032  c_w.l(libinit2.o)
    0x08000266   0x08000266   0x00000002   Code   RO         9185    .ARM.Collect$$libinit$$00000033  c_w.l(libinit2.o)
    0x08000268   0x08000268   0x00000002   Code   RO         9306    .ARM.Collect$$libshutdown$$00000000  c_w.l(libshutdown.o)
    0x0800026a   0x0800026a   0x00000000   Code   RO         9187    .ARM.Collect$$libshutdown$$00000002  c_w.l(libshutdown2.o)
    0x0800026a   0x0800026a   0x00000000   Code   RO         9189    .ARM.Collect$$libshutdown$$00000004  c_w.l(libshutdown2.o)
    0x0800026a   0x0800026a   0x00000000   Code   RO         9191    .ARM.Collect$$libshutdown$$00000006  c_w.l(libshutdown2.o)
    0x0800026a   0x0800026a   0x00000000   Code   RO         9194    .ARM.Collect$$libshutdown$$00000009  c_w.l(libshutdown2.o)
    0x0800026a   0x0800026a   0x00000000   Code   RO         9197    .ARM.Collect$$libshutdown$$0000000C  c_w.l(libshutdown2.o)
    0x0800026a   0x0800026a   0x00000000   Code   RO         9199    .ARM.Collect$$libshutdown$$0000000E  c_w.l(libshutdown2.o)
    0x0800026a   0x0800026a   0x00000000   Code   RO         9202    .ARM.Collect$$libshutdown$$00000011  c_w.l(libshutdown2.o)
    0x0800026a   0x0800026a   0x00000002   Code   RO         9203    .ARM.Collect$$libshutdown$$00000012  c_w.l(libshutdown2.o)
    0x0800026c   0x0800026c   0x00000000   Code   RO         8920    .ARM.Collect$$rtentry$$00000000  c_w.l(__rtentry.o)
    0x0800026c   0x0800026c   0x00000000   Code   RO         9007    .ARM.Collect$$rtentry$$00000002  c_w.l(__rtentry2.o)
    0x0800026c   0x0800026c   0x00000006   Code   RO         9019    .ARM.Collect$$rtentry$$00000004  c_w.l(__rtentry4.o)
    0x08000272   0x08000272   0x00000000   Code   RO         9009    .ARM.Collect$$rtentry$$00000009  c_w.l(__rtentry2.o)
    0x08000272   0x08000272   0x00000004   Code   RO         9010    .ARM.Collect$$rtentry$$0000000A  c_w.l(__rtentry2.o)
    0x08000276   0x08000276   0x00000000   Code   RO         9012    .ARM.Collect$$rtentry$$0000000C  c_w.l(__rtentry2.o)
    0x08000276   0x08000276   0x00000008   Code   RO         9013    .ARM.Collect$$rtentry$$0000000D  c_w.l(__rtentry2.o)
    0x0800027e   0x0800027e   0x00000002   Code   RO         9207    .ARM.Collect$$rtexit$$00000000  c_w.l(rtexit.o)
    0x08000280   0x08000280   0x00000000   Code   RO         9257    .ARM.Collect$$rtexit$$00000002  c_w.l(rtexit2.o)
    0x08000280   0x08000280   0x00000004   Code   RO         9258    .ARM.Collect$$rtexit$$00000003  c_w.l(rtexit2.o)
    0x08000284   0x08000284   0x00000006   Code   RO         9259    .ARM.Collect$$rtexit$$00000004  c_w.l(rtexit2.o)
    0x0800028a   0x0800028a   0x00000002   PAD
    0x0800028c   0x0800028c   0x00000040   Code   RO          511    .text               startup_stm32f427xx.o
    0x080002cc   0x080002cc   0x00000034   Code   RO         6688    .text               cpu_a.o
    0x08000300   0x08000300   0x0000008a   Code   RO         8858    .text               c_w.l(rt_memcpy_v6.o)
    0x0800038a   0x0800038a   0x0000004e   Code   RO         8862    .text               c_w.l(rt_memclr_w.o)
    0x080003d8   0x080003d8   0x00000006   Code   RO         8864    .text               c_w.l(heapauxi.o)
    0x080003de   0x080003de   0x00000064   Code   RO         8938    .text               c_w.l(rt_memcpy_w.o)
    0x08000442   0x08000442   0x00000002   PAD
    0x08000444   0x08000444   0x00000008   Code   RO         9049    .text               c_w.l(libspace.o)
    0x0800044c   0x0800044c   0x0000004a   Code   RO         9054    .text               c_w.l(sys_stackheap_outer.o)
    0x08000496   0x08000496   0x00000012   Code   RO         9125    .text               c_w.l(exit.o)
    0x080004a8   0x080004a8   0x00000002   Code   RO         9204    .text               c_w.l(use_no_semi.o)
    0x080004aa   0x080004aa   0x00000000   Code   RO         9206    .text               c_w.l(indicate_semi.o)
    0x080004aa   0x080004aa   0x00000002   PAD
    0x080004ac   0x080004ac   0x0000000c   Code   RO         9254    .text               c_w.l(sys_exit.o)
    0x080004b8   0x080004b8   0x000000ac   Code   RO         6871    CODE                os_cpu_a.o
    0x08000564   0x08000564   0x0000000e   Code   RO         6239    i.BSP_CPU_ClkFreq   bsp.o
    0x08000572   0x08000572   0x00000004   Code   RO          203    i.BusFault_Handler  stm32f4xx_it.o
    0x08000576   0x08000576   0x00000002   PAD
    0x08000578   0x08000578   0x00000118   Code   RO         5572    i.CAN1_Init         can1.o
    0x08000690   0x08000690   0x000003b0   Code   RO         5573    i.CAN1_RX0_IRQHandler  can1.o
    0x08000a40   0x08000a40   0x0000002c   Code   RO         5574    i.CAN1_TX_IRQHandler  can1.o
    0x08000a6c   0x08000a6c   0x00000120   Code   RO         5703    i.CAN2_Init         can2.o
    0x08000b8c   0x08000b8c   0x00000294   Code   RO         5704    i.CAN2_RX0_IRQHandler  can2.o
    0x08000e20   0x08000e20   0x0000002c   Code   RO         5705    i.CAN2_TX_IRQHandler  can2.o
    0x08000e4c   0x08000e4c   0x000000a8   Code   RO          805    i.CAN_ClearITPendingBit  stm32f4xx_can.o
    0x08000ef4   0x08000ef4   0x00000038   Code   RO          807    i.CAN_DeInit        stm32f4xx_can.o
    0x08000f2c   0x08000f2c   0x00000108   Code   RO          809    i.CAN_FilterInit    stm32f4xx_can.o
    0x08001034   0x08001034   0x00000120   Code   RO          811    i.CAN_GetITStatus   stm32f4xx_can.o
    0x08001154   0x08001154   0x00000012   Code   RO          815    i.CAN_ITConfig      stm32f4xx_can.o
    0x08001166   0x08001166   0x00000114   Code   RO          816    i.CAN_Init          stm32f4xx_can.o
    0x0800127a   0x0800127a   0x000000f0   Code   RO          819    i.CAN_Receive       stm32f4xx_can.o
    0x0800136a   0x0800136a   0x00000020   Code   RO          822    i.CAN_StructInit    stm32f4xx_can.o
    0x0800138a   0x0800138a   0x00000126   Code   RO          824    i.CAN_Transmit      stm32f4xx_can.o
    0x080014b0   0x080014b0   0x0000000c   Code   RO         6747    i.CPU_Init          cpu_core.o
    0x080014bc   0x080014bc   0x00000030   Code   RO         6748    i.CPU_NameClr       cpu_core.o
    0x080014ec   0x080014ec   0x00000008   Code   RO         6750    i.CPU_NameInit      cpu_core.o
    0x080014f4   0x080014f4   0x00000014   Code   RO         6754    i.CPU_TS_Init       cpu_core.o
    0x08001508   0x08001508   0x0000000c   Code   RO         6756    i.CPU_TS_TmrFreqSet  cpu_core.o
    0x08001514   0x08001514   0x00000034   Code   RO         6241    i.CPU_TS_TmrInit    bsp.o
    0x08001548   0x08001548   0x0000000c   Code   RO         6242    i.CPU_TS_TmrRd      bsp.o
    0x08001554   0x08001554   0x00000064   Code   RO          377    i.Chasis_task       chasis_task.o
    0x080015b8   0x080015b8   0x00000012   Code   RO          827    i.CheckITStatus     stm32f4xx_can.o
    0x080015ca   0x080015ca   0x00000002   PAD
    0x080015cc   0x080015cc   0x000000e8   Code   RO         5816    i.DATA_0001         judge_system.o
    0x080016b4   0x080016b4   0x000000ec   Code   RO         5817    i.DATA_0002         judge_system.o
    0x080017a0   0x080017a0   0x000000ec   Code   RO         5818    i.DATA_0003         judge_system.o
    0x0800188c   0x0800188c   0x000000ec   Code   RO         5819    i.DATA_0101         judge_system.o
    0x08001978   0x08001978   0x000000ec   Code   RO         5820    i.DATA_0102         judge_system.o
    0x08001a64   0x08001a64   0x000000ec   Code   RO         5821    i.DATA_0103         judge_system.o
    0x08001b50   0x08001b50   0x000000ec   Code   RO         5822    i.DATA_0201         judge_system.o
    0x08001c3c   0x08001c3c   0x000000ec   Code   RO         5823    i.DATA_0202         judge_system.o
    0x08001d28   0x08001d28   0x000000ec   Code   RO         5824    i.DATA_0203         judge_system.o
    0x08001e14   0x08001e14   0x000000ec   Code   RO         5825    i.DATA_0204         judge_system.o
    0x08001f00   0x08001f00   0x000000ec   Code   RO         5826    i.DATA_0205         judge_system.o
    0x08001fec   0x08001fec   0x000000ec   Code   RO         5827    i.DATA_0206         judge_system.o
    0x080020d8   0x080020d8   0x000000ec   Code   RO         5828    i.DATA_0207         judge_system.o
    0x080021c4   0x080021c4   0x00000016   Code   RO         1512    i.DMA_Cmd           stm32f4xx_dma.o
    0x080021da   0x080021da   0x00000014   Code   RO         1519    i.DMA_GetCurrentMemoryTarget  stm32f4xx_dma.o
    0x080021ee   0x080021ee   0x00000002   Code   RO          204    i.DebugMon_Handler  stm32f4xx_it.o
    0x080021f0   0x080021f0   0x00000090   Code   RO         2297    i.GPIO_Init         stm32f4xx_gpio.o
    0x08002280   0x08002280   0x00000046   Code   RO         2298    i.GPIO_PinAFConfig  stm32f4xx_gpio.o
    0x080022c6   0x080022c6   0x00000004   Code   RO         2304    i.GPIO_ResetBits    stm32f4xx_gpio.o
    0x080022ca   0x080022ca   0x00000004   Code   RO         2305    i.GPIO_SetBits      stm32f4xx_gpio.o
    0x080022ce   0x080022ce   0x00000002   PAD
    0x080022d0   0x080022d0   0x0000010c   Code   RO         5831    i.Get_Data          judge_system.o
    0x080023dc   0x080023dc   0x00000012   Code   RO          322    i.Gimbal_task       gimbal_task.o
    0x080023ee   0x080023ee   0x00000012   Code   RO          416    i.Gun_task          gun_task.o
    0x08002400   0x08002400   0x00000004   Code   RO          205    i.HardFault_Handler  stm32f4xx_it.o
    0x08002404   0x08002404   0x000000e8   Code   RO          464    i.Init_task         start_task.o
    0x080024ec   0x080024ec   0x00000004   Code   RO          206    i.MemManage_Handler  stm32f4xx_it.o
    0x080024f0   0x080024f0   0x00000012   Code   RO         6419    i.Mem_Clr           lib_mem.o
    0x08002502   0x08002502   0x00000054   Code   RO         6435    i.Mem_Set           lib_mem.o
    0x08002556   0x08002556   0x00000002   Code   RO          207    i.NMI_Handler       stm32f4xx_it.o
    0x08002558   0x08002558   0x00000078   Code   RO          517    i.NVIC_Init         misc.o
    0x080025d0   0x080025d0   0x00000014   Code   RO          518    i.NVIC_PriorityGroupConfig  misc.o
    0x080025e4   0x080025e4   0x000000d0   Code   RO         6960    i.OSCfg_Init        os_cfg_app.o
    0x080026b4   0x080026b4   0x00000014   Code   RO         6876    i.OSIdleTaskHook    os_cpu_c.o
    0x080026c8   0x080026c8   0x00000164   Code   RO         6983    i.OSInit            os_core.o
    0x0800282c   0x0800282c   0x00000028   Code   RO         6877    i.OSInitHook        os_cpu_c.o
    0x08002854   0x08002854   0x0000002c   Code   RO         6984    i.OSIntEnter        os_core.o
    0x08002880   0x08002880   0x000000dc   Code   RO         6985    i.OSIntExit         os_core.o
    0x0800295c   0x0800295c   0x000000a0   Code   RO         6986    i.OSSched           os_core.o
    0x080029fc   0x080029fc   0x00000074   Code   RO         6987    i.OSSchedLock       os_core.o
    0x08002a70   0x08002a70   0x00000094   Code   RO         6988    i.OSSchedUnlock     os_core.o
    0x08002b04   0x08002b04   0x00000068   Code   RO         6989    i.OSStart           os_core.o
    0x08002b6c   0x08002b6c   0x00000128   Code   RO         7635    i.OSStatReset       os_stat.o
    0x08002c94   0x08002c94   0x000000f0   Code   RO         7636    i.OSStatTaskCPUUsageInit  os_stat.o
    0x08002d84   0x08002d84   0x00000014   Code   RO         6878    i.OSStatTaskHook    os_cpu_c.o
    0x08002d98   0x08002d98   0x000001a0   Code   RO         7666    i.OSTaskCreate      os_task.o
    0x08002f38   0x08002f38   0x00000018   Code   RO         6879    i.OSTaskCreateHook  os_cpu_c.o
    0x08002f50   0x08002f50   0x00000128   Code   RO         7667    i.OSTaskDel         os_task.o
    0x08003078   0x08003078   0x00000018   Code   RO         6880    i.OSTaskDelHook     os_cpu_c.o
    0x08003090   0x08003090   0x00000068   Code   RO         7675    i.OSTaskResume      os_task.o
    0x080030f8   0x080030f8   0x00000018   Code   RO         6881    i.OSTaskReturnHook  os_cpu_c.o
    0x08003110   0x08003110   0x000001dc   Code   RO         7676    i.OSTaskSemPend     os_task.o
    0x080032ec   0x080032ec   0x0000003e   Code   RO         7678    i.OSTaskSemPost     os_task.o
    0x0800332a   0x0800332a   0x00000002   PAD
    0x0800332c   0x0800332c   0x000000d4   Code   RO         7680    i.OSTaskStkChk      os_task.o
    0x08003400   0x08003400   0x0000025c   Code   RO         6882    i.OSTaskStkInit     os_cpu_c.o
    0x0800365c   0x0800365c   0x00000038   Code   RO         7681    i.OSTaskSuspend     os_task.o
    0x08003694   0x08003694   0x00000088   Code   RO         6883    i.OSTaskSwHook      os_cpu_c.o
    0x0800371c   0x0800371c   0x000000c4   Code   RO         7875    i.OSTimeDly         os_time.o
    0x080037e0   0x080037e0   0x00000044   Code   RO         7880    i.OSTimeTick        os_time.o
    0x08003824   0x08003824   0x00000014   Code   RO         6884    i.OSTimeTickHook    os_cpu_c.o
    0x08003838   0x08003838   0x000000cc   Code   RO         7917    i.OSTmrCreate       os_tmr.o
    0x08003904   0x08003904   0x000001a8   Code   RO         7205    i.OS_Dbg_Init       os_dbg.o
    0x08003aac   0x08003aac   0x00000018   Code   RO         7230    i.OS_FlagInit       os_flag.o
    0x08003ac4   0x08003ac4   0x00000044   Code   RO         6991    i.OS_IdleTask       os_core.o
    0x08003b08   0x08003b08   0x00000070   Code   RO         6992    i.OS_IdleTaskInit   os_core.o
    0x08003b78   0x08003b78   0x00000018   Code   RO         7314    i.OS_MemInit        os_mem.o
    0x08003b90   0x08003b90   0x00000036   Code   RO         7346    i.OS_MsgPoolCreate  os_msg.o
    0x08003bc6   0x08003bc6   0x00000002   PAD
    0x08003bc8   0x08003bc8   0x00000054   Code   RO         7347    i.OS_MsgPoolInit    os_msg.o
    0x08003c1c   0x08003c1c   0x00000044   Code   RO         7348    i.OS_MsgQFreeAll    os_msg.o
    0x08003c60   0x08003c60   0x0000000e   Code   RO         7350    i.OS_MsgQInit       os_msg.o
    0x08003c6e   0x08003c6e   0x00000002   PAD
    0x08003c70   0x08003c70   0x00000018   Code   RO         7396    i.OS_MutexInit      os_mutex.o
    0x08003c88   0x08003c88   0x00000068   Code   RO         6993    i.OS_Pend           os_core.o
    0x08003cf0   0x08003cf0   0x00000026   Code   RO         6996    i.OS_PendDataInit   os_core.o
    0x08003d16   0x08003d16   0x00000002   PAD
    0x08003d18   0x08003d18   0x0000005c   Code   RO         6997    i.OS_PendDbgNameAdd  os_core.o
    0x08003d74   0x08003d74   0x00000024   Code   RO         6998    i.OS_PendDbgNameRemove  os_core.o
    0x08003d98   0x08003d98   0x00000066   Code   RO         7002    i.OS_PendListInsertPrio  os_core.o
    0x08003dfe   0x08003dfe   0x00000030   Code   RO         7003    i.OS_PendListRemove  os_core.o
    0x08003e2e   0x08003e2e   0x00000042   Code   RO         7004    i.OS_PendListRemove1  os_core.o
    0x08003e70   0x08003e70   0x000000c0   Code   RO         7007    i.OS_Post           os_core.o
    0x08003f30   0x08003f30   0x0000002a   Code   RO         7008    i.OS_Post1          os_core.o
    0x08003f5a   0x08003f5a   0x00000002   PAD
    0x08003f5c   0x08003f5c   0x00000028   Code   RO         7454    i.OS_PrioGetHighest  os_prio.o
    0x08003f84   0x08003f84   0x00000018   Code   RO         7455    i.OS_PrioInit       os_prio.o
    0x08003f9c   0x08003f9c   0x00000024   Code   RO         7456    i.OS_PrioInsert     os_prio.o
    0x08003fc0   0x08003fc0   0x00000024   Code   RO         7457    i.OS_PrioRemove     os_prio.o
    0x08003fe4   0x08003fe4   0x00000018   Code   RO         7500    i.OS_QInit          os_q.o
    0x08003ffc   0x08003ffc   0x00000024   Code   RO         7009    i.OS_RdyListInit    os_core.o
    0x08004020   0x08004020   0x0000002c   Code   RO         7010    i.OS_RdyListInsert  os_core.o
    0x0800404c   0x0800404c   0x00000040   Code   RO         7011    i.OS_RdyListInsertHead  os_core.o
    0x0800408c   0x0800408c   0x0000003c   Code   RO         7012    i.OS_RdyListInsertTail  os_core.o
    0x080040c8   0x080040c8   0x0000005c   Code   RO         7014    i.OS_RdyListRemove  os_core.o
    0x08004124   0x08004124   0x0000001c   Code   RO         7015    i.OS_SchedLockTimeMeasStart  os_core.o
    0x08004140   0x08004140   0x0000003c   Code   RO         7016    i.OS_SchedLockTimeMeasStop  os_core.o
    0x0800417c   0x0800417c   0x00000018   Code   RO         7572    i.OS_SemInit        os_sem.o
    0x08004194   0x08004194   0x000002ec   Code   RO         7637    i.OS_StatTask       os_stat.o
    0x08004480   0x08004480   0x000000cc   Code   RO         7638    i.OS_StatTaskInit   os_stat.o
    0x0800454c   0x0800454c   0x00000038   Code   RO         7017    i.OS_TaskBlock      os_core.o
    0x08004584   0x08004584   0x00000030   Code   RO         7682    i.OS_TaskDbgListAdd  os_task.o
    0x080045b4   0x080045b4   0x00000044   Code   RO         7683    i.OS_TaskDbgListRemove  os_task.o
    0x080045f8   0x080045f8   0x00000020   Code   RO         7684    i.OS_TaskInit       os_task.o
    0x08004618   0x08004618   0x000000c8   Code   RO         7685    i.OS_TaskInitTCB    os_task.o
    0x080046e0   0x080046e0   0x0000001c   Code   RO         7018    i.OS_TaskRdy        os_core.o
    0x080046fc   0x080046fc   0x00000100   Code   RO         7687    i.OS_TaskResume     os_task.o
    0x080047fc   0x080047fc   0x00000018   Code   RO         7688    i.OS_TaskReturn     os_task.o
    0x08004814   0x08004814   0x000001c4   Code   RO         7689    i.OS_TaskSemPost    os_task.o
    0x080049d8   0x080049d8   0x00000118   Code   RO         7690    i.OS_TaskSuspend    os_task.o
    0x08004af0   0x08004af0   0x00000028   Code   RO         7827    i.OS_TickListInit   os_tick.o
    0x08004b18   0x08004b18   0x000001bc   Code   RO         7828    i.OS_TickListInsert  os_tick.o
    0x08004cd4   0x08004cd4   0x00000038   Code   RO         7829    i.OS_TickListRemove  os_tick.o
    0x08004d0c   0x08004d0c   0x00000024   Code   RO         7830    i.OS_TickListResetPeak  os_tick.o
    0x08004d30   0x08004d30   0x00000188   Code   RO         7831    i.OS_TickListUpdate  os_tick.o
    0x08004eb8   0x08004eb8   0x0000002c   Code   RO         7832    i.OS_TickTask       os_tick.o
    0x08004ee4   0x08004ee4   0x000000b8   Code   RO         7833    i.OS_TickTaskInit   os_tick.o
    0x08004f9c   0x08004f9c   0x00000028   Code   RO         7924    i.OS_TmrDbgListAdd  os_tmr.o
    0x08004fc4   0x08004fc4   0x00000128   Code   RO         7926    i.OS_TmrInit        os_tmr.o
    0x080050ec   0x080050ec   0x000000d0   Code   RO         7927    i.OS_TmrLink        os_tmr.o
    0x080051bc   0x080051bc   0x00000024   Code   RO         7928    i.OS_TmrResetPeak   os_tmr.o
    0x080051e0   0x080051e0   0x000000c0   Code   RO         7929    i.OS_TmrTask        os_tmr.o
    0x080052a0   0x080052a0   0x00000050   Code   RO         7930    i.OS_TmrUnlink      os_tmr.o
    0x080052f0   0x080052f0   0x0000017c   Code   RO         5978    i.OnDataReceived    imu_data_decode.o
    0x0800546c   0x0800546c   0x000001a4   Code   RO         6045    i.Packet_Decode     packet.o
    0x08005610   0x08005610   0x00000020   Code   RO         6046    i.Packet_DecodeInit  packet.o
    0x08005630   0x08005630   0x00000020   Code   RO         3170    i.RCC_AHB1PeriphClockCmd  stm32f4xx_rcc.o
    0x08005650   0x08005650   0x00000020   Code   RO         3179    i.RCC_APB1PeriphClockCmd  stm32f4xx_rcc.o
    0x08005670   0x08005670   0x00000020   Code   RO         3181    i.RCC_APB1PeriphResetCmd  stm32f4xx_rcc.o
    0x08005690   0x08005690   0x00000020   Code   RO         3182    i.RCC_APB2PeriphClockCmd  stm32f4xx_rcc.o
    0x080056b0   0x080056b0   0x00000020   Code   RO         3184    i.RCC_APB2PeriphResetCmd  stm32f4xx_rcc.o
    0x080056d0   0x080056d0   0x000000e8   Code   RO         3191    i.RCC_GetClocksFreq  stm32f4xx_rcc.o
    0x080057b8   0x080057b8   0x000002e8   Code   RO         5506    i.RemoteDataProcess  uart1.o
    0x08005aa0   0x08005aa0   0x00000002   Code   RO          208    i.SVC_Handler       stm32f4xx_it.o
    0x08005aa2   0x08005aa2   0x00000002   PAD
    0x08005aa4   0x08005aa4   0x00000120   Code   RO          285    i.SetSysClock       system_stm32f4xx.o
    0x08005bc4   0x08005bc4   0x00000050   Code   RO          465    i.StartTaskCreate   start_task.o
    0x08005c14   0x08005c14   0x00000028   Code   RO          521    i.SysTick_CLKSourceConfig  misc.o
    0x08005c3c   0x08005c3c   0x00000038   Code   RO         5319    i.SysTick_Handler   delay.o
    0x08005c74   0x08005c74   0x00000068   Code   RO          287    i.SystemInit        system_stm32f4xx.o
    0x08005cdc   0x08005cdc   0x00000108   Code   RO         5659    i.TIM2_PWM_Init     pwm.o
    0x08005de4   0x08005de4   0x00000104   Code   RO         5660    i.TIM4_PWM_Init     pwm.o
    0x08005ee8   0x08005ee8   0x000000e0   Code   RO         5661    i.TIM5_PWM_Init     pwm.o
    0x08005fc8   0x08005fc8   0x00000100   Code   RO         5662    i.TIM8_PWM_Init     pwm.o
    0x080060c8   0x080060c8   0x00000018   Code   RO         4508    i.TIM_ARRPreloadConfig  stm32f4xx_tim.o
    0x080060e0   0x080060e0   0x00000018   Code   RO         4520    i.TIM_Cmd           stm32f4xx_tim.o
    0x080060f8   0x080060f8   0x0000001e   Code   RO         4522    i.TIM_CtrlPWMOutputs  stm32f4xx_tim.o
    0x08006116   0x08006116   0x00000002   PAD
    0x08006118   0x08006118   0x0000007c   Code   RO         4549    i.TIM_OC1Init       stm32f4xx_tim.o
    0x08006194   0x08006194   0x00000012   Code   RO         4552    i.TIM_OC1PreloadConfig  stm32f4xx_tim.o
    0x080061a6   0x080061a6   0x00000002   PAD
    0x080061a8   0x080061a8   0x000000a4   Code   RO         4554    i.TIM_OC2Init       stm32f4xx_tim.o
    0x0800624c   0x0800624c   0x0000001a   Code   RO         4557    i.TIM_OC2PreloadConfig  stm32f4xx_tim.o
    0x08006266   0x08006266   0x00000002   PAD
    0x08006268   0x08006268   0x000000a0   Code   RO         4559    i.TIM_OC3Init       stm32f4xx_tim.o
    0x08006308   0x08006308   0x00000012   Code   RO         4562    i.TIM_OC3PreloadConfig  stm32f4xx_tim.o
    0x0800631a   0x0800631a   0x00000002   PAD
    0x0800631c   0x0800631c   0x00000078   Code   RO         4564    i.TIM_OC4Init       stm32f4xx_tim.o
    0x08006394   0x08006394   0x0000001a   Code   RO         4566    i.TIM_OC4PreloadConfig  stm32f4xx_tim.o
    0x080063ae   0x080063ae   0x00000002   PAD
    0x080063b0   0x080063b0   0x00000084   Code   RO         4592    i.TIM_TimeBaseInit  stm32f4xx_tim.o
    0x08006434   0x08006434   0x0000002c   Code   RO         5761    i.TX2_Transmit_Start  uart3.o
    0x08006460   0x08006460   0x000000ac   Code   RO         5762    i.TX2_USART3_Init   uart3.o
    0x0800650c   0x0800650c   0x000000b0   Code   RO         5834    i.UART8_IRQHandler  judge_system.o
    0x080065bc   0x080065bc   0x000000a8   Code   RO         5509    i.USART1_IRQHandler  uart1.o
    0x08006664   0x08006664   0x000001cc   Code   RO         5763    i.USART3_IRQHandler  uart3.o
    0x08006830   0x08006830   0x00000038   Code   RO         6098    i.USART6_IRQHandler  usart69050.o
    0x08006868   0x08006868   0x000000c4   Code   RO         6099    i.USART6_init       usart69050.o
    0x0800692c   0x0800692c   0x00000012   Code   RO         5066    i.USART_ClearFlag   stm32f4xx_usart.o
    0x0800693e   0x0800693e   0x0000001e   Code   RO         5067    i.USART_ClearITPendingBit  stm32f4xx_usart.o
    0x0800695c   0x0800695c   0x00000018   Code   RO         5070    i.USART_Cmd         stm32f4xx_usart.o
    0x08006974   0x08006974   0x000000f0   Code   RO         5072    i.USART_DeInit      stm32f4xx_usart.o
    0x08006a64   0x08006a64   0x0000001a   Code   RO         5073    i.USART_GetFlagStatus  stm32f4xx_usart.o
    0x08006a7e   0x08006a7e   0x00000054   Code   RO         5074    i.USART_GetITStatus  stm32f4xx_usart.o
    0x08006ad2   0x08006ad2   0x0000004a   Code   RO         5076    i.USART_ITConfig    stm32f4xx_usart.o
    0x08006b1c   0x08006b1c   0x000000d4   Code   RO         5077    i.USART_Init        stm32f4xx_usart.o
    0x08006bf0   0x08006bf0   0x0000000a   Code   RO         5084    i.USART_ReceiveData  stm32f4xx_usart.o
    0x08006bfa   0x08006bfa   0x00000008   Code   RO         5087    i.USART_SendData    stm32f4xx_usart.o
    0x08006c02   0x08006c02   0x00000004   Code   RO          209    i.UsageFault_Handler  stm32f4xx_it.o
    0x08006c06   0x08006c06   0x00000002   PAD
    0x08006c08   0x08006c08   0x0000014c   Code   RO         5552    i.User_GPIO_Init    gpio.o
    0x08006d54   0x08006d54   0x0000002c   Code   RO         5764    i.calc_crc16_modbus  uart3.o
    0x08006d80   0x08006d80   0x0000003c   Code   RO         6048    i.crc16_update      packet.o
    0x08006dbc   0x08006dbc   0x00000070   Code   RO         5320    i.delay_init        delay.o
    0x08006e2c   0x08006e2c   0x00000054   Code   RO         5321    i.delay_ms          delay.o
    0x08006e80   0x08006e80   0x00000060   Code   RO         5322    i.delay_us          delay.o
    0x08006ee0   0x08006ee0   0x00000018   Code   RO         5985    i.imu_data_decode_init  imu_data_decode.o
    0x08006ef8   0x08006ef8   0x0000003a   Code   RO            3    i.main              main.o
    0x08006f32   0x08006f32   0x00000002   PAD
    0x08006f34   0x08006f34   0x00000050   Code   RO         5576    i.motorEnable       can1.o
    0x08006f84   0x08006f84   0x00000050   Code   RO         5578    i.setMotorTargetAcspeed  can1.o
    0x08006fd4   0x08006fd4   0x00000050   Code   RO         5579    i.setMotorTargetCurrent  can1.o
    0x08007024   0x08007024   0x00000050   Code   RO         5580    i.setMotorTargetDespeed  can1.o
    0x08007074   0x08007074   0x00000050   Code   RO         5581    i.setMotorTargetPosition  can1.o
    0x080070c4   0x080070c4   0x00000050   Code   RO         5582    i.setMotorTargetSpeed  can1.o
    0x08007114   0x08007114   0x000001b0   Code   RO          466    i.start_task        start_task.o
    0x080072c4   0x080072c4   0x0000000c   Code   RO          417    i.tmr1_callback     gun_task.o
    0x080072d0   0x080072d0   0x00000002   Code   RO          418    i.tmr2_callback     gun_task.o
    0x080072d2   0x080072d2   0x00000002   PAD
    0x080072d4   0x080072d4   0x00000062   Code   RO         8868    x$fpl$d2f           fz_wm.l(d2f.o)
    0x08007336   0x08007336   0x0000002e   Code   RO         8885    x$fpl$dflt          fz_wm.l(dflt_clz.o)
    0x08007364   0x08007364   0x00000154   Code   RO         8890    x$fpl$dmul          fz_wm.l(dmul.o)
    0x080074b8   0x080074b8   0x0000009c   Code   RO         8946    x$fpl$dnaninf       fz_wm.l(dnaninf.o)
    0x08007554   0x08007554   0x0000000c   Code   RO         8948    x$fpl$dretinf       fz_wm.l(dretinf.o)
    0x08007560   0x08007560   0x0000000a   Code   RO         9252    x$fpl$fpinit        fz_wm.l(fpinit.o)
    0x0800756a   0x0800756a   0x0000000a   Code   RO         8952    x$fpl$fretinf       fz_wm.l(fretinf.o)
    0x08007574   0x08007574   0x00000000   Code   RO         8954    x$fpl$usenofp       fz_wm.l(usenofp.o)
    0x08007574   0x08007574   0x00000200   Data   RO         5767    .constdata          uart3.o
    0x08007774   0x08007774   0x000000a4   Data   RO         6962    .constdata          os_cfg_app.o
    0x08007818   0x08007818   0x0000016c   Data   RO         7206    .constdata          os_dbg.o
    0x08007984   0x08007984   0x00000020   Data   RO         9323    Region$$Table       anon$$obj.o


    Execution Region RW_IRAM1 (Exec base: 0x20000000, Load base: 0x080079a4, Size: 0x00003ea8, Max: 0x00030000, ABSOLUTE, COMPRESSED[0x00000080])

    Exec Addr    Load Addr    Size         Type   Attr      Idx    E Section Name        Object

    0x20000000   COMPRESSED   0x0000006d   Data   RW          324    .data               gimbal_task.o
    0x2000006d   COMPRESSED   0x00000003   PAD
    0x20000070   COMPRESSED   0x00000041   Data   RW          378    .data               chasis_task.o
    0x200000b1   COMPRESSED   0x00000001   PAD
    0x200000b2   COMPRESSED   0x00000046   Data   RW          420    .data               gun_task.o
    0x200000f8   COMPRESSED   0x00000010   Data   RW         3223    .data               stm32f4xx_rcc.o
    0x20000108   COMPRESSED   0x00000004   Data   RW         5323    .data               delay.o
    0x2000010c   COMPRESSED   0x00000059   Data   RW         5511    .data               uart1.o
    0x20000165   COMPRESSED   0x00000003   PAD
    0x20000168   COMPRESSED   0x00000098   Data   RW         5583    .data               can1.o
    0x20000200   COMPRESSED   0x0000006d   Data   RW         5710    .data               can2.o
    0x2000026d   COMPRESSED   0x00000001   PAD
    0x2000026e   COMPRESSED   0x00000009   Data   RW         5768    .data               uart3.o
    0x20000277   COMPRESSED   0x00000001   PAD
    0x20000278   COMPRESSED   0x00000041   Data   RW         5840    .data               judge_system.o
    0x200002b9   COMPRESSED   0x00000001   PAD
    0x200002ba   COMPRESSED   0x00000013   Data   RW         5987    .data               imu_data_decode.o
    0x200002cd   COMPRESSED   0x00000003   PAD
    0x200002d0   COMPRESSED   0x00000011   Data   RW         6049    .data               packet.o
    0x200002e1   COMPRESSED   0x00000003   PAD
    0x200002e4   COMPRESSED   0x00000004   Data   RW         6760    .data               cpu_core.o
    0x200002e8   COMPRESSED   0x00000004   Data   RW         6887    .data               os_cpu_c.o
    0x200002ec   COMPRESSED   0x00000008   Data   RW         7458    .data               os_prio.o
    0x200002f4   COMPRESSED   0x000000ac   Data   RW         8008    .data               os_var.o
    0x200003a0        -       0x00001a3c   Zero   RW          467    .bss                start_task.o
    0x20001ddc        -       0x0000003c   Zero   RW         5510    .bss                uart1.o
    0x20001e18        -       0x0000000c   Zero   RW         5709    .bss                can2.o
    0x20001e24        -       0x00000140   Zero   RW         5766    .bss                uart3.o
    0x20001f64        -       0x000000bc   Zero   RW         5838    .bss                judge_system.o
    0x20002020        -       0x000000a8   Zero   RW         5986    .bss                imu_data_decode.o
    0x200020c8        -       0x00000010   Zero   RW         6758    .bss                cpu_core.o
    0x200020d8        -       0x00001150   Zero   RW         6961    .bss                os_cfg_app.o
    0x20003228        -       0x0000061c   Zero   RW         8007    .bss                os_var.o
    0x20003844        -       0x00000060   Zero   RW         9050    .bss                c_w.l(libspace.o)
    0x200038a4   COMPRESSED   0x00000004   PAD
    0x200038a8        -       0x00000200   Zero   RW          509    HEAP                startup_stm32f427xx.o
    0x20003aa8        -       0x00000400   Zero   RW          508    STACK               startup_stm32f427xx.o


==============================================================================

Image component sizes


      Code (inc. data)   RO Data    RW Data    ZI Data      Debug   Object Name

        78         14          0          0          0       1578   bsp.o
      1748        122          0        152          0       9653   can1.o
       992         42          0        109         12       4420   can2.o
       100          6          0         65          0       2563   chasis_task.o
        52          0          0          0          0        328   cpu_a.o
       100         18          0          4         16      12181   cpu_core.o
       348         40          0          4          0       2525   delay.o
        18          0          0        109          0       2519   gimbal_task.o
       332         24          0          0          0        685   gpio.o
        32          4          0         70          0       4069   gun_task.o
       404         40          0         19        168       1907   imu_data_decode.o
      3508        292          0         65        188      14041   judge_system.o
       102          0          0          0          0       1824   lib_mem.o
        58          0          0          0          0     347859   main.o
       180         24          0          0          0       2321   misc.o
       208        136        164          0       4432      19566   os_cfg_app.o
      2516        356          0          0          0      18497   os_core.o
       172         32          0          0          0        392   os_cpu_a.o
       912         56          0          4          0       7104   os_cpu_c.o
       424        280        364          0          0       4753   os_dbg.o
        24         10          0          0          0        866   os_flag.o
        24         10          0          0          0        869   os_mem.o
       220         20          0          0          0       2883   os_msg.o
        24         10          0          0          0        871   os_mutex.o
       136         16          0          8          0       2862   os_prio.o
        24         10          0          0          0        863   os_q.o
        24         10          0          0          0        861   os_sem.o
      1488        192          0          0          0       3955   os_stat.o
      2982        168          0          0          0      12845   os_task.o
      1196        116          0          0          0       5529   os_tick.o
       264         32          0          0          0       1681   os_time.o
      1056        152          0          0          0       5829   os_tmr.o
         0          0          0        172       1564      17973   os_var.o
       512         40          0         17          0       2976   packet.o
      1004         32          0          0          0       2752   pwm.o
       744        172          0          0       6716       3257   start_task.o
        64         26        428          0       1536        840   startup_stm32f427xx.o
      1654         22          0          0          0       8148   stm32f4xx_can.o
        42          0          0          0          0       2527   stm32f4xx_dma.o
       222          0          0          0          0       3167   stm32f4xx_gpio.o
        22          0          0          0          0       3075   stm32f4xx_it.o
       392         48          0         16          0       6205   stm32f4xx_rcc.o
       866         66          0          0          0       9025   stm32f4xx_tim.o
       726         42          0          0          0       8000   stm32f4xx_usart.o
       392         32          0          0          0       1469   system_stm32f4xx.o
       912         58          0         89         60       3818   uart1.o
       720         56        512          9        320       4152   uart3.o
         0          0          0          0          0        868   uart6.o
       252         14          0          0          0       1270   usart69050.o

    ----------------------------------------------------------------------
     28304       2840       1500        928      15012     578221   Object Totals
         0          0         32          0          0          0   (incl. Generated)
        34          0          0         16          0          0   (incl. Padding)

    ----------------------------------------------------------------------

      Code (inc. data)   RO Data    RW Data    ZI Data      Debug   Library Member Name

        90          0          0          0          0          0   __dczerorl2.o
         8          0          0          0          0         68   __main.o
         0          0          0          0          0          0   __rtentry.o
        12          0          0          0          0          0   __rtentry2.o
         6          0          0          0          0          0   __rtentry4.o
        52          8          0          0          0          0   __scatter.o
        28          0          0          0          0          0   __scatter_zi.o
        18          0          0          0          0         80   exit.o
         6          0          0          0          0        152   heapauxi.o
         0          0          0          0          0          0   indicate_semi.o
         2          0          0          0          0          0   libinit.o
         6          0          0          0          0          0   libinit2.o
         2          0          0          0          0          0   libshutdown.o
         2          0          0          0          0          0   libshutdown2.o
         8          4          0          0         96         68   libspace.o
        78          0          0          0          0         80   rt_memclr_w.o
       138          0          0          0          0         68   rt_memcpy_v6.o
       100          0          0          0          0         80   rt_memcpy_w.o
         2          0          0          0          0          0   rtexit.o
        10          0          0          0          0          0   rtexit2.o
        12          4          0          0          0         68   sys_exit.o
        74          0          0          0          0         80   sys_stackheap_outer.o
         2          0          0          0          0         68   use_no_semi.o
        98          4          0          0          0        140   d2f.o
        46          0          0          0          0        116   dflt_clz.o
       340         12          0          0          0        152   dmul.o
       156          4          0          0          0        140   dnaninf.o
        12          0          0          0          0        116   dretinf.o
        10          0          0          0          0        116   fpinit.o
        10          0          0          0          0        116   fretinf.o
         0          0          0          0          0          0   usenofp.o

    ----------------------------------------------------------------------
      1336         36          0          0        100       1708   Library Totals
         8          0          0          0          4          0   (incl. Padding)

    ----------------------------------------------------------------------

      Code (inc. data)   RO Data    RW Data    ZI Data      Debug   Library Name

       656         16          0          0         96        812   c_w.l
       672         20          0          0          0        896   fz_wm.l

    ----------------------------------------------------------------------
      1336         36          0          0        100       1708   Library Totals

    ----------------------------------------------------------------------

==============================================================================


      Code (inc. data)   RO Data    RW Data    ZI Data      Debug   

     29640       2876       1500        928      15112     558617   Grand Totals
     29640       2876       1500        128      15112     558617   ELF Image Totals (compressed)
     29640       2876       1500        128          0          0   ROM Totals

==============================================================================

    Total RO  Size (Code + RO Data)                31140 (  30.41kB)
    Total RW  Size (RW Data + ZI Data)             16040 (  15.66kB)
    Total ROM Size (Code + RO Data + RW Data)      31268 (  30.54kB)

==============================================================================

