Component: ARM Compiler 5.06 update 7 (build 960) Tool: armlink [4d3601]

==============================================================================

Section Cross References

    main.o(i.main) refers to delay.o(i.delay_init) for delay_init
    main.o(i.main) refers to os_core.o(i.OSInit) for OSInit
    main.o(i.main) refers to cpu_a.o(.text) for CPU_SR_Save
    main.o(i.main) refers to start_task.o(i.StartTaskCreate) for StartTaskCreate
    main.o(i.main) refers to os_core.o(i.OSStart) for OSStart
    system_stm32f4xx.o(i.SystemCoreClockUpdate) refers to system_stm32f4xx.o(.data) for SystemCoreClock
    system_stm32f4xx.o(i.SystemInit) refers to system_stm32f4xx.o(i.SetSysClock) for SetSysClock
    gimbal_task.o(i.C610_update_pid) refers to dflt_clz.o(x$fpl$dflt) for __aeabi_i2d
    gimbal_task.o(i.C610_update_pid) refers to dmul.o(x$fpl$dmul) for __aeabi_dmul
    gimbal_task.o(i.C610_update_pid) refers to daddsub_clz.o(x$fpl$dadd) for __aeabi_dadd
    gimbal_task.o(i.C610_update_pid) refers to dfix.o(x$fpl$dfix) for __aeabi_d2iz
    gimbal_task.o(i.C610_update_pid) refers to gimbal_task.o(i.PID_C610_Velocity) for PID_C610_Velocity
    gimbal_task.o(i.C610_update_pid) refers to can1.o(i.C610_Can_Send_Msg) for C610_Can_Send_Msg
    gimbal_task.o(i.C610_update_pid) refers to can1.o(.data) for C610_current_raw_position
    gimbal_task.o(i.C610_update_pid) refers to gimbal_task.o(.data) for C610_position_difference
    gimbal_task.o(i.C610_update_pid) refers to uart3.o(.data) for gripper_c610_position_reset_offset
    gimbal_task.o(i.GM6020_update_pid) refers to dflt_clz.o(x$fpl$dflt) for __aeabi_i2d
    gimbal_task.o(i.GM6020_update_pid) refers to dmul.o(x$fpl$dmul) for __aeabi_dmul
    gimbal_task.o(i.GM6020_update_pid) refers to daddsub_clz.o(x$fpl$dadd) for __aeabi_dadd
    gimbal_task.o(i.GM6020_update_pid) refers to dfix.o(x$fpl$dfix) for __aeabi_d2iz
    gimbal_task.o(i.GM6020_update_pid) refers to gimbal_task.o(i.PID_GM6020_Velocity) for PID_GM6020_Velocity
    gimbal_task.o(i.GM6020_update_pid) refers to can1.o(i.GM6020_Can_Send_Msg) for GM6020_Can_Send_Msg
    gimbal_task.o(i.GM6020_update_pid) refers to can1.o(.data) for GM6020_current_raw_position
    gimbal_task.o(i.GM6020_update_pid) refers to gimbal_task.o(.data) for GM6020_position_difference
    gimbal_task.o(i.GM6020_update_pid) refers to uart3.o(.data) for gripper_gm6020_position_reset_offset
    gimbal_task.o(i.Gimbal_task) refers to gimbal_task.o(i.STS3032_ServoControl) for STS3032_ServoControl
    gimbal_task.o(i.Gimbal_task) refers to gimbal_task.o(i.GM6020_update_pid) for GM6020_update_pid
    gimbal_task.o(i.Gimbal_task) refers to gimbal_task.o(i.C610_update_pid) for C610_update_pid
    gimbal_task.o(i.Gimbal_task) refers to os_time.o(i.OSTimeDly) for OSTimeDly
    gimbal_task.o(i.PID_C610_Velocity) refers to gimbal_task.o(.data) for error_v
    gimbal_task.o(i.PID_GM6020_Velocity) refers to gimbal_task.o(.data) for error_v
    gimbal_task.o(i.STS3032_ServoControl) refers to sms_sts.o(i.WritePosEx) for WritePosEx
    gimbal_task.o(i.STS3032_ServoControl) refers to uart3.o(.data) for gripper_sts3032_position_control
    chasis_task.o(i.Chasis_task) refers to delay.o(i.delay_us) for delay_us
    chasis_task.o(i.Chasis_task) refers to can1.o(i.motorEnable) for motorEnable
    chasis_task.o(i.Chasis_task) refers to can1.o(i.setMotorTargetPosition) for setMotorTargetPosition
    chasis_task.o(i.Chasis_task) refers to can1.o(i.readSnakeEncorder) for readSnakeEncorder
    chasis_task.o(i.Chasis_task) refers to rt_memclr_w.o(.text) for __aeabi_memclr4
    chasis_task.o(i.Chasis_task) refers to uart3.o(i.calc_crc16_modbus) for calc_crc16_modbus
    chasis_task.o(i.Chasis_task) refers to stm32f4xx_usart.o(i.USART_ClearFlag) for USART_ClearFlag
    chasis_task.o(i.Chasis_task) refers to stm32f4xx_usart.o(i.USART_SendData) for USART_SendData
    chasis_task.o(i.Chasis_task) refers to stm32f4xx_usart.o(i.USART_GetFlagStatus) for USART_GetFlagStatus
    chasis_task.o(i.Chasis_task) refers to os_time.o(i.OSTimeDly) for OSTimeDly
    chasis_task.o(i.Chasis_task) refers to uart3.o(.bss) for snake_motor_position_control
    chasis_task.o(i.Chasis_task) refers to can1.o(.data) for time_counter
    chasis_task.o(i.Chasis_task) refers to uart3.o(.data) for reset_control
    chasis_task.o(i.Chasis_task) refers to can1.o(.bss) for currentPosition_snake
    gun_task.o(i.Gun_task) refers to os_time.o(i.OSTimeDly) for OSTimeDly
    gun_task.o(i.tmr1_callback) refers to gun_task.o(.data) for continue_flag
    start_task.o(i.Init_task) refers to misc.o(i.NVIC_PriorityGroupConfig) for NVIC_PriorityGroupConfig
    start_task.o(i.Init_task) refers to gpio.o(i.User_GPIO_Init) for User_GPIO_Init
    start_task.o(i.Init_task) refers to can1.o(i.CAN1_Init) for CAN1_Init
    start_task.o(i.Init_task) refers to can2.o(i.CAN2_Init) for CAN2_Init
    start_task.o(i.Init_task) refers to uart3.o(i.TX2_USART3_Init) for TX2_USART3_Init
[...]
    CPU_TS_TmrFreqSet                        0x080016b9   Thumb Code     6  cpu_core.o(i.CPU_TS_TmrFreqSet)
    CPU_TS_TmrInit                           0x080016c5   Thumb Code    44  bsp.o(i.CPU_TS_TmrInit)
    CPU_TS_TmrRd                             0x080016f9   Thumb Code     6  bsp.o(i.CPU_TS_TmrRd)
    Chasis_task                              0x08001705   Thumb Code   586  chasis_task.o(i.Chasis_task)
    DMA_Cmd                                  0x08001987   Thumb Code    22  stm32f4xx_dma.o(i.DMA_Cmd)
    DMA_GetCurrentMemoryTarget               0x0800199d   Thumb Code    20  stm32f4xx_dma.o(i.DMA_GetCurrentMemoryTarget)
    DebugMon_Handler                         0x080019b1   Thumb Code     2  stm32f4xx_it.o(i.DebugMon_Handler)
    GM6020_Can_Send_Msg                      0x080019b5   Thumb Code    94  can1.o(i.GM6020_Can_Send_Msg)
    GM6020_update_pid                        0x08001a19   Thumb Code   384  gimbal_task.o(i.GM6020_update_pid)
    GPIO_Init                                0x08001be1   Thumb Code   144  stm32f4xx_gpio.o(i.GPIO_Init)
    GPIO_PinAFConfig                         0x08001c71   Thumb Code    70  stm32f4xx_gpio.o(i.GPIO_PinAFConfig)
    GPIO_ResetBits                           0x08001cb7   Thumb Code     4  stm32f4xx_gpio.o(i.GPIO_ResetBits)
    GPIO_SetBits                             0x08001cbb   Thumb Code     4  stm32f4xx_gpio.o(i.GPIO_SetBits)
    Gimbal_task                              0x08001cbf   Thumb Code    34  gimbal_task.o(i.Gimbal_task)
    Gun_task                                 0x08001ce1   Thumb Code    16  gun_task.o(i.Gun_task)
    HardFault_Handler                        0x08001cf1   Thumb Code     4  stm32f4xx_it.o(i.HardFault_Handler)
    Host2SCS                                 0x08001cf5   Thumb Code    22  scs.o(i.Host2SCS)
    Init_task                                0x08001d11   Thumb Code   292  start_task.o(i.Init_task)
    MemManage_Handler                        0x08001e5d   Thumb Code     4  stm32f4xx_it.o(i.MemManage_Handler)
    Mem_Clr                                  0x08001e61   Thumb Code    18  lib_mem.o(i.Mem_Clr)
    Mem_Set                                  0x08001e73   Thumb Code    84  lib_mem.o(i.Mem_Set)
    NMI_Handler                              0x08001ec7   Thumb Code     2  stm32f4xx_it.o(i.NMI_Handler)
    NVIC_Init                                0x08001ec9   Thumb Code   106  misc.o(i.NVIC_Init)
    NVIC_PriorityGroupConfig                 0x08001f41   Thumb Code    10  misc.o(i.NVIC_PriorityGroupConfig)
    OSCfg_Init                               0x08001f55   Thumb Code    72  os_cfg_app.o(i.OSCfg_Init)
    OSIdleTaskHook                           0x08002025   Thumb Code    16  os_cpu_c.o(i.OSIdleTaskHook)
    OSInit                                   0x08002039   Thumb Code   270  os_core.o(i.OSInit)
    OSInitHook                               0x0800219d   Thumb Code    28  os_cpu_c.o(i.OSInitHook)
    OSIntEnter                               0x080021c5   Thumb Code    34  os_core.o(i.OSIntEnter)
    OSIntExit                                0x080021f1   Thumb Code   188  os_core.o(i.OSIntExit)
    OSSched                                  0x080022cd   Thumb Code   130  os_core.o(i.OSSched)
    OSSchedLock                              0x0800236d   Thumb Code   104  os_core.o(i.OSSchedLock)
    OSSchedUnlock                            0x080023e1   Thumb Code   136  os_core.o(i.OSSchedUnlock)
    OSStart                                  0x08002475   Thumb Code    78  os_core.o(i.OSStart)
    OSStatReset                              0x080024dd   Thumb Code   262  os_stat.o(i.OSStatReset)
    OSStatTaskCPUUsageInit                   0x08002605   Thumb Code   212  os_stat.o(i.OSStatTaskCPUUsageInit)
    OSStatTaskHook                           0x080026f5   Thumb Code    16  os_cpu_c.o(i.OSStatTaskHook)
    OSTaskCreate                             0x08002709   Thumb Code   396  os_task.o(i.OSTaskCreate)
    OSTaskCreateHook                         0x080028a9   Thumb Code    20  os_cpu_c.o(i.OSTaskCreateHook)
    OSTaskDel                                0x080028c1   Thumb Code   278  os_task.o(i.OSTaskDel)
    OSTaskDelHook                            0x080029e9   Thumb Code    20  os_cpu_c.o(i.OSTaskDelHook)
    OSTaskResume                             0x08002a01   Thumb Code    96  os_task.o(i.OSTaskResume)
    OSTaskReturnHook                         0x08002a69   Thumb Code    20  os_cpu_c.o(i.OSTaskReturnHook)
    OSTaskSemPend                            0x08002a81   Thumb Code   464  os_task.o(i.OSTaskSemPend)
    OSTaskSemPost                            0x08002c5d   Thumb Code    62  os_task.o(i.OSTaskSemPost)
    OSTaskStkChk                             0x08002c9d   Thumb Code   204  os_task.o(i.OSTaskStkChk)
    OSTaskStkInit                            0x08002d71   Thumb Code   600  os_cpu_c.o(i.OSTaskStkInit)
    OSTaskSuspend                            0x08002fcd   Thumb Code    48  os_task.o(i.OSTaskSuspend)
    OSTaskSwHook                             0x08003005   Thumb Code   120  os_cpu_c.o(i.OSTaskSwHook)
    OSTimeDly                                0x0800308d   Thumb Code   182  os_time.o(i.OSTimeDly)
    OSTimeTick                               0x08003151   Thumb Code    50  os_time.o(i.OSTimeTick)
    OSTimeTickHook                           0x08003195   Thumb Code    16  os_cpu_c.o(i.OSTimeTickHook)
    OSTmrCreate                              0x080031a9   Thumb Code   192  os_tmr.o(i.OSTmrCreate)
    OS_Dbg_Init                              0x08003275   Thumb Code   144  os_dbg.o(i.OS_Dbg_Init)
    OS_FlagInit                              0x0800341d   Thumb Code    14  os_flag.o(i.OS_FlagInit)
    OS_IdleTask                              0x08003435   Thumb Code    60  os_core.o(i.OS_IdleTask)
    OS_IdleTaskInit                          0x08003479   Thumb Code    66  os_core.o(i.OS_IdleTaskInit)
    OS_MemInit                               0x080034e9   Thumb Code    14  os_mem.o(i.OS_MemInit)
    OS_MsgPoolCreate                         0x08003501   Thumb Code    54  os_msg.o(i.OS_MsgPoolCreate)
    OS_MsgPoolInit                           0x08003539   Thumb Code    70  os_msg.o(i.OS_MsgPoolInit)
    OS_MsgQFreeAll                           0x0800358d   Thumb Code    62  os_msg.o(i.OS_MsgQFreeAll)
    OS_MsgQInit                              0x080035d1   Thumb Code    14  os_msg.o(i.OS_MsgQInit)
    OS_MutexInit                             0x080035e1   Thumb Code    14  os_mutex.o(i.OS_MutexInit)
    OS_Pend                                  0x080035f9   Thumb Code    98  os_core.o(i.OS_Pend)
    OS_PendDataInit                          0x08003661   Thumb Code    38  os_core.o(i.OS_PendDataInit)
    OS_PendDbgNameAdd                        0x08003689   Thumb Code    66  os_core.o(i.OS_PendDbgNameAdd)
    OS_PendDbgNameRemove                     0x080036e5   Thumb Code    30  os_core.o(i.OS_PendDbgNameRemove)
    OS_PendListInsertPrio                    0x08003709   Thumb Code   102  os_core.o(i.OS_PendListInsertPrio)
    OS_PendListRemove                        0x0800376f   Thumb Code    48  os_core.o(i.OS_PendListRemove)
    OS_PendListRemove1                       0x0800379f   Thumb Code    66  os_core.o(i.OS_PendListRemove1)
    OS_Post                                  0x080037e1   Thumb Code   192  os_core.o(i.OS_Post)
    OS_Post1                                 0x080038a1   Thumb Code    42  os_core.o(i.OS_Post1)
    OS_PrioGetHighest                        0x080038cd   Thumb Code    36  os_prio.o(i.OS_PrioGetHighest)
    OS_PrioInit                              0x080038f5   Thumb Code    20  os_prio.o(i.OS_PrioInit)
    OS_PrioInsert                            0x0800390d   Thumb Code    32  os_prio.o(i.OS_PrioInsert)
    OS_PrioRemove                            0x08003931   Thumb Code    32  os_prio.o(i.OS_PrioRemove)
    OS_QInit                                 0x08003955   Thumb Code    14  os_q.o(i.OS_QInit)
    OS_RdyListInit                           0x0800396d   Thumb Code    32  os_core.o(i.OS_RdyListInit)
    OS_RdyListInsert                         0x08003991   Thumb Code    40  os_core.o(i.OS_RdyListInsert)
    OS_RdyListInsertHead                     0x080039bd   Thumb Code    58  os_core.o(i.OS_RdyListInsertHead)
    OS_RdyListInsertTail                     0x080039fd   Thumb Code    56  os_core.o(i.OS_RdyListInsertTail)
    OS_RdyListRemove                         0x08003a39   Thumb Code    86  os_core.o(i.OS_RdyListRemove)
    OS_SchedLockTimeMeasStart                0x08003a95   Thumb Code    20  os_core.o(i.OS_SchedLockTimeMeasStart)
    OS_SchedLockTimeMeasStop                 0x08003ab1   Thumb Code    44  os_core.o(i.OS_SchedLockTimeMeasStop)
    OS_SemInit                               0x08003aed   Thumb Code    14  os_sem.o(i.OS_SemInit)
    OS_StatTask                              0x08003b05   Thumb Code   686  os_stat.o(i.OS_StatTask)
    OS_StatTaskInit                          0x08003df1   Thumb Code   136  os_stat.o(i.OS_StatTaskInit)
    OS_TaskBlock                             0x08003ebd   Thumb Code    56  os_core.o(i.OS_TaskBlock)
    OS_TaskDbgListAdd                        0x08003ef5   Thumb Code    42  os_task.o(i.OS_TaskDbgListAdd)
    OS_TaskDbgListRemove                     0x08003f25   Thumb Code    64  os_task.o(i.OS_TaskDbgListRemove)
    OS_TaskInit                              0x08003f69   Thumb Code    18  os_task.o(i.OS_TaskInit)
    OS_TaskInitTCB                           0x08003f89   Thumb Code   186  os_task.o(i.OS_TaskInitTCB)
    OS_TaskRdy                               0x08004051   Thumb Code    28  os_core.o(i.OS_TaskRdy)
    OS_TaskResume                            0x0800406d   Thumb Code   256  os_task.o(i.OS_TaskResume)
    OS_TaskReturn                            0x0800416d   Thumb Code    20  os_task.o(i.OS_TaskReturn)
    OS_TaskSemPost                           0x08004185   Thumb Code   448  os_task.o(i.OS_TaskSemPost)
    OS_TaskSuspend                           0x08004349   Thumb Code   272  os_task.o(i.OS_TaskSuspend)
    OS_TickListInit                          0x08004461   Thumb Code    32  os_tick.o(i.OS_TickListInit)
    OS_TickListInsert                        0x08004489   Thumb Code   430  os_tick.o(i.OS_TickListInsert)
    OS_TickListRemove                        0x08004645   Thumb Code    56  os_tick.o(i.OS_TickListRemove)
    OS_TickListResetPeak                     0x0800467d   Thumb Code    28  os_tick.o(i.OS_TickListResetPeak)
    OS_TickListUpdate                        0x080046a1   Thumb Code   376  os_tick.o(i.OS_TickListUpdate)
    OS_TickTask                              0x08004829   Thumb Code    38  os_tick.o(i.OS_TickTask)
    OS_TickTaskInit                          0x08004855   Thumb Code   128  os_tick.o(i.OS_TickTaskInit)
    OS_TmrDbgListAdd                         0x0800490d   Thumb Code    34  os_tmr.o(i.OS_TmrDbgListAdd)
    OS_TmrInit                               0x08004935   Thumb Code   206  os_tmr.o(i.OS_TmrInit)
    OS_TmrLink                               0x08004a5d   Thumb Code   196  os_tmr.o(i.OS_TmrLink)
    OS_TmrResetPeak                          0x08004b2d   Thumb Code    28  os_tmr.o(i.OS_TmrResetPeak)
    OS_TmrTask                               0x08004b51   Thumb Code   176  os_tmr.o(i.OS_TmrTask)
    OS_TmrUnlink                             0x08004c11   Thumb Code    72  os_tmr.o(i.OS_TmrUnlink)
    PID_C610_Velocity                        0x08004c61   Thumb Code   254  gimbal_task.o(i.PID_C610_Velocity)
    PID_GM6020_Velocity                      0x08004d85   Thumb Code   288  gimbal_task.o(i.PID_GM6020_Velocity)
    RCC_AHB1PeriphClockCmd                   0x08004ec1   Thumb Code    26  stm32f4xx_rcc.o(i.RCC_AHB1PeriphClockCmd)
    RCC_APB1PeriphClockCmd                   0x08004ee1   Thumb Code    26  stm32f4xx_rcc.o(i.RCC_APB1PeriphClockCmd)
    RCC_APB1PeriphResetCmd                   0x08004f01   Thumb Code    26  stm32f4xx_rcc.o(i.RCC_APB1PeriphResetCmd)
    RCC_APB2PeriphClockCmd                   0x08004f21   Thumb Code    26  stm32f4xx_rcc.o(i.RCC_APB2PeriphClockCmd)
    RCC_GetClocksFreq                        0x08004f41   Thumb Code   214  stm32f4xx_rcc.o(i.RCC_GetClocksFreq)
    RemoteDataProcess                        0x08005029   Thumb Code   698  uart1.o(i.RemoteDataProcess)
    STS3032_ServoControl                     0x08005311   Thumb Code    96  gimbal_task.o(i.STS3032_ServoControl)
    SVC_Handler                              0x0800537d   Thumb Code     2  stm32f4xx_it.o(i.SVC_Handler)
    StartTaskCreate                          0x080054a1   Thumb Code    54  start_task.o(i.StartTaskCreate)
    SysTick_CLKSourceConfig                  0x080054f1   Thumb Code    40  misc.o(i.SysTick_CLKSourceConfig)
    SysTick_Handler                          0x08005519   Thumb Code    52  delay.o(i.SysTick_Handler)
    SystemInit                               0x08005551   Thumb Code    88  system_stm32f4xx.o(i.SystemInit)
    TIM2_PWM_Init                            0x080055b9   Thumb Code   260  pwm.o(i.TIM2_PWM_Init)
    TIM4_PWM_Init                            0x080056c1   Thumb Code   250  pwm.o(i.TIM4_PWM_Init)
    TIM5_PWM_Init                            0x080057c5   Thumb Code   216  pwm.o(i.TIM5_PWM_Init)
    TIM8_PWM_Init                            0x080058a5   Thumb Code   246  pwm.o(i.TIM8_PWM_Init)
    TIM_ARRPreloadConfig                     0x080059a5   Thumb Code    24  stm32f4xx_tim.o(i.TIM_ARRPreloadConfig)
    TIM_Cmd                                  0x080059bd   Thumb Code    24  stm32f4xx_tim.o(i.TIM_Cmd)
    TIM_CtrlPWMOutputs                       0x080059d5   Thumb Code    30  stm32f4xx_tim.o(i.TIM_CtrlPWMOutputs)
    TIM_OC1Init                              0x080059f5   Thumb Code   114  stm32f4xx_tim.o(i.TIM_OC1Init)
    TIM_OC1PreloadConfig                     0x08005a71   Thumb Code    18  stm32f4xx_tim.o(i.TIM_OC1PreloadConfig)
    TIM_OC2Init                              0x08005a85   Thumb Code   154  stm32f4xx_tim.o(i.TIM_OC2Init)
    TIM_OC2PreloadConfig                     0x08005b29   Thumb Code    26  stm32f4xx_tim.o(i.TIM_OC2PreloadConfig)
    TIM_OC3Init                              0x08005b45   Thumb Code   150  stm32f4xx_tim.o(i.TIM_OC3Init)
    TIM_OC3PreloadConfig                     0x08005be5   Thumb Code    18  stm32f4xx_tim.o(i.TIM_OC3PreloadConfig)
    TIM_OC4Init                              0x08005bf9   Thumb Code   112  stm32f4xx_tim.o(i.TIM_OC4Init)
    TIM_OC4PreloadConfig                     0x08005c71   Thumb Code    26  stm32f4xx_tim.o(i.TIM_OC4PreloadConfig)
    TIM_TimeBaseInit                         0x08005c8d   Thumb Code   104  stm32f4xx_tim.o(i.TIM_TimeBaseInit)
    TX2_Transmit_Start                       0x08005d11   Thumb Code    36  uart3.o(i.TX2_Transmit_Start)
    TX2_USART3_Init                          0x08005d3d   Thumb Code   164  uart3.o(i.TX2_USART3_Init)
    USART1_IRQHandler                        0x08005de9   Thumb Code   156  uart1.o(i.USART1_IRQHandler)
    USART3_IRQHandler                        0x08005e91   Thumb Code  1142  uart3.o(i.USART3_IRQHandler)
    USART6_IRQHandler                        0x08006315   Thumb Code   270  uart6.o(i.USART6_IRQHandler)
    USART6_Init                              0x08006439   Thumb Code   164  uart6.o(i.USART6_Init)
    USART_ClearFlag                          0x080064e9   Thumb Code    18  stm32f4xx_usart.o(i.USART_ClearFlag)
    USART_ClearITPendingBit                  0x080064fb   Thumb Code    30  stm32f4xx_usart.o(i.USART_ClearITPendingBit)
    USART_Cmd                                0x08006519   Thumb Code    24  stm32f4xx_usart.o(i.USART_Cmd)
    USART_GetFlagStatus                      0x08006531   Thumb Code    26  stm32f4xx_usart.o(i.USART_GetFlagStatus)
    USART_GetITStatus                        0x0800654b   Thumb Code    84  stm32f4xx_usart.o(i.USART_GetITStatus)
    USART_ITConfig                           0x0800659f   Thumb Code    74  stm32f4xx_usart.o(i.USART_ITConfig)
    USART_Init                               0x080065e9   Thumb Code   204  stm32f4xx_usart.o(i.USART_Init)
    USART_ReceiveData                        0x080066bd   Thumb Code    10  stm32f4xx_usart.o(i.USART_ReceiveData)
    USART_SendData                           0x080066c7   Thumb Code     8  stm32f4xx_usart.o(i.USART_SendData)
    Uart6_Flush                              0x080066d1   Thumb Code    12  uart6.o(i.Uart6_Flush)
    Uart6_Read                               0x080066e5   Thumb Code    52  uart6.o(i.Uart6_Read)
    Uart6_Send                               0x08006725   Thumb Code    58  uart6.o(i.Uart6_Send)
    UsageFault_Handler                       0x08006765   Thumb Code     4  stm32f4xx_it.o(i.UsageFault_Handler)
    User_GPIO_Init                           0x08006769   Thumb Code   308  gpio.o(i.User_GPIO_Init)
    WritePosEx                               0x080068b5   Thumb Code    80  sms_sts.o(i.WritePosEx)
    calc_crc16_modbus                        0x08006905   Thumb Code    40  uart3.o(i.calc_crc16_modbus)
    checkHead                                0x08006931   Thumb Code    78  scs.o(i.checkHead)
    delay_init                               0x08006981   Thumb Code    94  delay.o(i.delay_init)
    delay_ms                                 0x080069f1   Thumb Code    72  delay.o(i.delay_ms)
    delay_us                                 0x08006a45   Thumb Code    90  delay.o(i.delay_us)
    genWrite                                 0x08006aa5   Thumb Code    42  scs.o(i.genWrite)
    main                                     0x08006acf   Thumb Code    58  main.o(i.main)
    motorEnable                              0x08006b09   Thumb Code    76  can1.o(i.motorEnable)
    nopDelay                                 0x08006b59   Thumb Code    18  scserail.o(i.nopDelay)
    rFlushSCS                                0x08006b6b   Thumb Code    12  scserail.o(i.rFlushSCS)
    readSCS                                  0x08006b79   Thumb Code    64  scserail.o(i.readSCS)
    readSnakeEncorder                        0x08006bbd   Thumb Code    48  can1.o(i.readSnakeEncorder)
    setMotorTargetAcspeed                    0x08006bf1   Thumb Code    76  can1.o(i.setMotorTargetAcspeed)
    setMotorTargetCurrent                    0x08006c41   Thumb Code    76  can1.o(i.setMotorTargetCurrent)
    setMotorTargetDespeed                    0x08006c91   Thumb Code    76  can1.o(i.setMotorTargetDespeed)
    setMotorTargetPosition                   0x08006ce1   Thumb Code    76  can1.o(i.setMotorTargetPosition)
    setMotorTargetSpeed                      0x08006d31   Thumb Code    76  can1.o(i.setMotorTargetSpeed)
    start_task                               0x08006d81   Thumb Code   336  start_task.o(i.start_task)
    tmr1_callback                            0x08006f55   Thumb Code     8  gun_task.o(i.tmr1_callback)
    tmr2_callback                            0x08006f61   Thumb Code     2  gun_task.o(i.tmr2_callback)
    wFlushSCS                                0x08006f65   Thumb Code    26  scserail.o(i.wFlushSCS)
    writeBuf                                 0x08006f89   Thumb Code   146  scs.o(i.writeBuf)
    writeSCS                                 0x0800701d   Thumb Code    50  scserail.o(i.writeSCS)
    __aeabi_d2f                              0x08007059   Thumb Code     0  d2f.o(x$fpl$d2f)
    _d2f                                     0x08007059   Thumb Code    98  d2f.o(x$fpl$d2f)
    __aeabi_dadd                             0x080070bd   Thumb Code     0  daddsub_clz.o(x$fpl$dadd)
    _dadd                                    0x080070bd   Thumb Code   332  daddsub_clz.o(x$fpl$dadd)
    __aeabi_d2iz                             0x0800720d   Thumb Code     0  dfix.o(x$fpl$dfix)
    _dfix                                    0x0800720d   Thumb Code    94  dfix.o(x$fpl$dfix)
    __aeabi_i2d                              0x0800726b   Thumb Code     0  dflt_clz.o(x$fpl$dflt)
    _dflt                                    0x0800726b   Thumb Code    46  dflt_clz.o(x$fpl$dflt)
    __aeabi_dmul                             0x08007299   Thumb Code     0  dmul.o(x$fpl$dmul)
    _dmul                                    0x08007299   Thumb Code   332  dmul.o(x$fpl$dmul)
    __fpl_dnaninf                            0x080073ed   Thumb Code   156  dnaninf.o(x$fpl$dnaninf)
    __fpl_dretinf                            0x08007489   Thumb Code    12  dretinf.o(x$fpl$dretinf)
    __aeabi_dsub                             0x08007495   Thumb Code     0  daddsub_clz.o(x$fpl$dsub)
    _dsub                                    0x08007495   Thumb Code   464  daddsub_clz.o(x$fpl$dsub)
    _fp_init                                 0x08007669   Thumb Code    10  fpinit.o(x$fpl$fpinit)
    __fplib_config_fpu_vfp                   0x08007671   Thumb Code     0  fpinit.o(x$fpl$fpinit)
    __fplib_config_pureend_doubles           0x08007671   Thumb Code     0  fpinit.o(x$fpl$fpinit)
    __fpl_fretinf                            0x08007673   Thumb Code    10  fretinf.o(x$fpl$fretinf)
    __I$use$fp                               0x0800767c   Number         0  usenofp.o(x$fpl$usenofp)
    crc16_table                              0x0800767c   Data         512  uart3.o(.constdata)
    OSCfg_IdleTaskStkBasePtr                 0x0800787c   Data           4  os_cfg_app.o(.constdata)
    OSCfg_IdleTaskStkLimit                   0x08007880   Data           4  os_cfg_app.o(.constdata)
    OSCfg_IdleTaskStkSize                    0x08007884   Data           4  os_cfg_app.o(.constdata)
    OSCfg_IdleTaskStkSizeRAM                 0x08007888   Data           4  os_cfg_app.o(.constdata)
    OSCfg_IntQBasePtr                        0x0800788c   Data           4  os_cfg_app.o(.constdata)
    OSCfg_IntQSize                           0x08007890   Data           2  os_cfg_app.o(.constdata)
    OSCfg_IntQSizeRAM                        0x08007894   Data           4  os_cfg_app.o(.constdata)
    OSCfg_IntQTaskStkBasePtr                 0x08007898   Data           4  os_cfg_app.o(.constdata)
    OSCfg_IntQTaskStkLimit                   0x0800789c   Data           4  os_cfg_app.o(.constdata)
    OSCfg_IntQTaskStkSize                    0x080078a0   Data           4  os_cfg_app.o(.constdata)
    OSCfg_IntQTaskStkSizeRAM                 0x080078a4   Data           4  os_cfg_app.o(.constdata)
    OSCfg_ISRStkBasePtr                      0x080078a8   Data           4  os_cfg_app.o(.constdata)
    OSCfg_ISRStkSize                         0x080078ac   Data           4  os_cfg_app.o(.constdata)
    OSCfg_ISRStkSizeRAM                      0x080078b0   Data           4  os_cfg_app.o(.constdata)
    OSCfg_MsgPoolSize                        0x080078b4   Data           2  os_cfg_app.o(.constdata)
    OSCfg_MsgPoolSizeRAM                     0x080078b8   Data           4  os_cfg_app.o(.constdata)
    OSCfg_MsgPoolBasePtr                     0x080078bc   Data           4  os_cfg_app.o(.constdata)
    OSCfg_StatTaskPrio                       0x080078c0   Data           1  os_cfg_app.o(.constdata)
    OSCfg_StatTaskRate_Hz                    0x080078c4   Data           4  os_cfg_app.o(.constdata)
    OSCfg_StatTaskStkBasePtr                 0x080078c8   Data           4  os_cfg_app.o(.constdata)
    OSCfg_StatTaskStkLimit                   0x080078cc   Data           4  os_cfg_app.o(.constdata)
    OSCfg_StatTaskStkSize                    0x080078d0   Data           4  os_cfg_app.o(.constdata)
    OSCfg_StatTaskStkSizeRAM                 0x080078d4   Data           4  os_cfg_app.o(.constdata)
    OSCfg_StkSizeMin                         0x080078d8   Data           4  os_cfg_app.o(.constdata)
    OSCfg_TickRate_Hz                        0x080078dc   Data           4  os_cfg_app.o(.constdata)
    OSCfg_TickTaskPrio                       0x080078e0   Data           1  os_cfg_app.o(.constdata)
    OSCfg_TickTaskStkBasePtr                 0x080078e4   Data           4  os_cfg_app.o(.constdata)
    OSCfg_TickTaskStkLimit                   0x080078e8   Data           4  os_cfg_app.o(.constdata)
    OSCfg_TickTaskStkSize                    0x080078ec   Data           4  os_cfg_app.o(.constdata)
    OSCfg_TickTaskStkSizeRAM                 0x080078f0   Data           4  os_cfg_app.o(.constdata)
    OSCfg_TickWheelSize                      0x080078f4   Data           2  os_cfg_app.o(.constdata)
    OSCfg_TickWheelSizeRAM                   0x080078f8   Data           4  os_cfg_app.o(.constdata)
    OSCfg_TmrTaskPrio                        0x080078fc   Data           1  os_cfg_app.o(.constdata)
    OSCfg_TmrTaskRate_Hz                     0x08007900   Data           4  os_cfg_app.o(.constdata)
    OSCfg_TmrTaskStkBasePtr                  0x08007904   Data           4  os_cfg_app.o(.constdata)
    OSCfg_TmrTaskStkLimit                    0x08007908   Data           4  os_cfg_app.o(.constdata)
    OSCfg_TmrTaskStkSize                     0x0800790c   Data           4  os_cfg_app.o(.constdata)
    OSCfg_TmrTaskStkSizeRAM                  0x08007910   Data           4  os_cfg_app.o(.constdata)
    OSCfg_TmrWheelSize                       0x08007914   Data           2  os_cfg_app.o(.constdata)
    OSCfg_TmrWheelSizeRAM                    0x08007918   Data           4  os_cfg_app.o(.constdata)
    OSCfg_DataSizeRAM                        0x0800791c   Data           4  os_cfg_app.o(.constdata)
    OSDbg_DbgEn                              0x08007920   Data           2  os_dbg.o(.constdata)
    OSDbg_ArgChkEn                           0x08007922   Data           1  os_dbg.o(.constdata)
    OSDbg_AppHooksEn                         0x08007923   Data           1  os_dbg.o(.constdata)
    OSDbg_EndiannessTest                     0x08007924   Data           4  os_dbg.o(.constdata)
    OSDbg_CalledFromISRChkEn                 0x08007928   Data           1  os_dbg.o(.constdata)
    OSDbg_FlagEn                             0x08007929   Data           1  os_dbg.o(.constdata)
    OSDbg_FlagGrp                            0x0800792c   Data          40  os_dbg.o(.constdata)
    OSDbg_FlagDelEn                          0x08007954   Data           1  os_dbg.o(.constdata)
    OSDbg_FlagModeClrEn                      0x08007955   Data           1  os_dbg.o(.constdata)
    OSDbg_FlagPendAbortEn                    0x08007956   Data           1  os_dbg.o(.constdata)
    OSDbg_FlagGrpSize                        0x08007958   Data           2  os_dbg.o(.constdata)
    OSDbg_FlagWidth                          0x0800795a   Data           2  os_dbg.o(.constdata)
    OSDbg_IntQ                               0x0800795c   Data           2  os_dbg.o(.constdata)
    OSDbg_ISRPostDeferredEn                  0x0800795e   Data           1  os_dbg.o(.constdata)
    OSDbg_Mem                                0x08007960   Data          32  os_dbg.o(.constdata)
    OSDbg_MemEn                              0x08007980   Data           1  os_dbg.o(.constdata)
    OSDbg_MemSize                            0x08007982   Data           2  os_dbg.o(.constdata)
    OSDbg_MsgEn                              0x08007984   Data           1  os_dbg.o(.constdata)
    OSDbg_MsgSize                            0x08007986   Data           2  os_dbg.o(.constdata)
    OSDbg_MsgPoolSize                        0x08007988   Data           2  os_dbg.o(.constdata)
    OSDbg_MsgQSize                           0x0800798a   Data           2  os_dbg.o(.constdata)
    OSDbg_Mutex                              0x0800798c   Data          44  os_dbg.o(.constdata)
    OSDbg_MutexEn                            0x080079b8   Data           1  os_dbg.o(.constdata)
    OSDbg_MutexDelEn                         0x080079b9   Data           1  os_dbg.o(.constdata)
    OSDbg_MutexPendAbortEn                   0x080079ba   Data           1  os_dbg.o(.constdata)
    OSDbg_MutexSize                          0x080079bc   Data           2  os_dbg.o(.constdata)
    OSDbg_ObjTypeChkEn                       0x080079be   Data           1  os_dbg.o(.constdata)
    OSDbg_PendMultiEn                        0x080079bf   Data           1  os_dbg.o(.constdata)
    OSDbg_PendDataSize                       0x080079c0   Data           2  os_dbg.o(.constdata)
    OSDbg_PendListSize                       0x080079c2   Data           2  os_dbg.o(.constdata)
    OSDbg_PendObjSize                        0x080079c4   Data           2  os_dbg.o(.constdata)
    OSDbg_PrioMax                            0x080079c6   Data           2  os_dbg.o(.constdata)
    OSDbg_PrioTblSize                        0x080079c8   Data           2  os_dbg.o(.constdata)
    OSDbg_PtrSize                            0x080079ca   Data           2  os_dbg.o(.constdata)
    OSDbg_Q                                  0x080079cc   Data          48  os_dbg.o(.constdata)
    OSDbg_QEn                                0x080079fc   Data           1  os_dbg.o(.constdata)
    OSDbg_QDelEn                             0x080079fd   Data           1  os_dbg.o(.constdata)
    OSDbg_QFlushEn                           0x080079fe   Data           1  os_dbg.o(.constdata)
    OSDbg_QPendAbortEn                       0x080079ff   Data           1  os_dbg.o(.constdata)
    OSDbg_QSize                              0x08007a00   Data           2  os_dbg.o(.constdata)
    OSDbg_SchedRoundRobinEn                  0x08007a02   Data           1  os_dbg.o(.constdata)
    OSDbg_Sem                                0x08007a04   Data          40  os_dbg.o(.constdata)
    OSDbg_SemEn                              0x08007a2c   Data           1  os_dbg.o(.constdata)
    OSDbg_SemDelEn                           0x08007a2d   Data           1  os_dbg.o(.constdata)
    OSDbg_SemPendAbortEn                     0x08007a2e   Data           1  os_dbg.o(.constdata)
    OSDbg_SemSetEn                           0x08007a2f   Data           1  os_dbg.o(.constdata)
    OSDbg_SemSize                            0x08007a30   Data           2  os_dbg.o(.constdata)
    OSDbg_RdyList                            0x08007a32   Data           2  os_dbg.o(.constdata)
    OSDbg_RdyListSize                        0x08007a34   Data           4  os_dbg.o(.constdata)
    OSDbg_StkWidth                           0x08007a38   Data           1  os_dbg.o(.constdata)
    OSDbg_StatTaskEn                         0x08007a39   Data           1  os_dbg.o(.constdata)
    OSDbg_StatTaskStkChkEn                   0x08007a3a   Data           1  os_dbg.o(.constdata)
    OSDbg_TaskChangePrioEn                   0x08007a3b   Data           1  os_dbg.o(.constdata)
    OSDbg_TaskDelEn                          0x08007a3c   Data           1  os_dbg.o(.constdata)
    OSDbg_TaskQEn                            0x08007a3d   Data           1  os_dbg.o(.constdata)
    OSDbg_TaskQPendAbortEn                   0x08007a3e   Data           1  os_dbg.o(.constdata)
    OSDbg_TaskProfileEn                      0x08007a3f   Data           1  os_dbg.o(.constdata)
    OSDbg_TaskRegTblSize                     0x08007a40   Data           2  os_dbg.o(.constdata)
    OSDbg_TaskSemPendAbortEn                 0x08007a42   Data           1  os_dbg.o(.constdata)
    OSDbg_TaskSuspendEn                      0x08007a43   Data           1  os_dbg.o(.constdata)
    OSDbg_TCBSize                            0x08007a44   Data           2  os_dbg.o(.constdata)
    OSDbg_TickSpokeSize                      0x08007a46   Data           2  os_dbg.o(.constdata)
    OSDbg_TimeDlyHMSMEn                      0x08007a48   Data           1  os_dbg.o(.constdata)
    OSDbg_TimeDlyResumeEn                    0x08007a49   Data           1  os_dbg.o(.constdata)
    OSDbg_TLS_TblSize                        0x08007a4a   Data           2  os_dbg.o(.constdata)
    OSDbg_Tmr                                0x08007a4c   Data          52  os_dbg.o(.constdata)
    OSDbg_TmrEn                              0x08007a80   Data           1  os_dbg.o(.constdata)
    OSDbg_TmrDelEn                           0x08007a81   Data           1  os_dbg.o(.constdata)
    OSDbg_TmrSize                            0x08007a82   Data           2  os_dbg.o(.constdata)
    OSDbg_TmrSpokeSize                       0x08007a84   Data           2  os_dbg.o(.constdata)
    OSDbg_VersionNbr                         0x08007a86   Data           2  os_dbg.o(.constdata)
    OSDbg_DataSize                           0x08007a88   Data           4  os_dbg.o(.constdata)
    Region$$Table$$Base                      0x08007a8c   Number         0  anon$$obj.o(Region$$Table)
    Region$$Table$$Limit                     0x08007aac   Number         0  anon$$obj.o(Region$$Table)
    GM6020_output_limit                      0x20000000   Data           4  gimbal_task.o(.data)
    GM6020_error                             0x20000004   Data           4  gimbal_task.o(.data)
    GM6020_position_difference               0x20000008   Data           4  gimbal_task.o(.data)
    GM6020_Kp                                0x20000010   Data           8  gimbal_task.o(.data)
    GM6020_Ki                                0x20000018   Data           8  gimbal_task.o(.data)
    GM6020_Kd                                0x20000020   Data           8  gimbal_task.o(.data)
    GM6020_output                            0x20000028   Data           4  gimbal_task.o(.data)
    GM6020_prev_error                        0x2000002c   Data           4  gimbal_task.o(.data)
    GM6020_integral                          0x20000030   Data           4  gimbal_task.o(.data)
    GM6020_derivative                        0x20000034   Data           4  gimbal_task.o(.data)
    C610_output_limit                        0x20000038   Data           4  gimbal_task.o(.data)
    C610_error                               0x2000003c   Data           4  gimbal_task.o(.data)
    C610_position_difference                 0x20000040   Data           4  gimbal_task.o(.data)
    C610_Kp                                  0x20000048   Data           8  gimbal_task.o(.data)
    C610_Ki                                  0x20000050   Data           8  gimbal_task.o(.data)
    C610_Kd                                  0x20000058   Data           8  gimbal_task.o(.data)
    C610_output                              0x20000060   Data           4  gimbal_task.o(.data)
    C610_prev_error                          0x20000064   Data           4  gimbal_task.o(.data)
    C610_integral                            0x20000068   Data           4  gimbal_task.o(.data)
    C610_derivative                          0x2000006c   Data           4  gimbal_task.o(.data)
    continue_flag                            0x20000090   Data           4  gun_task.o(.data)
    head                                     0x200000a8   Data           4  uart6.o(.data)
    tail                                     0x200000ac   Data           4  uart6.o(.data)
    STS3032_Pos                              0x200000b4   Data           2  uart6.o(.data)
    STS3032_Speed                            0x200000b8   Data           4  uart6.o(.data)
    STS3032_Load                             0x200000bc   Data           4  uart6.o(.data)
    STS3032_Voltage                          0x200000c0   Data           4  uart6.o(.data)
    STS3032_Temper                           0x200000c4   Data           4  uart6.o(.data)
    STS3032_Move                             0x200000c8   Data           4  uart6.o(.data)
    STS3032_Current                          0x200000cc   Data           4  uart6.o(.data)
    Vy                                       0x200000d0   Data           2  uart1.o(.data)
    Vx                                       0x200000d2   Data           2  uart1.o(.data)
    Vw                                       0x200000d4   Data           2  uart1.o(.data)
    Vy_mid                                   0x200000d6   Data           2  uart1.o(.data)
    Vx_mid                                   0x200000d8   Data           2  uart1.o(.data)
    Vy_keyboard                              0x200000dc   Data           4  uart1.o(.data)
    Vx_keyboard                              0x200000e0   Data           4  uart1.o(.data)
    Vy_rocker                                0x200000e4   Data           2  uart1.o(.data)
    Vx_rocker                                0x200000e6   Data           2  uart1.o(.data)
    keyboard                                 0x200000e8   Data           4  uart1.o(.data)
    V_mousex                                 0x200000ec   Data           4  uart1.o(.data)
    V_mousey                                 0x200000f0   Data           4  uart1.o(.data)
    flag_bo                                  0x200000f4   Data           4  uart1.o(.data)
    mouse_x                                  0x200000f8   Data           8  uart1.o(.data)
    mouse_y                                  0x20000100   Data           8  uart1.o(.data)
    avemousex                                0x20000108   Data           4  uart1.o(.data)
    avemousey                                0x2000010c   Data           4  uart1.o(.data)
    V_max                                    0x20000110   Data           2  uart1.o(.data)
    V_min                                    0x20000112   Data           2  uart1.o(.data)
    V_mid                                    0x20000114   Data           2  uart1.o(.data)
    acceleration_min                         0x20000118   Data           4  uart1.o(.data)
    acceleration_mid                         0x2000011c   Data           4  uart1.o(.data)
    acceleration_max                         0x20000120   Data           4  uart1.o(.data)
    acceleration_slowdown                    0x20000124   Data           4  uart1.o(.data)
    TeleCtrl_Rev_OK                          0x20000128   Data           1  uart1.o(.data)
    flag                                     0x2000012c   Data           4  can1.o(.data)
    receive                                  0x20000130   Data           8  can1.o(.data)
    adc_U                                    0x20000138   Data           2  can1.o(.data)
    offsetPosition_snake                     0x2000013c   Data          48  can1.o(.data)
    time_counter                             0x2000016c   Data           4  can1.o(.data)
    GM6020_absolute_position                 0x20000170   Data           4  can1.o(.data)
    GM6020_last_raw_position                 0x20000174   Data           2  can1.o(.data)
    GM6020_current_raw_position              0x20000176   Data           2  can1.o(.data)
    GM6020_rotation_count                    0x20000178   Data           4  can1.o(.data)
    C610_absolute_position                   0x2000017c   Data           4  can1.o(.data)
    C610_last_raw_position                   0x20000180   Data           2  can1.o(.data)
    C610_current_raw_position                0x20000182   Data           2  can1.o(.data)
    C610_rotation_count                      0x20000184   Data           4  can1.o(.data)
    can_tx_success_flag                      0x20000188   Data           1  can1.o(.data)
    GripperMotor_205_t                       0x2000018a   Data           8  can1.o(.data)
    GripperMotor_201_t                       0x20000192   Data           8  can1.o(.data)
    phase_2006                               0x2000019c   Data           4  can1.o(.data)
    phase_2006_bodan                         0x200001a0   Data           8  can1.o(.data)
    phase_mid_2006                           0x200001a8   Data           4  can1.o(.data)
    round_bodan_2006                         0x200001ac   Data           4  can1.o(.data)
    phase_6020                               0x200001b0   Data           8  can1.o(.data)
    round_6020_yaw                           0x200001b8   Data           4  can1.o(.data)
    anger_bodan_2006                         0x200001bc   Data           4  can1.o(.data)
    phase_6020_yaw                           0x200001c0   Data           4  can1.o(.data)
    angle_G2C                                0x200001c4   Data           4  can1.o(.data)
    Firction_201_t                           0x200001c8   Data           8  can2.o(.data)
    Firction_202_t                           0x200001d0   Data           8  can2.o(.data)
    Bodan_203_t                              0x200001d8   Data           8  can2.o(.data)
    Bodan_204_t                              0x200001e0   Data           8  can2.o(.data)
    phase_bodan                              0x200001e8   Data           4  can2.o(.data)
    phase                                    0x200001ec   Data           8  can2.o(.data)
    phase_mid                                0x200001f4   Data           4  can2.o(.data)
    round_bodan                              0x200001f8   Data           2  can2.o(.data)
    Quaternion                               0x200001fa   Data           8  can2.o(.data)
    angular_velocity                         0x20000202   Data           8  can2.o(.data)
    acceleration                             0x2000020a   Data           8  can2.o(.data)
    magnetic_field                           0x20000212   Data           6  can2.o(.data)
    anger_bodan                              0x20000218   Data           4  can2.o(.data)
    anger_bodan_min                          0x2000021c   Data           4  can2.o(.data)
    anger_pitch1                             0x20000220   Data           4  can2.o(.data)
    anger_yaw1                               0x20000224   Data           4  can2.o(.data)
    pitch_angle                              0x20000228   Data           8  can2.o(.data)
    ecd_206_rate                             0x20000230   Data           2  can2.o(.data)
    round_206                                0x20000232   Data           2  can2.o(.data)
    can2_tx_success_flag                     0x20000234   Data           1  can2.o(.data)
    Receive                                  0x2000023b   Data           1  uart3.o(.data)
    NewData_flag                             0x2000023c   Data           1  uart3.o(.data)
    controller_address                       0x2000023d   Data           1  uart3.o(.data)
    function_code                            0x2000023e   Data           1  uart3.o(.data)
    gripper_gm6020_position_control          0x20000240   Data           2  uart3.o(.data)
    gripper_c610_position_control            0x20000242   Data           2  uart3.o(.data)
    gripper_sts3032_position_control         0x20000244   Data           2  uart3.o(.data)
    last_sts3032_control_value               0x20000246   Data           2  uart3.o(.data)
    reset_control                            0x20000248   Data           2  uart3.o(.data)
    last_reset_control                       0x2000024a   Data           2  uart3.o(.data)
    gripper_gm6020_position_reset_offset     0x2000024c   Data           2  uart3.o(.data)
    gripper_c610_position_reset_offset       0x2000024e   Data           2  uart3.o(.data)
    gripper_sts3032_position_reset_offset    0x20000250   Data           2  uart3.o(.data)
    syncReadRxPacketIndex                    0x20000256   Data           1  scs.o(.data)
    syncReadRxPacketLen                      0x20000257   Data           1  scs.o(.data)
    syncReadRxPacket                         0x20000258   Data           4  scs.o(.data)
    syncReadRxBuff                           0x2000025c   Data           4  scs.o(.data)
    syncReadRxBuffLen                        0x20000260   Data           2  scs.o(.data)
    syncReadRxBuffMax                        0x20000262   Data           2  scs.o(.data)
    syncTimeOut                              0x20000264   Data           4  scs.o(.data)
    IOTimeOut                                0x20000268   Data           4  scserail.o(.data)
    wLen                                     0x2000026c   Data           1  scserail.o(.data)
    CPU_TS_TmrFreq_Hz                        0x20000270   Data           4  cpu_core.o(.data)
    OS_CPU_ExceptStkBase                     0x20000274   Data           4  os_cpu_c.o(.data)
    OSPrioTbl                                0x20000278   Data           8  os_prio.o(.data)
    OS_AppTaskCreateHookPtr                  0x20000280   Data           4  os_var.o(.data)
    OS_AppTaskDelHookPtr                     0x20000284   Data           4  os_var.o(.data)
    OS_AppTaskReturnHookPtr                  0x20000288   Data           4  os_var.o(.data)
    OS_AppIdleTaskHookPtr                    0x2000028c   Data           4  os_var.o(.data)
    OS_AppStatTaskHookPtr                    0x20000290   Data           4  os_var.o(.data)
    OS_AppTaskSwHookPtr                      0x20000294   Data           4  os_var.o(.data)
    OS_AppTimeTickHookPtr                    0x20000298   Data           4  os_var.o(.data)
    OSIdleTaskCtr                            0x2000029c   Data           4  os_var.o(.data)
    OSIntNestingCtr                          0x200002a0   Data           1  os_var.o(.data)
    OSRunning                                0x200002a1   Data           1  os_var.o(.data)
    OSFlagDbgListPtr                         0x200002a4   Data           4  os_var.o(.data)
    OSFlagQty                                0x200002a8   Data           2  os_var.o(.data)
    OSMemDbgListPtr                          0x200002ac   Data           4  os_var.o(.data)
    OSMemQty                                 0x200002b0   Data           2  os_var.o(.data)
    OSMutexDbgListPtr                        0x200002b4   Data           4  os_var.o(.data)
    OSMutexQty                               0x200002b8   Data           2  os_var.o(.data)
    OSPrioCur                                0x200002ba   Data           1  os_var.o(.data)
    OSPrioHighRdy                            0x200002bb   Data           1  os_var.o(.data)
    OSPrioSaved                              0x200002bc   Data           1  os_var.o(.data)
    OSQDbgListPtr                            0x200002c0   Data           4  os_var.o(.data)
    OSQQty                                   0x200002c4   Data           2  os_var.o(.data)
    OSSchedLockTimeBegin                     0x200002c8   Data           4  os_var.o(.data)
    OSSchedLockTimeMax                       0x200002cc   Data           4  os_var.o(.data)
    OSSchedLockTimeMaxCur                    0x200002d0   Data           4  os_var.o(.data)
    OSSchedLockNestingCtr                    0x200002d4   Data           1  os_var.o(.data)
    OSSemDbgListPtr                          0x200002d8   Data           4  os_var.o(.data)
    OSSemQty                                 0x200002dc   Data           2  os_var.o(.data)
    OSStatResetFlag                          0x200002de   Data           1  os_var.o(.data)
    OSStatTaskCPUUsage                       0x200002e0   Data           2  os_var.o(.data)
    OSStatTaskCPUUsageMax                    0x200002e2   Data           2  os_var.o(.data)
    OSStatTaskCtr                            0x200002e4   Data           4  os_var.o(.data)
    OSStatTaskCtrMax                         0x200002e8   Data           4  os_var.o(.data)
    OSStatTaskCtrRun                         0x200002ec   Data           4  os_var.o(.data)
    OSStatTaskRdy                            0x200002f0   Data           1  os_var.o(.data)
    OSStatTaskTimeMax                        0x200002f4   Data           4  os_var.o(.data)
    OSTaskCtxSwCtr                           0x200002f8   Data           4  os_var.o(.data)
    OSTaskDbgListPtr                         0x200002fc   Data           4  os_var.o(.data)
    OSTaskQty                                0x20000300   Data           2  os_var.o(.data)
    OSTaskRegNextAvailID                     0x20000302   Data           1  os_var.o(.data)
    OSTickCtr                                0x20000304   Data           4  os_var.o(.data)
    OSTickTaskTimeMax                        0x20000308   Data           4  os_var.o(.data)
    OSTmrDbgListPtr                          0x2000030c   Data           4  os_var.o(.data)
    OSTmrQty                                 0x20000310   Data           2  os_var.o(.data)
    OSTmrTaskTimeMax                         0x20000314   Data           4  os_var.o(.data)
    OSTmrTickCtr                             0x20000318   Data           4  os_var.o(.data)
    OSTmrUpdateCnt                           0x2000031c   Data           4  os_var.o(.data)
    OSTmrUpdateCtr                           0x20000320   Data           4  os_var.o(.data)
    OSTCBCurPtr                              0x20000324   Data           4  os_var.o(.data)
    OSTCBHighRdyPtr                          0x20000328   Data           4  os_var.o(.data)
    StartTaskTCB                             0x2000032c   Data         196  start_task.o(.bss)
    START_TASK_STK                           0x200003f0   Data         512  start_task.o(.bss)
    InitTaskTCB                              0x200005f0   Data         196  start_task.o(.bss)
    INIT_TASK_STK                            0x200006b4   Data         512  start_task.o(.bss)
    CHASISTaskTCB                            0x200008b4   Data         196  start_task.o(.bss)
    CHASIS_TASK_STK                          0x20000978   Data        2048  start_task.o(.bss)
    GIMBALTaskTCB                            0x20001178   Data         196  start_task.o(.bss)
    GIMBAL_TASK_STK                          0x2000123c   Data        2048  start_task.o(.bss)
    GUNTaskTCB                               0x20001a3c   Data         196  start_task.o(.bss)
    GUN_TASK_STK                             0x20001b00   Data         512  start_task.o(.bss)
    tmr1                                     0x20001d00   Data          52  start_task.o(.bss)
    tmr2                                     0x20001d34   Data          52  start_task.o(.bss)
    uart6Buf                                 0x20001d68   Data         128  uart6.o(.bss)
    sbus_rx_buffer                           0x200021e8   Data          40  uart1.o(.bss)
    TelCtrlData                              0x20002210   Data          20  uart1.o(.bss)
    currentPosition_snake                    0x20002224   Data          48  can1.o(.bss)
    lastPosition_snake                       0x20002254   Data          48  can1.o(.bss)
    Euler_angle                              0x20002284   Data          12  can2.o(.bss)
    snake_motor_position_control             0x20002390   Data          48  uart3.o(.bss)
    wBuf                                     0x200023c0   Data         128  scserail.o(.bss)
    CPU_Name                                 0x20002440   Data          16  cpu_core.o(.bss)
    OSCfg_IdleTaskStk                        0x20002450   Data         512  os_cfg_app.o(.bss)
    OSCfg_ISRStk                             0x20002650   Data         512  os_cfg_app.o(.bss)
    OSCfg_MsgPool                            0x20002850   Data        1600  os_cfg_app.o(.bss)
    OSCfg_StatTaskStk                        0x20002e90   Data         512  os_cfg_app.o(.bss)
    OSCfg_TickTaskStk                        0x20003090   Data         512  os_cfg_app.o(.bss)
    OSCfg_TickWheel                          0x20003290   Data         136  os_cfg_app.o(.bss)
    OSCfg_TmrTaskStk                         0x20003318   Data         512  os_cfg_app.o(.bss)
    OSCfg_TmrWheel                           0x20003518   Data         136  os_cfg_app.o(.bss)
    OSIdleTaskTCB                            0x200035a0   Data         196  os_var.o(.bss)
    OSMsgPool                                0x20003664   Data          12  os_var.o(.bss)
    OSRdyList                                0x20003670   Data         768  os_var.o(.bss)
    OSStatTaskTCB                            0x20003970   Data         196  os_var.o(.bss)
    OSTickTaskTCB                            0x20003a34   Data         196  os_var.o(.bss)
    OSTmrTaskTCB                             0x20003af8   Data         196  os_var.o(.bss)
    __libspace_start                         0x20003bbc   Data          96  libspace.o(.bss)
    __temporary_stack_top$libspace           0x20003c1c   Data           0  libspace.o(.bss)



==============================================================================

Memory Map of the image

  Image Entry point : 0x080001ad

  Load Region LR_IROM1 (Base: 0x08000000, Size: 0x00007dd8, Max: 0x00200000, ABSOLUTE, COMPRESSED[0x00007b18])

    Execution Region ER_IROM1 (Exec base: 0x08000000, Load base: 0x08000000, Size: 0x00007aac, Max: 0x00200000, ABSOLUTE)

    Exec Addr    Load Addr    Size         Type   Attr      Idx    E Section Name        Object

    0x08000000   0x08000000   0x000001ac   Data   RO          517    RESET               startup_stm32f427xx.o
    0x080001ac   0x080001ac   0x00000008   Code   RO         8406  * !!!main             c_w.l(__main.o)
    0x080001b4   0x080001b4   0x00000034   Code   RO         8664    !!!scatter          c_w.l(__scatter.o)
    0x080001e8   0x080001e8   0x0000003a   Code   RO         8662    !!dczerorl          c_w.l(__dczerorl.o)
    0x08000222   0x08000222   0x00000002   PAD
    0x08000224   0x08000224   0x0000001c   Code   RO         8666    !!handler_zi        c_w.l(__scatter_zi.o)
    0x08000240   0x08000240   0x00000002   Code   RO         8599    .ARM.Collect$$libinit$$00000000  c_w.l(libinit.o)
    0x08000242   0x08000242   0x00000004   Code   RO         8476    .ARM.Collect$$libinit$$00000001  c_w.l(libinit2.o)
    0x08000246   0x08000246   0x00000000   Code   RO         8479    .ARM.Collect$$libinit$$00000004  c_w.l(libinit2.o)
    0x08000246   0x08000246   0x00000000   Code   RO         8482    .ARM.Collect$$libinit$$0000000A  c_w.l(libinit2.o)
    0x08000246   0x08000246   0x00000000   Code   RO         8484    .ARM.Collect$$libinit$$0000000C  c_w.l(libinit2.o)
    0x08000246   0x08000246   0x00000000   Code   RO         8486    .ARM.Collect$$libinit$$0000000E  c_w.l(libinit2.o)
    0x08000246   0x08000246   0x00000000   Code   RO         8489    .ARM.Collect$$libinit$$00000011  c_w.l(libinit2.o)
    0x08000246   0x08000246   0x00000000   Code   RO         8491    .ARM.Collect$$libinit$$00000013  c_w.l(libinit2.o)
    0x08000246   0x08000246   0x00000000   Code   RO         8493    .ARM.Collect$$libinit$$00000015  c_w.l(libinit2.o)
    0x08000246   0x08000246   0x00000000   Code   RO         8495    .ARM.Collect$$libinit$$00000017  c_w.l(libinit2.o)
    0x08000246   0x08000246   0x00000000   Code   RO         8497    .ARM.Collect$$libinit$$00000019  c_w.l(libinit2.o)
    0x08000246   0x08000246   0x00000000   Code   RO         8499    .ARM.Collect$$libinit$$0000001B  c_w.l(libinit2.o)
    0x08000246   0x08000246   0x00000000   Code   RO         8501    .ARM.Collect$$libinit$$0000001D  c_w.l(libinit2.o)
    0x08000246   0x08000246   0x00000000   Code   RO         8503    .ARM.Collect$$libinit$$0000001F  c_w.l(libinit2.o)
    0x08000246   0x08000246   0x00000000   Code   RO         8505    .ARM.Collect$$libinit$$00000021  c_w.l(libinit2.o)
    0x08000246   0x08000246   0x00000000   Code   RO         8507    .ARM.Collect$$libinit$$00000023  c_w.l(libinit2.o)
    0x08000246   0x08000246   0x00000000   Code   RO         8509    .ARM.Collect$$libinit$$00000025  c_w.l(libinit2.o)
    0x08000246   0x08000246   0x00000000   Code   RO         8513    .ARM.Collect$$libinit$$0000002C  c_w.l(libinit2.o)
    0x08000246   0x08000246   0x00000000   Code   RO         8515    .ARM.Collect$$libinit$$0000002E  c_w.l(libinit2.o)
    0x08000246   0x08000246   0x00000000   Code   RO         8517    .ARM.Collect$$libinit$$00000030  c_w.l(libinit2.o)
    0x08000246   0x08000246   0x00000000   Code   RO         8519    .ARM.Collect$$libinit$$00000032  c_w.l(libinit2.o)
    0x08000246   0x08000246   0x00000002   Code   RO         8520    .ARM.Collect$$libinit$$00000033  c_w.l(libinit2.o)
    0x08000248   0x08000248   0x00000002   Code   RO         8659    .ARM.Collect$$libshutdown$$00000000  c_w.l(libshutdown.o)
    0x0800024a   0x0800024a   0x00000000   Code   RO         8615    .ARM.Collect$$libshutdown$$00000002  c_w.l(libshutdown2.o)
    0x0800024a   0x0800024a   0x00000000   Code   RO         8617    .ARM.Collect$$libshutdown$$00000004  c_w.l(libshutdown2.o)
    0x0800024a   0x0800024a   0x00000000   Code   RO         8619    .ARM.Collect$$libshutdown$$00000006  c_w.l(libshutdown2.o)
    0x0800024a   0x0800024a   0x00000000   Code   RO         8622    .ARM.Collect$$libshutdown$$00000009  c_w.l(libshutdown2.o)
    0x0800024a   0x0800024a   0x00000000   Code   RO         8625    .ARM.Collect$$libshutdown$$0000000C  c_w.l(libshutdown2.o)
    0x0800024a   0x0800024a   0x00000000   Code   RO         8627    .ARM.Collect$$libshutdown$$0000000E  c_w.l(libshutdown2.o)
    0x0800024a   0x0800024a   0x00000000   Code   RO         8630    .ARM.Collect$$libshutdown$$00000011  c_w.l(libshutdown2.o)
    0x0800024a   0x0800024a   0x00000002   Code   RO         8631    .ARM.Collect$$libshutdown$$00000012  c_w.l(libshutdown2.o)
    0x0800024c   0x0800024c   0x00000000   Code   RO         8442    .ARM.Collect$$rtentry$$00000000  c_w.l(__rtentry.o)
    0x0800024c   0x0800024c   0x00000000   Code   RO         8536    .ARM.Collect$$rtentry$$00000002  c_w.l(__rtentry2.o)
    0x0800024c   0x0800024c   0x00000006   Code   RO         8548    .ARM.Collect$$rtentry$$00000004  c_w.l(__rtentry4.o)
    0x08000252   0x08000252   0x00000000   Code   RO         8538    .ARM.Collect$$rtentry$$00000009  c_w.l(__rtentry2.o)
    0x08000252   0x08000252   0x00000004   Code   RO         8539    .ARM.Collect$$rtentry$$0000000A  c_w.l(__rtentry2.o)
    0x08000256   0x08000256   0x00000000   Code   RO         8541    .ARM.Collect$$rtentry$$0000000C  c_w.l(__rtentry2.o)
    0x08000256   0x08000256   0x00000008   Code   RO         8542    .ARM.Collect$$rtentry$$0000000D  c_w.l(__rtentry2.o)
    0x0800025e   0x0800025e   0x00000002   Code   RO         8602    .ARM.Collect$$rtexit$$00000000  c_w.l(rtexit.o)
    0x08000260   0x08000260   0x00000000   Code   RO         8635    .ARM.Collect$$rtexit$$00000002  c_w.l(rtexit2.o)
    0x08000260   0x08000260   0x00000004   Code   RO         8636    .ARM.Collect$$rtexit$$00000003  c_w.l(rtexit2.o)
    0x08000264   0x08000264   0x00000006   Code   RO         8637    .ARM.Collect$$rtexit$$00000004  c_w.l(rtexit2.o)
    0x0800026a   0x0800026a   0x00000002   PAD
    0x0800026c   0x0800026c   0x00000040   Code   RO          518    .text               startup_stm32f427xx.o
    0x080002ac   0x080002ac   0x00000034   Code   RO         6932    .text               cpu_a.o
    0x080002e0   0x080002e0   0x0000004e   Code   RO         8402    .text               c_w.l(rt_memclr_w.o)
    0x0800032e   0x0800032e   0x00000006   Code   RO         8404    .text               c_w.l(heapauxi.o)
    0x08000334   0x08000334   0x00000008   Code   RO         8532    .text               c_w.l(libspace.o)
    0x0800033c   0x0800033c   0x00000002   Code   RO         8571    .text               c_w.l(use_no_semi.o)
    0x0800033e   0x0800033e   0x00000000   Code   RO         8573    .text               c_w.l(indicate_semi.o)
    0x0800033e   0x0800033e   0x0000004a   Code   RO         8574    .text               c_w.l(sys_stackheap_outer.o)
    0x08000388   0x08000388   0x00000012   Code   RO         8580    .text               c_w.l(exit.o)
    0x0800039a   0x0800039a   0x00000002   PAD
    0x0800039c   0x0800039c   0x0000000c   Code   RO         8600    .text               c_w.l(sys_exit.o)
    0x080003a8   0x080003a8   0x000000ac   Code   RO         7115    CODE                os_cpu_a.o
    0x08000454   0x08000454   0x00000068   Code   RO         6085    i.Ack               scs.o
    0x080004bc   0x080004bc   0x0000000e   Code   RO         6483    i.BSP_CPU_ClkFreq   bsp.o
    0x080004ca   0x080004ca   0x00000004   Code   RO          190    i.BusFault_Handler  stm32f4xx_it.o
    0x080004ce   0x080004ce   0x00000002   PAD
    0x080004d0   0x080004d0   0x00000064   Code   RO         5582    i.C610_Can_Send_Msg  can1.o
    0x08000534   0x08000534   0x000001dc   Code   RO          309    i.C610_update_pid   gimbal_task.o
    0x08000710   0x08000710   0x00000118   Code   RO         5583    i.CAN1_Init         can1.o
    0x08000828   0x08000828   0x000003c8   Code   RO         5584    i.CAN1_RX0_IRQHandler  can1.o
    0x08000bf0   0x08000bf0   0x0000002c   Code   RO         5585    i.CAN1_TX_IRQHandler  can1.o
    0x08000c1c   0x08000c1c   0x00000120   Code   RO         5738    i.CAN2_Init         can2.o
    0x08000d3c   0x08000d3c   0x00000294   Code   RO         5739    i.CAN2_RX0_IRQHandler  can2.o
    0x08000fd0   0x08000fd0   0x0000002c   Code   RO         5740    i.CAN2_TX_IRQHandler  can2.o
    0x08000ffc   0x08000ffc   0x000000a8   Code   RO          812    i.CAN_ClearITPendingBit  stm32f4xx_can.o
    0x080010a4   0x080010a4   0x00000038   Code   RO          814    i.CAN_DeInit        stm32f4xx_can.o
    0x080010dc   0x080010dc   0x00000108   Code   RO          816    i.CAN_FilterInit    stm32f4xx_can.o
    0x080011e4   0x080011e4   0x00000120   Code   RO          818    i.CAN_GetITStatus   stm32f4xx_can.o
    0x08001304   0x08001304   0x00000012   Code   RO          822    i.CAN_ITConfig      stm32f4xx_can.o
    0x08001316   0x08001316   0x00000114   Code   RO          823    i.CAN_Init          stm32f4xx_can.o
    0x0800142a   0x0800142a   0x000000f0   Code   RO          826    i.CAN_Receive       stm32f4xx_can.o
    0x0800151a   0x0800151a   0x00000020   Code   RO          829    i.CAN_StructInit    stm32f4xx_can.o
    0x0800153a   0x0800153a   0x00000126   Code   RO          831    i.CAN_Transmit      stm32f4xx_can.o
    0x08001660   0x08001660   0x0000000c   Code   RO         6991    i.CPU_Init          cpu_core.o
    0x0800166c   0x0800166c   0x00000030   Code   RO         6992    i.CPU_NameClr       cpu_core.o
    0x0800169c   0x0800169c   0x00000008   Code   RO         6994    i.CPU_NameInit      cpu_core.o
    0x080016a4   0x080016a4   0x00000014   Code   RO         6998    i.CPU_TS_Init       cpu_core.o
    0x080016b8   0x080016b8   0x0000000c   Code   RO         7000    i.CPU_TS_TmrFreqSet  cpu_core.o
    0x080016c4   0x080016c4   0x00000034   Code   RO         6485    i.CPU_TS_TmrInit    bsp.o
    0x080016f8   0x080016f8   0x0000000c   Code   RO         6486    i.CPU_TS_TmrRd      bsp.o
    0x08001704   0x08001704   0x00000270   Code   RO          405    i.Chasis_task       chasis_task.o
    0x08001974   0x08001974   0x00000012   Code   RO          834    i.CheckITStatus     stm32f4xx_can.o
    0x08001986   0x08001986   0x00000016   Code   RO         1519    i.DMA_Cmd           stm32f4xx_dma.o
    0x0800199c   0x0800199c   0x00000014   Code   RO         1526    i.DMA_GetCurrentMemoryTarget  stm32f4xx_dma.o
    0x080019b0   0x080019b0   0x00000002   Code   RO          191    i.DebugMon_Handler  stm32f4xx_it.o
    0x080019b2   0x080019b2   0x00000002   PAD
    0x080019b4   0x080019b4   0x00000064   Code   RO         5587    i.GM6020_Can_Send_Msg  can1.o
    0x08001a18   0x08001a18   0x000001c8   Code   RO          310    i.GM6020_update_pid  gimbal_task.o
    0x08001be0   0x08001be0   0x00000090   Code   RO         2304    i.GPIO_Init         stm32f4xx_gpio.o
    0x08001c70   0x08001c70   0x00000046   Code   RO         2305    i.GPIO_PinAFConfig  stm32f4xx_gpio.o
    0x08001cb6   0x08001cb6   0x00000004   Code   RO         2311    i.GPIO_ResetBits    stm32f4xx_gpio.o
    0x08001cba   0x08001cba   0x00000004   Code   RO         2312    i.GPIO_SetBits      stm32f4xx_gpio.o
    0x08001cbe   0x08001cbe   0x00000022   Code   RO          311    i.Gimbal_task       gimbal_task.o
    0x08001ce0   0x08001ce0   0x00000010   Code   RO          440    i.Gun_task          gun_task.o
    0x08001cf0   0x08001cf0   0x00000004   Code   RO          192    i.HardFault_Handler  stm32f4xx_it.o
    0x08001cf4   0x08001cf4   0x0000001c   Code   RO         6086    i.Host2SCS          scs.o
    0x08001d10   0x08001d10   0x0000014c   Code   RO          475    i.Init_task         start_task.o
    0x08001e5c   0x08001e5c   0x00000004   Code   RO          193    i.MemManage_Handler  stm32f4xx_it.o
    0x08001e60   0x08001e60   0x00000012   Code   RO         6663    i.Mem_Clr           lib_mem.o
    0x08001e72   0x08001e72   0x00000054   Code   RO         6679    i.Mem_Set           lib_mem.o
    0x08001ec6   0x08001ec6   0x00000002   Code   RO          194    i.NMI_Handler       stm32f4xx_it.o
    0x08001ec8   0x08001ec8   0x00000078   Code   RO          524    i.NVIC_Init         misc.o
    0x08001f40   0x08001f40   0x00000014   Code   RO          525    i.NVIC_PriorityGroupConfig  misc.o
    0x08001f54   0x08001f54   0x000000d0   Code   RO         7204    i.OSCfg_Init        os_cfg_app.o
    0x08002024   0x08002024   0x00000014   Code   RO         7120    i.OSIdleTaskHook    os_cpu_c.o
    0x08002038   0x08002038   0x00000164   Code   RO         7227    i.OSInit            os_core.o
    0x0800219c   0x0800219c   0x00000028   Code   RO         7121    i.OSInitHook        os_cpu_c.o
    0x080021c4   0x080021c4   0x0000002c   Code   RO         7228    i.OSIntEnter        os_core.o
    0x080021f0   0x080021f0   0x000000dc   Code   RO         7229    i.OSIntExit         os_core.o
    0x080022cc   0x080022cc   0x000000a0   Code   RO         7230    i.OSSched           os_core.o
    0x0800236c   0x0800236c   0x00000074   Code   RO         7231    i.OSSchedLock       os_core.o
    0x080023e0   0x080023e0   0x00000094   Code   RO         7232    i.OSSchedUnlock     os_core.o
    0x08002474   0x08002474   0x00000068   Code   RO         7233    i.OSStart           os_core.o
    0x080024dc   0x080024dc   0x00000128   Code   RO         7879    i.OSStatReset       os_stat.o
    0x08002604   0x08002604   0x000000f0   Code   RO         7880    i.OSStatTaskCPUUsageInit  os_stat.o
    0x080026f4   0x080026f4   0x00000014   Code   RO         7122    i.OSStatTaskHook    os_cpu_c.o
    0x08002708   0x08002708   0x000001a0   Code   RO         7910    i.OSTaskCreate      os_task.o
    0x080028a8   0x080028a8   0x00000018   Code   RO         7123    i.OSTaskCreateHook  os_cpu_c.o
    0x080028c0   0x080028c0   0x00000128   Code   RO         7911    i.OSTaskDel         os_task.o
    0x080029e8   0x080029e8   0x00000018   Code   RO         7124    i.OSTaskDelHook     os_cpu_c.o
    0x08002a00   0x08002a00   0x00000068   Code   RO         7919    i.OSTaskResume      os_task.o
    0x08002a68   0x08002a68   0x00000018   Code   RO         7125    i.OSTaskReturnHook  os_cpu_c.o
    0x08002a80   0x08002a80   0x000001dc   Code   RO         7920    i.OSTaskSemPend     os_task.o
    0x08002c5c   0x08002c5c   0x0000003e   Code   RO         7922    i.OSTaskSemPost     os_task.o
    0x08002c9a   0x08002c9a   0x00000002   PAD
    0x08002c9c   0x08002c9c   0x000000d4   Code   RO         7924    i.OSTaskStkChk      os_task.o
    0x08002d70   0x08002d70   0x0000025c   Code   RO         7126    i.OSTaskStkInit     os_cpu_c.o
    0x08002fcc   0x08002fcc   0x00000038   Code   RO         7925    i.OSTaskSuspend     os_task.o
    0x08003004   0x08003004   0x00000088   Code   RO         7127    i.OSTaskSwHook      os_cpu_c.o
    0x0800308c   0x0800308c   0x000000c4   Code   RO         8119    i.OSTimeDly         os_time.o
    0x08003150   0x08003150   0x00000044   Code   RO         8124    i.OSTimeTick        os_time.o
    0x08003194   0x08003194   0x00000014   Code   RO         7128    i.OSTimeTickHook    os_cpu_c.o
    0x080031a8   0x080031a8   0x000000cc   Code   RO         8161    i.OSTmrCreate       os_tmr.o
    0x08003274   0x08003274   0x000001a8   Code   RO         7449    i.OS_Dbg_Init       os_dbg.o
    0x0800341c   0x0800341c   0x00000018   Code   RO         7474    i.OS_FlagInit       os_flag.o
    0x08003434   0x08003434   0x00000044   Code   RO         7235    i.OS_IdleTask       os_core.o
    0x08003478   0x08003478   0x00000070   Code   RO         7236    i.OS_IdleTaskInit   os_core.o
    0x080034e8   0x080034e8   0x00000018   Code   RO         7558    i.OS_MemInit        os_mem.o
    0x08003500   0x08003500   0x00000036   Code   RO         7590    i.OS_MsgPoolCreate  os_msg.o
    0x08003536   0x08003536   0x00000002   PAD
    0x08003538   0x08003538   0x00000054   Code   RO         7591    i.OS_MsgPoolInit    os_msg.o
    0x0800358c   0x0800358c   0x00000044   Code   RO         7592    i.OS_MsgQFreeAll    os_msg.o
    0x080035d0   0x080035d0   0x0000000e   Code   RO         7594    i.OS_MsgQInit       os_msg.o
    0x080035de   0x080035de   0x00000002   PAD
    0x080035e0   0x080035e0   0x00000018   Code   RO         7640    i.OS_MutexInit      os_mutex.o
    0x080035f8   0x080035f8   0x00000068   Code   RO         7237    i.OS_Pend           os_core.o
    0x08003660   0x08003660   0x00000026   Code   RO         7240    i.OS_PendDataInit   os_core.o
    0x08003686   0x08003686   0x00000002   PAD
    0x08003688   0x08003688   0x0000005c   Code   RO         7241    i.OS_PendDbgNameAdd  os_core.o
    0x080036e4   0x080036e4   0x00000024   Code   RO         7242    i.OS_PendDbgNameRemove  os_core.o
    0x08003708   0x08003708   0x00000066   Code   RO         7246    i.OS_PendListInsertPrio  os_core.o
    0x0800376e   0x0800376e   0x00000030   Code   RO         7247    i.OS_PendListRemove  os_core.o
    0x0800379e   0x0800379e   0x00000042   Code   RO         7248    i.OS_PendListRemove1  os_core.o
    0x080037e0   0x080037e0   0x000000c0   Code   RO         7251    i.OS_Post           os_core.o
    0x080038a0   0x080038a0   0x0000002a   Code   RO         7252    i.OS_Post1          os_core.o
    0x080038ca   0x080038ca   0x00000002   PAD
    0x080038cc   0x080038cc   0x00000028   Code   RO         7698    i.OS_PrioGetHighest  os_prio.o
    0x080038f4   0x080038f4   0x00000018   Code   RO         7699    i.OS_PrioInit       os_prio.o
    0x0800390c   0x0800390c   0x00000024   Code   RO         7700    i.OS_PrioInsert     os_prio.o
    0x08003930   0x08003930   0x00000024   Code   RO         7701    i.OS_PrioRemove     os_prio.o
    0x08003954   0x08003954   0x00000018   Code   RO         7744    i.OS_QInit          os_q.o
    0x0800396c   0x0800396c   0x00000024   Code   RO         7253    i.OS_RdyListInit    os_core.o
    0x08003990   0x08003990   0x0000002c   Code   RO         7254    i.OS_RdyListInsert  os_core.o
    0x080039bc   0x080039bc   0x00000040   Code   RO         7255    i.OS_RdyListInsertHead  os_core.o
    0x080039fc   0x080039fc   0x0000003c   Code   RO         7256    i.OS_RdyListInsertTail  os_core.o
    0x08003a38   0x08003a38   0x0000005c   Code   RO         7258    i.OS_RdyListRemove  os_core.o
    0x08003a94   0x08003a94   0x0000001c   Code   RO         7259    i.OS_SchedLockTimeMeasStart  os_core.o
    0x08003ab0   0x08003ab0   0x0000003c   Code   RO         7260    i.OS_SchedLockTimeMeasStop  os_core.o
    0x08003aec   0x08003aec   0x00000018   Code   RO         7816    i.OS_SemInit        os_sem.o
    0x08003b04   0x08003b04   0x000002ec   Code   RO         7881    i.OS_StatTask       os_stat.o
    0x08003df0   0x08003df0   0x000000cc   Code   RO         7882    i.OS_StatTaskInit   os_stat.o
    0x08003ebc   0x08003ebc   0x00000038   Code   RO         7261    i.OS_TaskBlock      os_core.o
    0x08003ef4   0x08003ef4   0x00000030   Code   RO         7926    i.OS_TaskDbgListAdd  os_task.o
    0x08003f24   0x08003f24   0x00000044   Code   RO         7927    i.OS_TaskDbgListRemove  os_task.o
    0x08003f68   0x08003f68   0x00000020   Code   RO         7928    i.OS_TaskInit       os_task.o
    0x08003f88   0x08003f88   0x000000c8   Code   RO         7929    i.OS_TaskInitTCB    os_task.o
    0x08004050   0x08004050   0x0000001c   Code   RO         7262    i.OS_TaskRdy        os_core.o
    0x0800406c   0x0800406c   0x00000100   Code   RO         7931    i.OS_TaskResume     os_task.o
    0x0800416c   0x0800416c   0x00000018   Code   RO         7932    i.OS_TaskReturn     os_task.o
    0x08004184   0x08004184   0x000001c4   Code   RO         7933    i.OS_TaskSemPost    os_task.o
    0x08004348   0x08004348   0x00000118   Code   RO         7934    i.OS_TaskSuspend    os_task.o
    0x08004460   0x08004460   0x00000028   Code   RO         8071    i.OS_TickListInit   os_tick.o
    0x08004488   0x08004488   0x000001bc   Code   RO         8072    i.OS_TickListInsert  os_tick.o
    0x08004644   0x08004644   0x00000038   Code   RO         8073    i.OS_TickListRemove  os_tick.o
    0x0800467c   0x0800467c   0x00000024   Code   RO         8074    i.OS_TickListResetPeak  os_tick.o
    0x080046a0   0x080046a0   0x00000188   Code   RO         8075    i.OS_TickListUpdate  os_tick.o
    0x08004828   0x08004828   0x0000002c   Code   RO         8076    i.OS_TickTask       os_tick.o
    0x08004854   0x08004854   0x000000b8   Code   RO         8077    i.OS_TickTaskInit   os_tick.o
    0x0800490c   0x0800490c   0x00000028   Code   RO         8168    i.OS_TmrDbgListAdd  os_tmr.o
    0x08004934   0x08004934   0x00000128   Code   RO         8170    i.OS_TmrInit        os_tmr.o
    0x08004a5c   0x08004a5c   0x000000d0   Code   RO         8171    i.OS_TmrLink        os_tmr.o
    0x08004b2c   0x08004b2c   0x00000024   Code   RO         8172    i.OS_TmrResetPeak   os_tmr.o
    0x08004b50   0x08004b50   0x000000c0   Code   RO         8173    i.OS_TmrTask        os_tmr.o
    0x08004c10   0x08004c10   0x00000050   Code   RO         8174    i.OS_TmrUnlink      os_tmr.o
    0x08004c60   0x08004c60   0x00000124   Code   RO          312    i.PID_C610_Velocity  gimbal_task.o
    0x08004d84   0x08004d84   0x0000013c   Code   RO          313    i.PID_GM6020_Velocity  gimbal_task.o
    0x08004ec0   0x08004ec0   0x00000020   Code   RO         3177    i.RCC_AHB1PeriphClockCmd  stm32f4xx_rcc.o
    0x08004ee0   0x08004ee0   0x00000020   Code   RO         3186    i.RCC_APB1PeriphClockCmd  stm32f4xx_rcc.o
    0x08004f00   0x08004f00   0x00000020   Code   RO         3188    i.RCC_APB1PeriphResetCmd  stm32f4xx_rcc.o
    0x08004f20   0x08004f20   0x00000020   Code   RO         3189    i.RCC_APB2PeriphClockCmd  stm32f4xx_rcc.o
    0x08004f40   0x08004f40   0x000000e8   Code   RO         3198    i.RCC_GetClocksFreq  stm32f4xx_rcc.o
    0x08005028   0x08005028   0x000002e8   Code   RO         5516    i.RemoteDataProcess  uart1.o
    0x08005310   0x08005310   0x0000006c   Code   RO          314    i.STS3032_ServoControl  gimbal_task.o
    0x0800537c   0x0800537c   0x00000002   Code   RO          195    i.SVC_Handler       stm32f4xx_it.o
    0x0800537e   0x0800537e   0x00000002   PAD
    0x08005380   0x08005380   0x00000120   Code   RO          272    i.SetSysClock       system_stm32f4xx.o
    0x080054a0   0x080054a0   0x00000050   Code   RO          476    i.StartTaskCreate   start_task.o
    0x080054f0   0x080054f0   0x00000028   Code   RO          528    i.SysTick_CLKSourceConfig  misc.o
    0x08005518   0x08005518   0x00000038   Code   RO         5326    i.SysTick_Handler   delay.o
    0x08005550   0x08005550   0x00000068   Code   RO          274    i.SystemInit        system_stm32f4xx.o
    0x080055b8   0x080055b8   0x00000108   Code   RO         5694    i.TIM2_PWM_Init     pwm.o
    0x080056c0   0x080056c0   0x00000104   Code   RO         5695    i.TIM4_PWM_Init     pwm.o
    0x080057c4   0x080057c4   0x000000e0   Code   RO         5696    i.TIM5_PWM_Init     pwm.o
    0x080058a4   0x080058a4   0x00000100   Code   RO         5697    i.TIM8_PWM_Init     pwm.o
    0x080059a4   0x080059a4   0x00000018   Code   RO         4515    i.TIM_ARRPreloadConfig  stm32f4xx_tim.o
    0x080059bc   0x080059bc   0x00000018   Code   RO         4527    i.TIM_Cmd           stm32f4xx_tim.o
    0x080059d4   0x080059d4   0x0000001e   Code   RO         4529    i.TIM_CtrlPWMOutputs  stm32f4xx_tim.o
    0x080059f2   0x080059f2   0x00000002   PAD
    0x080059f4   0x080059f4   0x0000007c   Code   RO         4556    i.TIM_OC1Init       stm32f4xx_tim.o
    0x08005a70   0x08005a70   0x00000012   Code   RO         4559    i.TIM_OC1PreloadConfig  stm32f4xx_tim.o
    0x08005a82   0x08005a82   0x00000002   PAD
    0x08005a84   0x08005a84   0x000000a4   Code   RO         4561    i.TIM_OC2Init       stm32f4xx_tim.o
    0x08005b28   0x08005b28   0x0000001a   Code   RO         4564    i.TIM_OC2PreloadConfig  stm32f4xx_tim.o
    0x08005b42   0x08005b42   0x00000002   PAD
    0x08005b44   0x08005b44   0x000000a0   Code   RO         4566    i.TIM_OC3Init       stm32f4xx_tim.o
    0x08005be4   0x08005be4   0x00000012   Code   RO         4569    i.TIM_OC3PreloadConfig  stm32f4xx_tim.o
    0x08005bf6   0x08005bf6   0x00000002   PAD
    0x08005bf8   0x08005bf8   0x00000078   Code   RO         4571    i.TIM_OC4Init       stm32f4xx_tim.o
    0x08005c70   0x08005c70   0x0000001a   Code   RO         4573    i.TIM_OC4PreloadConfig  stm32f4xx_tim.o
    0x08005c8a   0x08005c8a   0x00000002   PAD
    0x08005c8c   0x08005c8c   0x00000084   Code   RO         4599    i.TIM_TimeBaseInit  stm32f4xx_tim.o
    0x08005d10   0x08005d10   0x0000002c   Code   RO         5796    i.TX2_Transmit_Start  uart3.o
    0x08005d3c   0x08005d3c   0x000000ac   Code   RO         5797    i.TX2_USART3_Init   uart3.o
    0x08005de8   0x08005de8   0x000000a8   Code   RO         5519    i.USART1_IRQHandler  uart1.o
    0x08005e90   0x08005e90   0x00000484   Code   RO         5798    i.USART3_IRQHandler  uart3.o
    0x08006314   0x08006314   0x00000124   Code   RO         5465    i.USART6_IRQHandler  uart6.o
    0x08006438   0x08006438   0x000000b0   Code   RO         5466    i.USART6_Init       uart6.o
    0x080064e8   0x080064e8   0x00000012   Code   RO         5073    i.USART_ClearFlag   stm32f4xx_usart.o
    0x080064fa   0x080064fa   0x0000001e   Code   RO         5074    i.USART_ClearITPendingBit  stm32f4xx_usart.o
    0x08006518   0x08006518   0x00000018   Code   RO         5077    i.USART_Cmd         stm32f4xx_usart.o
    0x08006530   0x08006530   0x0000001a   Code   RO         5080    i.USART_GetFlagStatus  stm32f4xx_usart.o
    0x0800654a   0x0800654a   0x00000054   Code   RO         5081    i.USART_GetITStatus  stm32f4xx_usart.o
    0x0800659e   0x0800659e   0x0000004a   Code   RO         5083    i.USART_ITConfig    stm32f4xx_usart.o
    0x080065e8   0x080065e8   0x000000d4   Code   RO         5084    i.USART_Init        stm32f4xx_usart.o
    0x080066bc   0x080066bc   0x0000000a   Code   RO         5091    i.USART_ReceiveData  stm32f4xx_usart.o
    0x080066c6   0x080066c6   0x00000008   Code   RO         5094    i.USART_SendData    stm32f4xx_usart.o
    0x080066ce   0x080066ce   0x00000002   PAD
    0x080066d0   0x080066d0   0x00000014   Code   RO         5467    i.Uart6_Flush       uart6.o
    0x080066e4   0x080066e4   0x00000040   Code   RO         5468    i.Uart6_Read        uart6.o
    0x08006724   0x08006724   0x00000040   Code   RO         5469    i.Uart6_Send        uart6.o
    0x08006764   0x08006764   0x00000004   Code   RO          196    i.UsageFault_Handler  stm32f4xx_it.o
    0x08006768   0x08006768   0x0000014c   Code   RO         5562    i.User_GPIO_Init    gpio.o
    0x080068b4   0x080068b4   0x00000050   Code   RO         6238    i.WritePosEx        sms_sts.o
    0x08006904   0x08006904   0x0000002c   Code   RO         5799    i.calc_crc16_modbus  uart3.o
    0x08006930   0x08006930   0x0000004e   Code   RO         6090    i.checkHead         scs.o
    0x0800697e   0x0800697e   0x00000002   PAD
    0x08006980   0x08006980   0x00000070   Code   RO         5327    i.delay_init        delay.o
    0x080069f0   0x080069f0   0x00000054   Code   RO         5328    i.delay_ms          delay.o
    0x08006a44   0x08006a44   0x00000060   Code   RO         5329    i.delay_us          delay.o
    0x08006aa4   0x08006aa4   0x0000002a   Code   RO         6091    i.genWrite          scs.o
    0x08006ace   0x08006ace   0x0000003a   Code   RO            3    i.main              main.o
    0x08006b08   0x08006b08   0x00000050   Code   RO         5588    i.motorEnable       can1.o
    0x08006b58   0x08006b58   0x00000012   Code   RO         6423    i.nopDelay          scserail.o
    0x08006b6a   0x08006b6a   0x0000000c   Code   RO         6424    i.rFlushSCS         scserail.o
    0x08006b76   0x08006b76   0x00000002   PAD
    0x08006b78   0x08006b78   0x00000044   Code   RO         6425    i.readSCS           scserail.o
    0x08006bbc   0x08006bbc   0x00000034   Code   RO         5590    i.readSnakeEncorder  can1.o
    0x08006bf0   0x08006bf0   0x00000050   Code   RO         5592    i.setMotorTargetAcspeed  can1.o
    0x08006c40   0x08006c40   0x00000050   Code   RO         5593    i.setMotorTargetCurrent  can1.o
    0x08006c90   0x08006c90   0x00000050   Code   RO         5594    i.setMotorTargetDespeed  can1.o
    0x08006ce0   0x08006ce0   0x00000050   Code   RO         5595    i.setMotorTargetPosition  can1.o
    0x08006d30   0x08006d30   0x00000050   Code   RO         5596    i.setMotorTargetSpeed  can1.o
    0x08006d80   0x08006d80   0x000001d4   Code   RO          477    i.start_task        start_task.o
    0x08006f54   0x08006f54   0x0000000c   Code   RO          441    i.tmr1_callback     gun_task.o
    0x08006f60   0x08006f60   0x00000002   Code   RO          442    i.tmr2_callback     gun_task.o
    0x08006f62   0x08006f62   0x00000002   PAD
    0x08006f64   0x08006f64   0x00000024   Code   RO         6427    i.wFlushSCS         scserail.o
    0x08006f88   0x08006f88   0x00000092   Code   RO         6103    i.writeBuf          scs.o
    0x0800701a   0x0800701a   0x00000002   PAD
    0x0800701c   0x0800701c   0x0000003c   Code   RO         6429    i.writeSCS          scserail.o
    0x08007058   0x08007058   0x00000062   Code   RO         8408    x$fpl$d2f           fz_wm.l(d2f.o)
    0x080070ba   0x080070ba   0x00000002   PAD
    0x080070bc   0x080070bc   0x00000150   Code   RO         8410    x$fpl$dadd          fz_wm.l(daddsub_clz.o)
    0x0800720c   0x0800720c   0x0000005e   Code   RO         8420    x$fpl$dfix          fz_wm.l(dfix.o)
    0x0800726a   0x0800726a   0x0000002e   Code   RO         8425    x$fpl$dflt          fz_wm.l(dflt_clz.o)
    0x08007298   0x08007298   0x00000154   Code   RO         8430    x$fpl$dmul          fz_wm.l(dmul.o)
    0x080073ec   0x080073ec   0x0000009c   Code   RO         8521    x$fpl$dnaninf       fz_wm.l(dnaninf.o)
    0x08007488   0x08007488   0x0000000c   Code   RO         8523    x$fpl$dretinf       fz_wm.l(dretinf.o)
    0x08007494   0x08007494   0x000001d4   Code   RO         8412    x$fpl$dsub          fz_wm.l(daddsub_clz.o)
    0x08007668   0x08007668   0x0000000a   Code   RO         8569    x$fpl$fpinit        fz_wm.l(fpinit.o)
    0x08007672   0x08007672   0x0000000a   Code   RO         8527    x$fpl$fretinf       fz_wm.l(fretinf.o)
    0x0800767c   0x0800767c   0x00000000   Code   RO         8529    x$fpl$usenofp       fz_wm.l(usenofp.o)
    0x0800767c   0x0800767c   0x00000200   Data   RO         5802    .constdata          uart3.o
    0x0800787c   0x0800787c   0x000000a4   Data   RO         7206    .constdata          os_cfg_app.o
    0x08007920   0x08007920   0x0000016c   Data   RO         7450    .constdata          os_dbg.o
    0x08007a8c   0x08007a8c   0x00000020   Data   RO         8660    Region$$Table       anon$$obj.o


    Execution Region RW_IRAM1 (Exec base: 0x20000000, Load base: 0x08007aac, Size: 0x00004220, Max: 0x00030000, ABSOLUTE, COMPRESSED[0x0000006c])

    Exec Addr    Load Addr    Size         Type   Attr      Idx    E Section Name        Object

    0x20000000   COMPRESSED   0x00000090   Data   RW          315    .data               gimbal_task.o
    0x20000090   COMPRESSED   0x00000004   Data   RW          443    .data               gun_task.o
    0x20000094   COMPRESSED   0x00000010   Data   RW         3230    .data               stm32f4xx_rcc.o
    0x200000a4   COMPRESSED   0x00000004   Data   RW         5330    .data               delay.o
    0x200000a8   COMPRESSED   0x00000028   Data   RW         5471    .data               uart6.o
    0x200000d0   COMPRESSED   0x00000059   Data   RW         5521    .data               uart1.o
    0x20000129   COMPRESSED   0x00000003   PAD
    0x2000012c   COMPRESSED   0x0000009c   Data   RW         5598    .data               can1.o
    0x200001c8   COMPRESSED   0x0000006d   Data   RW         5745    .data               can2.o
    0x20000235   COMPRESSED   0x00000001   PAD
    0x20000236   COMPRESSED   0x0000001c   Data   RW         5803    .data               uart3.o
    0x20000252   COMPRESSED   0x00000002   PAD
    0x20000254   COMPRESSED   0x00000014   Data   RW         6106    .data               scs.o
    0x20000268   COMPRESSED   0x00000005   Data   RW         6431    .data               scserail.o
    0x2000026d   COMPRESSED   0x00000003   PAD
    0x20000270   COMPRESSED   0x00000004   Data   RW         7004    .data               cpu_core.o
    0x20000274   COMPRESSED   0x00000004   Data   RW         7131    .data               os_cpu_c.o
    0x20000278   COMPRESSED   0x00000008   Data   RW         7702    .data               os_prio.o
    0x20000280   COMPRESSED   0x000000ac   Data   RW         8252    .data               os_var.o
    0x2000032c        -       0x00001a3c   Zero   RW          478    .bss                start_task.o
    0x20001d68        -       0x00000480   Zero   RW         5470    .bss                uart6.o
    0x200021e8        -       0x0000003c   Zero   RW         5520    .bss                uart1.o
    0x20002224        -       0x00000060   Zero   RW         5597    .bss                can1.o
    0x20002284        -       0x0000000c   Zero   RW         5744    .bss                can2.o
    0x20002290        -       0x00000130   Zero   RW         5801    .bss                uart3.o
    0x200023c0        -       0x00000080   Zero   RW         6430    .bss                scserail.o
    0x20002440        -       0x00000010   Zero   RW         7002    .bss                cpu_core.o
    0x20002450        -       0x00001150   Zero   RW         7205    .bss                os_cfg_app.o
    0x200035a0        -       0x0000061c   Zero   RW         8251    .bss                os_var.o
    0x20003bbc        -       0x00000060   Zero   RW         8533    .bss                c_w.l(libspace.o)
    0x20003c1c   COMPRESSED   0x00000004   PAD
    0x20003c20        -       0x00000200   Zero   RW          516    HEAP                startup_stm32f427xx.o
    0x20003e20        -       0x00000400   Zero   RW          515    STACK               startup_stm32f427xx.o


==============================================================================

Image component sizes


      Code (inc. data)   RO Data    RW Data    ZI Data      Debug   Object Name

        78         14          0          0          0       1578   bsp.o
      2024         92          0        156         96      12315   can1.o
       992         42          0        109         12       4420   can2.o
       624         38          0          0          0       1174   chasis_task.o
        52          0          0          0          0        328   cpu_a.o
       100         18          0          4         16      12181   cpu_core.o
       348         40          0          4          0       2525   delay.o
      1682        230          0        144          0       5151   gimbal_task.o
       332         24          0          0          0        685   gpio.o
        30          4          0          4          0       1783   gun_task.o
       102          0          0          0          0       1824   lib_mem.o
        58          0          0          0          0     347859   main.o
       180         24          0          0          0       2321   misc.o
       208        136        164          0       4432      19566   os_cfg_app.o
      2516        356          0          0          0      18497   os_core.o
       172         32          0          0          0        392   os_cpu_a.o
       912         56          0          4          0       7104   os_cpu_c.o
       424        280        364          0          0       4753   os_dbg.o
        24         10          0          0          0        866   os_flag.o
        24         10          0          0          0        869   os_mem.o
       220         20          0          0          0       2883   os_msg.o
        24         10          0          0          0        871   os_mutex.o
       136         16          0          8          0       2862   os_prio.o
        24         10          0          0          0        863   os_q.o
        24         10          0          0          0        861   os_sem.o
      1488        192          0          0          0       3955   os_stat.o
      2982        168          0          0          0      12845   os_task.o
      1196        116          0          0          0       5529   os_tick.o
       264         32          0          0          0       1681   os_time.o
      1056        152          0          0          0       5829   os_tmr.o
         0          0          0        172       1564      17973   os_var.o
      1004         32          0          0          0       2752   pwm.o
       398         10          0         20          0       4351   scs.o
       194         24          0          5        128       3350   scserail.o
        80          0          0          0          0        745   sms_sts.o
       880        198          0          0       6716       3401   start_task.o
        64         26        428          0       1536        840   startup_stm32f427xx.o
      1654         22          0          0          0       8148   stm32f4xx_can.o
        42          0          0          0          0       2527   stm32f4xx_dma.o
       222          0          0          0          0       3167   stm32f4xx_gpio.o
        22          0          0          0          0       3075   stm32f4xx_it.o
       360         42          0         16          0       5564   stm32f4xx_rcc.o
       866         66          0          0          0       9025   stm32f4xx_tim.o
       486          8          0          0          0       7269   stm32f4xx_usart.o
       392         32          0          0          0       1469   system_stm32f4xx.o
       912         58          0         89         60       3794   uart1.o
      1416        124        512         28        304       5521   uart3.o
       616         60          0         40       1152       4242   uart6.o

    ----------------------------------------------------------------------
     27940       2834       1500        812      16016     571583   Object Totals
         0          0         32          0          0          0   (incl. Generated)
        36          0          0          9          0          0   (incl. Padding)

    ----------------------------------------------------------------------

      Code (inc. data)   RO Data    RW Data    ZI Data      Debug   Library Member Name

        58          0          0          0          0          0   __dczerorl.o
         8          0          0          0          0         68   __main.o
         0          0          0          0          0          0   __rtentry.o
        12          0          0          0          0          0   __rtentry2.o
         6          0          0          0          0          0   __rtentry4.o
        52          8          0          0          0          0   __scatter.o
        28          0          0          0          0          0   __scatter_zi.o
        18          0          0          0          0         80   exit.o
         6          0          0          0          0        152   heapauxi.o
         0          0          0          0          0          0   indicate_semi.o
         2          0          0          0          0          0   libinit.o
         6          0          0          0          0          0   libinit2.o
         2          0          0          0          0          0   libshutdown.o
         2          0          0          0          0          0   libshutdown2.o
         8          4          0          0         96         68   libspace.o
        78          0          0          0          0         80   rt_memclr_w.o
         2          0          0          0          0          0   rtexit.o
        10          0          0          0          0          0   rtexit2.o
        12          4          0          0          0         68   sys_exit.o
        74          0          0          0          0         80   sys_stackheap_outer.o
         2          0          0          0          0         68   use_no_semi.o
        98          4          0          0          0        140   d2f.o
       804         16          0          0          0        368   daddsub_clz.o
        94          4          0          0          0        140   dfix.o
        46          0          0          0          0        116   dflt_clz.o
       340         12          0          0          0        152   dmul.o
       156          4          0          0          0        140   dnaninf.o
        12          0          0          0          0        116   dretinf.o
        10          0          0          0          0        116   fpinit.o
        10          0          0          0          0        116   fretinf.o
         0          0          0          0          0          0   usenofp.o

    ----------------------------------------------------------------------
      1964         56          0          0        100       2068   Library Totals
         8          0          0          0          4          0   (incl. Padding)

    ----------------------------------------------------------------------

      Code (inc. data)   RO Data    RW Data    ZI Data      Debug   Library Name

       386         16          0          0         96        664   c_w.l
      1570         40          0          0          0       1404   fz_wm.l

    ----------------------------------------------------------------------
      1964         56          0          0        100       2068   Library Totals

    ----------------------------------------------------------------------

==============================================================================


      Code (inc. data)   RO Data    RW Data    ZI Data      Debug   

     29904       2890       1500        812      16116     552243   Grand Totals
     29904       2890       1500        108      16116     552243   ELF Image Totals (compressed)
     29904       2890       1500        108          0          0   ROM Totals

==============================================================================

    Total RO  Size (Code + RO Data)                31404 (  30.67kB)
    Total RW  Size (RW Data + ZI Data)             16928 (  16.53kB)
    Total ROM Size (Code + RO Data + RW Data)      31512 (  30.77kB)

==============================================================================

