<html>
<body>
<pre>
<h1>礦ision Build Log</h1>
<h2>Tool Versions:</h2>
IDE-Version: μVision V5.34.0.0
Copyright (C) 2021 ARM Ltd and ARM Germany GmbH. All rights reserved.
License Information: hao LG, LG, LIC=9N0AE-546FU-PH289-408PI-PX1RK-1PUB5
 
Tool Versions:
Toolchain:       MDK-ARM Professional  Version: 5.34.0.0
Toolchain Path:  C:\Keil_v5\ARM\ARMCC\Bin
C Compiler:      Armcc.exe V5.06 update 7 (build 960)
Assembler:       Armasm.exe V5.06 update 7 (build 960)
Linker/Locator:  ArmLink.exe V5.06 update 7 (build 960)
Library Manager: ArmAr.exe V5.06 update 7 (build 960)
Hex Converter:   FromElf.exe V5.06 update 7 (build 960)
CPU DLL:         SARMCM3.DLL V5.34.0.0
Dialog DLL:      DCM.DLL V1.17.3.0
Target DLL:      STLink\ST-LINKIII-KEIL_SWO.dll V3.0.8.0
Dialog DLL:      TCM.DLL V1.48.0.0
 
<h2>Project:</h2>
D:\test\stm32\RoboMaster_slave_device\USER\Template.uvprojx
Project File Date:  10/08/2023

<h2>Output:</h2>
*** Using Compiler 'V5.06 update 7 (build 960)', folder: 'C:\Keil_v5\ARM\ARMCC\Bin'
Rebuild target 'Template'
compiling system_stm32f4xx.c...
compiling stm32f4xx_it.c...
compiling chasis_task.c...
compiling time_task.c...
compiling main.c...
assembling startup_stm32f427xx.s...
compiling gimbal_task.c...
..\TASK\gimbal_task.c(64): warning:  #223-D: function "PID_GM6020_Velocity" declared implicitly
  		GM6020_output = PID_GM6020_Velocity(GM6020_output,GripperMotor_205_t.velocity); // pid for velocity
..\TASK\gimbal_task.c(145): warning:  #223-D: function "PID_C610_Velocity" declared implicitly
  		C610_output = PID_C610_Velocity(C610_output,GripperMotor_201_t.velocity); // pid for velocity
..\TASK\gimbal_task.c: 2 warnings, 0 errors
compiling gun_task.c...
compiling start_task.c...
compiling misc.c...
compiling stm32f4xx_cryp_des.c...
compiling stm32f4xx_adc.c...
compiling stm32f4xx_crc.c...
compiling stm32f4xx_cryp.c...
compiling stm32f4xx_can.c...
compiling stm32f4xx_cryp_aes.c...
compiling stm32f4xx_dbgmcu.c...
compiling stm32f4xx_dac.c...
compiling stm32f4xx_exti.c...
compiling stm32f4xx_dcmi.c...
compiling stm32f4xx_dma2d.c...
compiling stm32f4xx_cryp_tdes.c...
compiling stm32f4xx_dma.c...
compiling stm32f4xx_hash_sha1.c...
compiling stm32f4xx_gpio.c...
compiling stm32f4xx_hash_md5.c...
compiling stm32f4xx_flash_ramfunc.c...
compiling stm32f4xx_flash.c...
compiling stm32f4xx_fmc.c...
compiling stm32f4xx_hash.c...
compiling stm32f4xx_iwdg.c...
compiling stm32f4xx_rng.c...
compiling stm32f4xx_i2c.c...
compiling stm32f4xx_ltdc.c...
compiling stm32f4xx_rcc.c...
compiling stm32f4xx_rtc.c...
compiling stm32f4xx_pwr.c...
compiling stm32f4xx_sai.c...
compiling stm32f4xx_syscfg.c...
compiling stm32f4xx_spi.c...
compiling stm32f4xx_sdio.c...
compiling stm32f4xx_usart.c...
compiling stm32f4xx_wwdg.c...
compiling stm32f4xx_tim.c...
compiling gpio.c...
compiling imu.c...
compiling sys.c...
compiling delay.c...
compiling imu_data_decode.c...
compiling uart6.c...
compiling can1.c...
compiling uart1.c...
compiling packet.c...
compiling SCS.C...
compiling SMS_STS.c...
compiling pwm.c...
compiling lib_ascii.c...
compiling can2.c...
compiling pstwo.c...
compiling lib_math.c...
compiling uart3.c...
..\HARDWARE\uart3.c(198): warning:  #177-D: variable "motor_count"  was declared but never referenced
  										uint8_t motor_count = rx_buffer[5];        // 所控制的电机数量
..\HARDWARE\uart3.c: 1 warning, 0 errors
compiling lib_mem.c...
assembling lib_mem_a.asm...
compiling SCSerail.c...
compiling lib_str.c...
assembling cpu_a.asm...
compiling bsp.c...
assembling os_cpu_a.asm...
compiling cpu_c.c...
compiling cpu_core.c...
compiling os_cfg_app.c...
compiling gimbal_min_task.c...
compiling os_dbg.c...
compiling os_core.c...
compiling os_int.c...
compiling os_msg.c...
compiling os_mem.c...
compiling os_flag.c...
compiling os_pend_multi.c...
compiling os_mutex.c...
compiling os_prio.c...
compiling os_stat.c...
compiling os_sem.c...
compiling os_q.c...
compiling os_time.c...
compiling os_tick.c...
compiling os_task.c...
compiling os_cpu_c.c...
compiling os_var.c...
compiling os_app_hooks.c...
compiling os_tmr.c...
linking...
Program Size: Code=29244 RO-data=1500 RW-data=808 ZI-data=15296  
".\Objects\Template.axf" - 0 Error(s), 3 Warning(s).

<h2>Software Packages used:</h2>

Package Vendor: Keil
                https://www.keil.com/pack/Keil.STM32F4xx_DFP.2.17.1.pack
                Keil.STM32F4xx_DFP.2.17.1
                STMicroelectronics STM32F4 Series Device Support, Drivers and Examples

<h2>Collection of Component include folders:</h2>
  C:\Users\LG\AppData\Local\Arm\Packs\Keil\STM32F4xx_DFP\2.17.1\Drivers\CMSIS\Device\ST\STM32F4xx\Include

<h2>Collection of Component Files used:</h2>
Build Time Elapsed:  00:00:09
</pre>
</body>
</html>
